[2025-10-03T07:10:13.833+0000] {local_task_job_runner.py:123} INFO - ::group::Pre task execution logs
[2025-10-03T07:10:13.910+0000] {taskinstance.py:2612} INFO - Dependencies all met for dep_context=non-requeueable deps ti=<TaskInstance: Chaos_Node_DAG.taskA scheduled__2025-01-10T00:00:00+00:00 [queued]>
[2025-10-03T07:10:13.939+0000] {taskinstance.py:2612} INFO - Dependencies all met for dep_context=requeueable deps ti=<TaskInstance: Chaos_Node_DAG.taskA scheduled__2025-01-10T00:00:00+00:00 [queued]>
[2025-10-03T07:10:13.939+0000] {taskinstance.py:2865} INFO - Starting attempt 1 of 1
[2025-10-03T07:10:14.028+0000] {taskinstance.py:2888} INFO - Executing <Task(DockerOperator): taskA> on 2025-01-10 00:00:00+00:00
[2025-10-03T07:10:14.050+0000] {standard_task_runner.py:72} INFO - Started process 58 to run task
[2025-10-03T07:10:14.104+0000] {standard_task_runner.py:104} INFO - Running: ['***', 'tasks', 'run', 'Chaos_Node_DAG', 'taskA', 'scheduled__2025-01-10T00:00:00+00:00', '--job-id', '351', '--raw', '--subdir', 'DAGS_FOLDER/dag_factory.py', '--cfg-path', '/tmp/tmpltsp_zcu']
[2025-10-03T07:10:14.109+0000] {standard_task_runner.py:105} INFO - Job 351: Subtask taskA
[2025-10-03T07:10:11.985+0000] {task_command.py:467} INFO - Running <TaskInstance: Chaos_Node_DAG.taskA scheduled__2025-01-10T00:00:00+00:00 [running]> on host BNXL-80508-WL.India.XoriantCorp.com
[2025-10-03T07:10:12.730+0000] {taskinstance.py:3131} INFO - Exporting env vars: AIRFLOW_CTX_DAG_OWNER='***' AIRFLOW_CTX_DAG_ID='Chaos_Node_DAG' AIRFLOW_CTX_TASK_ID='taskA' AIRFLOW_CTX_EXECUTION_DATE='2025-01-10T00:00:00+00:00' AIRFLOW_CTX_TRY_NUMBER='1' AIRFLOW_CTX_DAG_RUN_ID='scheduled__2025-01-10T00:00:00+00:00'
[2025-10-03T07:10:12.732+0000] {taskinstance.py:731} INFO - ::endgroup::
[2025-10-03T07:10:13.167+0000] {docker.py:367} INFO - Starting docker container from image ***_chaos:latest
[2025-10-03T07:10:15.262+0000] {docker.py:438} INFO - The container is run as root user. For security, consider using a regular user account.
[2025-10-03T07:10:42.454+0000] {docker.py:438} INFO - 
[2025-10-03T07:10:43.989+0000] {docker.py:438} INFO - [32m[2025-10-03 07:10:43 INFO] Validating the experiment's syntax
[2025-10-03T07:10:44.970+0000] {docker.py:438} INFO - [32m[2025-10-03 07:10:44 INFO] Experiment looks valid
[2025-10-03T07:10:44.971+0000] {docker.py:438} INFO - [32m[2025-10-03 07:10:44 INFO] Running experiment: Continuous Container Restart Experiment
[2025-10-03T07:10:44.977+0000] {docker.py:438} INFO - [32m[2025-10-03 07:10:44 INFO] Steady-state strategy: default
[2025-10-03T07:10:44.978+0000] {docker.py:438} INFO - [32m[2025-10-03 07:10:44 INFO] Rollbacks strategy: default
[2025-10-03T07:10:44.979+0000] {docker.py:438} INFO - [32m[2025-10-03 07:10:44 INFO] No steady state hypothesis defined. That's ok, just exploring.
[2025-10-03T07:10:44.979+0000] {docker.py:438} INFO - [32m[2025-10-03 07:10:44 INFO] Playing your experiment's method now...
[2025-10-03T07:10:44.980+0000] {docker.py:438} INFO - [32m[2025-10-03 07:10:44 INFO] Action: continuous-container-restart
[2025-10-03T07:11:13.835+0000] {docker.py:438} INFO - 🚀 [DEBUG] Entered restart_containers_continuous()
[2025-10-03T07:11:13.837+0000] {docker.py:438} INFO -    Params => label_selector=app=compose-post-service, interval=5, duration=400, ns=default, container_name=compose-post-service
[2025-10-03T07:11:13.838+0000] {docker.py:438} INFO - 
[2025-10-03T07:11:13.838+0000] {docker.py:438} INFO - ============================================================
[2025-10-03T07:11:13.839+0000] {docker.py:438} INFO - 🔄 [DEBUG] Container Restart Cycle #1 at 2025-10-03 07:10:44
[2025-10-03T07:11:13.839+0000] {docker.py:438} INFO - ============================================================
[2025-10-03T07:11:13.840+0000] {docker.py:438} INFO - 🔄 [DEBUG] Entered restart_containers()
[2025-10-03T07:11:13.840+0000] {docker.py:438} INFO -    Params => label_selector=app=compose-post-service, name_pattern=None, qty=2, rand=True, mode=fixed, ns=default, order=alphabetic, container_name=compose-post-service, restart_command=None
[2025-10-03T07:11:13.840+0000] {docker.py:438} INFO - 🔑 [DEBUG] Kubernetes API client created
[2025-10-03T07:11:13.841+0000] {docker.py:438} INFO - 🔍 [DEBUG] Selecting pods now...
[2025-10-03T07:11:13.841+0000] {docker.py:438} INFO - 🔍 [DEBUG] Entered _select_pods()
[2025-10-03T07:11:13.841+0000] {docker.py:438} INFO -    Params => label_selector=app=compose-post-service, name_pattern=None, all=False, rand=True, mode=fixed, qty=2, ns=default, order=alphabetic
[2025-10-03T07:11:13.842+0000] {docker.py:438} INFO -    [DEBUG] Listing pods with label_selector=app=compose-post-service
[2025-10-03T07:11:13.842+0000] {docker.py:438} INFO - 📋 [DEBUG] Found 1 pods initially
[2025-10-03T07:11:13.842+0000] {docker.py:438} INFO - 🎲 [DEBUG] Random selection chosen: 1 pods
[2025-10-03T07:11:13.842+0000] {docker.py:438} INFO - ✅ [DEBUG] Selected pods: ['compose-post-service-679d78b75c-hbl79']
[2025-10-03T07:11:13.843+0000] {docker.py:438} INFO - 📋 [DEBUG] Pods selected: 1
[2025-10-03T07:11:13.844+0000] {docker.py:438} INFO - 
[2025-10-03T07:11:13.844+0000] {docker.py:438} INFO - 🎯 [DEBUG] Processing pod: compose-post-service-679d78b75c-hbl79
[2025-10-03T07:11:13.845+0000] {docker.py:438} INFO - 📦 [DEBUG] Using provided container: compose-post-service
[2025-10-03T07:11:13.845+0000] {docker.py:438} INFO - 🔍 [DEBUG] _get_restart_count() called for pod=compose-post-service-679d78b75c-hbl79, ns=default, container=compose-post-service
[2025-10-03T07:11:13.846+0000] {docker.py:438} INFO -    [DEBUG] Found 1 container_status entries
[2025-10-03T07:11:13.846+0000] {docker.py:438} INFO -    [DEBUG] container: compose-post-service, restart_count: 141
[2025-10-03T07:11:13.846+0000] {docker.py:438} INFO -    ✅ [DEBUG] Matched container compose-post-service, restart_count=141
[2025-10-03T07:11:13.847+0000] {docker.py:438} INFO - 📊 [DEBUG] Restart count before action: 141
[2025-10-03T07:11:13.847+0000] {docker.py:438} INFO - 🔧 [DEBUG] Restart strategies to try: [['sh', '-c', 'kill -INT 1'], ['sh', '-c', 'kill -2 1'], ['sh', '-c', 'kill -TERM 1'], ['sh', '-c', 'kill -9 1']]
[2025-10-03T07:11:13.848+0000] {docker.py:438} INFO - ➡️ [DEBUG] Trying restart strategy #1: sh -c kill -INT 1
[2025-10-03T07:11:13.848+0000] {docker.py:438} INFO -    [DEBUG] Exec stream opened successfully, running command...
[2025-10-03T07:11:13.849+0000] {docker.py:438} INFO -    [DEBUG] run_forever returned/finished
[2025-10-03T07:11:13.849+0000] {docker.py:438} INFO -    📤 [DEBUG] STDOUT (truncated): 
[2025-10-03T07:11:13.849+0000] {docker.py:438} INFO -    📤 [DEBUG] STDERR (truncated): 
[2025-10-03T07:11:13.850+0000] {docker.py:438} INFO -    📤 [DEBUG] CTRL_ERR: {"metadata":{},"status":"Success"}
[2025-10-03T07:11:13.850+0000] {docker.py:438} INFO -    ⏳ [DEBUG] Waiting up to 60s for restart count to increment...
[2025-10-03T07:11:13.850+0000] {docker.py:438} INFO - 🔍 [DEBUG] _get_restart_count() called for pod=compose-post-service-679d78b75c-hbl79, ns=default, container=compose-post-service
[2025-10-03T07:11:13.851+0000] {docker.py:438} INFO -    [DEBUG] Found 1 container_status entries
[2025-10-03T07:11:13.851+0000] {docker.py:438} INFO -    [DEBUG] container: compose-post-service, restart_count: 141
[2025-10-03T07:11:13.851+0000] {docker.py:438} INFO -    ✅ [DEBUG] Matched container compose-post-service, restart_count=141
[2025-10-03T07:11:13.852+0000] {docker.py:438} INFO -    [DEBUG] Polled restart count: 141 (before was 141)
[2025-10-03T07:11:13.852+0000] {docker.py:438} INFO - 🔍 [DEBUG] _get_restart_count() called for pod=compose-post-service-679d78b75c-hbl79, ns=default, container=compose-post-service
[2025-10-03T07:11:13.852+0000] {docker.py:438} INFO -    [DEBUG] Found 1 container_status entries
[2025-10-03T07:11:13.853+0000] {docker.py:438} INFO -    [DEBUG] container: compose-post-service, restart_count: 142
[2025-10-03T07:11:13.853+0000] {docker.py:438} INFO -    ✅ [DEBUG] Matched container compose-post-service, restart_count=142
[2025-10-03T07:11:13.853+0000] {docker.py:438} INFO -    [DEBUG] Polled restart count: 142 (before was 141)
[2025-10-03T07:11:13.854+0000] {docker.py:438} INFO -    ✅ [DEBUG] Restart observed: 141 -> 142
[2025-10-03T07:11:13.854+0000] {docker.py:438} INFO -    🎉 [DEBUG] Restart verified, breaking out of strategies loop
[2025-10-03T07:11:13.854+0000] {docker.py:438} INFO - 🔍 [DEBUG] _get_restart_count() called for pod=compose-post-service-679d78b75c-hbl79, ns=default, container=compose-post-service
[2025-10-03T07:11:13.854+0000] {docker.py:438} INFO -    [DEBUG] Found 1 container_status entries
[2025-10-03T07:11:13.855+0000] {docker.py:438} INFO -    [DEBUG] container: compose-post-service, restart_count: 142
[2025-10-03T07:11:13.855+0000] {docker.py:438} INFO -    ✅ [DEBUG] Matched container compose-post-service, restart_count=142
[2025-10-03T07:11:13.855+0000] {docker.py:438} INFO - ✅ [DEBUG] Restart recorded for compose-post-service-679d78b75c-hbl79: 141 -> 142
[2025-10-03T07:11:13.856+0000] {docker.py:438} INFO - 
[2025-10-03T07:11:13.856+0000] {docker.py:438} INFO - 🏁 [DEBUG] restart_containers() finished. Processed 1 pods
[2025-10-03T07:11:13.856+0000] {docker.py:438} INFO -    [DEBUG] restart_containers returned 1 entries
[2025-10-03T07:11:13.856+0000] {docker.py:438} INFO - ✅ [DEBUG] Successfully restarted this cycle: 1
[2025-10-03T07:11:13.857+0000] {docker.py:438} INFO -    📦 [DEBUG] compose-post-service-679d78b75c-hbl79: restart_verified
[2025-10-03T07:11:13.857+0000] {docker.py:438} INFO - ⏳ [DEBUG] Waiting 5 seconds until next cycle. Time remaining: 392s
[2025-10-03T07:11:13.857+0000] {docker.py:438} INFO - 
[2025-10-03T07:11:13.857+0000] {docker.py:438} INFO - ============================================================
[2025-10-03T07:11:13.858+0000] {docker.py:438} INFO - 🔄 [DEBUG] Container Restart Cycle #2 at 2025-10-03 07:10:57
[2025-10-03T07:11:13.858+0000] {docker.py:438} INFO - ============================================================
[2025-10-03T07:11:13.858+0000] {docker.py:438} INFO - 🔄 [DEBUG] Entered restart_containers()
[2025-10-03T07:11:13.859+0000] {docker.py:438} INFO -    Params => label_selector=app=compose-post-service, name_pattern=None, qty=2, rand=True, mode=fixed, ns=default, order=alphabetic, container_name=compose-post-service, restart_command=None
[2025-10-03T07:11:13.859+0000] {docker.py:438} INFO - 🔑 [DEBUG] Kubernetes API client created
[2025-10-03T07:11:13.860+0000] {docker.py:438} INFO - 🔍 [DEBUG] Selecting pods now...
[2025-10-03T07:11:13.863+0000] {docker.py:438} INFO - 🔍 [DEBUG] Entered _select_pods()
[2025-10-03T07:11:13.863+0000] {docker.py:438} INFO -    Params => label_selector=app=compose-post-service, name_pattern=None, all=False, rand=True, mode=fixed, qty=2, ns=default, order=alphabetic
[2025-10-03T07:11:13.864+0000] {docker.py:438} INFO -    [DEBUG] Listing pods with label_selector=app=compose-post-service
[2025-10-03T07:11:13.865+0000] {docker.py:438} INFO - 📋 [DEBUG] Found 1 pods initially
[2025-10-03T07:11:13.867+0000] {docker.py:438} INFO - 🎲 [DEBUG] Random selection chosen: 1 pods
[2025-10-03T07:11:13.868+0000] {docker.py:438} INFO - ✅ [DEBUG] Selected pods: ['compose-post-service-679d78b75c-hbl79']
[2025-10-03T07:11:13.868+0000] {docker.py:438} INFO - 📋 [DEBUG] Pods selected: 1
[2025-10-03T07:11:13.868+0000] {docker.py:438} INFO - 
[2025-10-03T07:11:13.868+0000] {docker.py:438} INFO - 🎯 [DEBUG] Processing pod: compose-post-service-679d78b75c-hbl79
[2025-10-03T07:11:13.869+0000] {docker.py:438} INFO - 📦 [DEBUG] Using provided container: compose-post-service
[2025-10-03T07:11:13.869+0000] {docker.py:438} INFO - 🔍 [DEBUG] _get_restart_count() called for pod=compose-post-service-679d78b75c-hbl79, ns=default, container=compose-post-service
[2025-10-03T07:11:13.869+0000] {docker.py:438} INFO -    [DEBUG] Found 1 container_status entries
[2025-10-03T07:11:13.870+0000] {docker.py:438} INFO -    [DEBUG] container: compose-post-service, restart_count: 142
[2025-10-03T07:11:13.870+0000] {docker.py:438} INFO -    ✅ [DEBUG] Matched container compose-post-service, restart_count=142
[2025-10-03T07:11:13.870+0000] {docker.py:438} INFO - 📊 [DEBUG] Restart count before action: 142
[2025-10-03T07:11:13.871+0000] {docker.py:438} INFO - 🔧 [DEBUG] Restart strategies to try: [['sh', '-c', 'kill -INT 1'], ['sh', '-c', 'kill -2 1'], ['sh', '-c', 'kill -TERM 1'], ['sh', '-c', 'kill -9 1']]
[2025-10-03T07:11:13.871+0000] {docker.py:438} INFO - ➡️ [DEBUG] Trying restart strategy #1: sh -c kill -INT 1
[2025-10-03T07:11:13.872+0000] {docker.py:438} INFO -    [DEBUG] Exec stream opened successfully, running command...
[2025-10-03T07:11:13.872+0000] {docker.py:438} INFO -    [DEBUG] run_forever returned/finished
[2025-10-03T07:11:13.872+0000] {docker.py:438} INFO -    📤 [DEBUG] STDOUT (truncated): 
[2025-10-03T07:11:13.873+0000] {docker.py:438} INFO -    📤 [DEBUG] STDERR (truncated): 
[2025-10-03T07:11:13.873+0000] {docker.py:438} INFO -    📤 [DEBUG] CTRL_ERR: {"metadata":{},"status":"Success"}
[2025-10-03T07:11:13.873+0000] {docker.py:438} INFO -    ⏳ [DEBUG] Waiting up to 60s for restart count to increment...
[2025-10-03T07:11:13.874+0000] {docker.py:438} INFO - 🔍 [DEBUG] _get_restart_count() called for pod=compose-post-service-679d78b75c-hbl79, ns=default, container=compose-post-service
[2025-10-03T07:11:13.874+0000] {docker.py:438} INFO -    [DEBUG] Found 1 container_status entries
[2025-10-03T07:11:13.874+0000] {docker.py:438} INFO -    [DEBUG] container: compose-post-service, restart_count: 142
[2025-10-03T07:11:13.874+0000] {docker.py:438} INFO -    ✅ [DEBUG] Matched container compose-post-service, restart_count=142
[2025-10-03T07:11:13.875+0000] {docker.py:438} INFO -    [DEBUG] Polled restart count: 142 (before was 142)
[2025-10-03T07:11:13.875+0000] {docker.py:438} INFO - 🔍 [DEBUG] _get_restart_count() called for pod=compose-post-service-679d78b75c-hbl79, ns=default, container=compose-post-service
[2025-10-03T07:11:13.876+0000] {docker.py:438} INFO -    [DEBUG] Found 1 container_status entries
[2025-10-03T07:11:13.876+0000] {docker.py:438} INFO -    [DEBUG] container: compose-post-service, restart_count: 142
[2025-10-03T07:11:13.877+0000] {docker.py:438} INFO -    ✅ [DEBUG] Matched container compose-post-service, restart_count=142
[2025-10-03T07:11:13.878+0000] {docker.py:438} INFO -    [DEBUG] Polled restart count: 142 (before was 142)
[2025-10-03T07:11:13.878+0000] {docker.py:438} INFO - 🔍 [DEBUG] _get_restart_count() called for pod=compose-post-service-679d78b75c-hbl79, ns=default, container=compose-post-service
[2025-10-03T07:11:13.880+0000] {docker.py:438} INFO -    [DEBUG] Found 1 container_status entries
[2025-10-03T07:11:13.880+0000] {docker.py:438} INFO -    [DEBUG] container: compose-post-service, restart_count: 142
[2025-10-03T07:11:13.881+0000] {docker.py:438} INFO -    ✅ [DEBUG] Matched container compose-post-service, restart_count=142
[2025-10-03T07:11:13.881+0000] {docker.py:438} INFO -    [DEBUG] Polled restart count: 142 (before was 142)
[2025-10-03T07:11:13.882+0000] {docker.py:438} INFO - 🔍 [DEBUG] _get_restart_count() called for pod=compose-post-service-679d78b75c-hbl79, ns=default, container=compose-post-service
[2025-10-03T07:11:13.883+0000] {docker.py:438} INFO -    [DEBUG] Found 1 container_status entries
[2025-10-03T07:11:13.883+0000] {docker.py:438} INFO -    [DEBUG] container: compose-post-service, restart_count: 142
[2025-10-03T07:11:13.884+0000] {docker.py:438} INFO -    ✅ [DEBUG] Matched container compose-post-service, restart_count=142
[2025-10-03T07:11:13.884+0000] {docker.py:438} INFO -    [DEBUG] Polled restart count: 142 (before was 142)
[2025-10-03T07:11:13.885+0000] {docker.py:438} INFO - 🔍 [DEBUG] _get_restart_count() called for pod=compose-post-service-679d78b75c-hbl79, ns=default, container=compose-post-service
[2025-10-03T07:11:13.885+0000] {docker.py:438} INFO -    [DEBUG] Found 1 container_status entries
[2025-10-03T07:11:13.885+0000] {docker.py:438} INFO -    [DEBUG] container: compose-post-service, restart_count: 142
[2025-10-03T07:11:13.886+0000] {docker.py:438} INFO -    ✅ [DEBUG] Matched container compose-post-service, restart_count=142
[2025-10-03T07:11:13.886+0000] {docker.py:438} INFO -    [DEBUG] Polled restart count: 142 (before was 142)
[2025-10-03T07:11:13.887+0000] {docker.py:438} INFO - 🔍 [DEBUG] _get_restart_count() called for pod=compose-post-service-679d78b75c-hbl79, ns=default, container=compose-post-service
[2025-10-03T07:11:13.887+0000] {docker.py:438} INFO -    [DEBUG] Found 1 container_status entries
[2025-10-03T07:11:13.887+0000] {docker.py:438} INFO -    [DEBUG] container: compose-post-service, restart_count: 142
[2025-10-03T07:11:13.888+0000] {docker.py:438} INFO -    ✅ [DEBUG] Matched container compose-post-service, restart_count=142
[2025-10-03T07:11:13.888+0000] {docker.py:438} INFO -    [DEBUG] Polled restart count: 142 (before was 142)
[2025-10-03T07:11:13.888+0000] {docker.py:438} INFO - 🔍 [DEBUG] _get_restart_count() called for pod=compose-post-service-679d78b75c-hbl79, ns=default, container=compose-post-service
[2025-10-03T07:11:13.889+0000] {docker.py:438} INFO -    [DEBUG] Found 1 container_status entries
[2025-10-03T07:11:13.889+0000] {docker.py:438} INFO -    [DEBUG] container: compose-post-service, restart_count: 143
[2025-10-03T07:11:13.889+0000] {docker.py:438} INFO -    ✅ [DEBUG] Matched container compose-post-service, restart_count=143
[2025-10-03T07:11:13.890+0000] {docker.py:438} INFO -    [DEBUG] Polled restart count: 143 (before was 142)
[2025-10-03T07:11:13.890+0000] {docker.py:438} INFO -    ✅ [DEBUG] Restart observed: 142 -> 143
[2025-10-03T07:11:13.890+0000] {docker.py:438} INFO -    🎉 [DEBUG] Restart verified, breaking out of strategies loop
[2025-10-03T07:11:55.578+0000] {docker.py:438} INFO - 🔍 [DEBUG] _get_restart_count() called for pod=compose-post-service-679d78b75c-hbl79, ns=default, container=compose-post-service
[2025-10-03T07:11:55.579+0000] {docker.py:438} INFO -    [DEBUG] Found 1 container_status entries
[2025-10-03T07:11:55.579+0000] {docker.py:438} INFO -    [DEBUG] container: compose-post-service, restart_count: 143
[2025-10-03T07:11:55.579+0000] {docker.py:438} INFO -    ✅ [DEBUG] Matched container compose-post-service, restart_count=143
[2025-10-03T07:11:55.580+0000] {docker.py:438} INFO - ✅ [DEBUG] Restart recorded for compose-post-service-679d78b75c-hbl79: 142 -> 143
[2025-10-03T07:11:55.580+0000] {docker.py:438} INFO - 
[2025-10-03T07:11:55.580+0000] {docker.py:438} INFO - 🏁 [DEBUG] restart_containers() finished. Processed 1 pods
[2025-10-03T07:11:55.580+0000] {docker.py:438} INFO -    [DEBUG] restart_containers returned 1 entries
[2025-10-03T07:11:55.580+0000] {docker.py:438} INFO - ✅ [DEBUG] Successfully restarted this cycle: 1
[2025-10-03T07:11:55.581+0000] {docker.py:438} INFO -    📦 [DEBUG] compose-post-service-679d78b75c-hbl79: restart_verified
[2025-10-03T07:11:55.581+0000] {docker.py:438} INFO - ⏳ [DEBUG] Waiting 5 seconds until next cycle. Time remaining: 371s
[2025-10-03T07:11:55.581+0000] {docker.py:438} INFO - 
[2025-10-03T07:11:55.581+0000] {docker.py:438} INFO - ============================================================
[2025-10-03T07:11:55.582+0000] {docker.py:438} INFO - 🔄 [DEBUG] Container Restart Cycle #3 at 2025-10-03 07:11:19
[2025-10-03T07:11:55.582+0000] {docker.py:438} INFO - ============================================================
[2025-10-03T07:11:55.582+0000] {docker.py:438} INFO - 🔄 [DEBUG] Entered restart_containers()
[2025-10-03T07:11:55.582+0000] {docker.py:438} INFO -    Params => label_selector=app=compose-post-service, name_pattern=None, qty=2, rand=True, mode=fixed, ns=default, order=alphabetic, container_name=compose-post-service, restart_command=None
[2025-10-03T07:11:55.583+0000] {docker.py:438} INFO - 🔑 [DEBUG] Kubernetes API client created
[2025-10-03T07:11:55.583+0000] {docker.py:438} INFO - 🔍 [DEBUG] Selecting pods now...
[2025-10-03T07:11:55.583+0000] {docker.py:438} INFO - 🔍 [DEBUG] Entered _select_pods()
[2025-10-03T07:11:55.584+0000] {docker.py:438} INFO -    Params => label_selector=app=compose-post-service, name_pattern=None, all=False, rand=True, mode=fixed, qty=2, ns=default, order=alphabetic
[2025-10-03T07:11:55.584+0000] {docker.py:438} INFO -    [DEBUG] Listing pods with label_selector=app=compose-post-service
[2025-10-03T07:11:55.584+0000] {docker.py:438} INFO - 📋 [DEBUG] Found 1 pods initially
[2025-10-03T07:11:55.585+0000] {docker.py:438} INFO - 🎲 [DEBUG] Random selection chosen: 1 pods
[2025-10-03T07:11:55.585+0000] {docker.py:438} INFO - ✅ [DEBUG] Selected pods: ['compose-post-service-679d78b75c-hbl79']
[2025-10-03T07:11:55.585+0000] {docker.py:438} INFO - 📋 [DEBUG] Pods selected: 1
[2025-10-03T07:11:55.585+0000] {docker.py:438} INFO - 
[2025-10-03T07:11:55.586+0000] {docker.py:438} INFO - 🎯 [DEBUG] Processing pod: compose-post-service-679d78b75c-hbl79
[2025-10-03T07:11:55.586+0000] {docker.py:438} INFO - 📦 [DEBUG] Using provided container: compose-post-service
[2025-10-03T07:11:55.586+0000] {docker.py:438} INFO - 🔍 [DEBUG] _get_restart_count() called for pod=compose-post-service-679d78b75c-hbl79, ns=default, container=compose-post-service
[2025-10-03T07:11:55.586+0000] {docker.py:438} INFO -    [DEBUG] Found 1 container_status entries
[2025-10-03T07:11:55.587+0000] {docker.py:438} INFO -    [DEBUG] container: compose-post-service, restart_count: 143
[2025-10-03T07:11:55.587+0000] {docker.py:438} INFO -    ✅ [DEBUG] Matched container compose-post-service, restart_count=143
[2025-10-03T07:11:55.587+0000] {docker.py:438} INFO - 📊 [DEBUG] Restart count before action: 143
[2025-10-03T07:11:55.587+0000] {docker.py:438} INFO - 🔧 [DEBUG] Restart strategies to try: [['sh', '-c', 'kill -INT 1'], ['sh', '-c', 'kill -2 1'], ['sh', '-c', 'kill -TERM 1'], ['sh', '-c', 'kill -9 1']]
[2025-10-03T07:11:55.588+0000] {docker.py:438} INFO - ➡️ [DEBUG] Trying restart strategy #1: sh -c kill -INT 1
[2025-10-03T07:11:55.588+0000] {docker.py:438} INFO -    [DEBUG] Exec stream opened successfully, running command...
[2025-10-03T07:11:55.588+0000] {docker.py:438} INFO -    [DEBUG] run_forever returned/finished
[2025-10-03T07:11:55.588+0000] {docker.py:438} INFO -    📤 [DEBUG] STDOUT (truncated): 
[2025-10-03T07:11:55.588+0000] {docker.py:438} INFO -    📤 [DEBUG] STDERR (truncated): 
[2025-10-03T07:11:55.589+0000] {docker.py:438} INFO -    📤 [DEBUG] CTRL_ERR: {"metadata":{},"status":"Success"}
[2025-10-03T07:11:55.589+0000] {docker.py:438} INFO -    ⏳ [DEBUG] Waiting up to 60s for restart count to increment...
[2025-10-03T07:11:55.589+0000] {docker.py:438} INFO - 🔍 [DEBUG] _get_restart_count() called for pod=compose-post-service-679d78b75c-hbl79, ns=default, container=compose-post-service
[2025-10-03T07:11:55.589+0000] {docker.py:438} INFO -    [DEBUG] Found 1 container_status entries
[2025-10-03T07:11:55.590+0000] {docker.py:438} INFO -    [DEBUG] container: compose-post-service, restart_count: 143
[2025-10-03T07:11:55.590+0000] {docker.py:438} INFO -    ✅ [DEBUG] Matched container compose-post-service, restart_count=143
[2025-10-03T07:11:55.590+0000] {docker.py:438} INFO -    [DEBUG] Polled restart count: 143 (before was 143)
[2025-10-03T07:11:55.590+0000] {docker.py:438} INFO - 🔍 [DEBUG] _get_restart_count() called for pod=compose-post-service-679d78b75c-hbl79, ns=default, container=compose-post-service
[2025-10-03T07:11:55.590+0000] {docker.py:438} INFO -    [DEBUG] Found 1 container_status entries
[2025-10-03T07:11:55.591+0000] {docker.py:438} INFO -    [DEBUG] container: compose-post-service, restart_count: 143
[2025-10-03T07:11:55.591+0000] {docker.py:438} INFO -    ✅ [DEBUG] Matched container compose-post-service, restart_count=143
[2025-10-03T07:11:55.591+0000] {docker.py:438} INFO -    [DEBUG] Polled restart count: 143 (before was 143)
[2025-10-03T07:11:55.591+0000] {docker.py:438} INFO - 🔍 [DEBUG] _get_restart_count() called for pod=compose-post-service-679d78b75c-hbl79, ns=default, container=compose-post-service
[2025-10-03T07:11:55.591+0000] {docker.py:438} INFO -    [DEBUG] Found 1 container_status entries
[2025-10-03T07:11:55.592+0000] {docker.py:438} INFO -    [DEBUG] container: compose-post-service, restart_count: 143
[2025-10-03T07:11:55.592+0000] {docker.py:438} INFO -    ✅ [DEBUG] Matched container compose-post-service, restart_count=143
[2025-10-03T07:11:55.592+0000] {docker.py:438} INFO -    [DEBUG] Polled restart count: 143 (before was 143)
[2025-10-03T07:11:55.592+0000] {docker.py:438} INFO - 🔍 [DEBUG] _get_restart_count() called for pod=compose-post-service-679d78b75c-hbl79, ns=default, container=compose-post-service
[2025-10-03T07:11:55.592+0000] {docker.py:438} INFO -    [DEBUG] Found 1 container_status entries
[2025-10-03T07:11:55.593+0000] {docker.py:438} INFO -    [DEBUG] container: compose-post-service, restart_count: 143
[2025-10-03T07:11:55.593+0000] {docker.py:438} INFO -    ✅ [DEBUG] Matched container compose-post-service, restart_count=143
[2025-10-03T07:11:55.593+0000] {docker.py:438} INFO -    [DEBUG] Polled restart count: 143 (before was 143)
[2025-10-03T07:11:55.593+0000] {docker.py:438} INFO - 🔍 [DEBUG] _get_restart_count() called for pod=compose-post-service-679d78b75c-hbl79, ns=default, container=compose-post-service
[2025-10-03T07:11:55.594+0000] {docker.py:438} INFO -    [DEBUG] Found 1 container_status entries
[2025-10-03T07:11:55.594+0000] {docker.py:438} INFO -    [DEBUG] container: compose-post-service, restart_count: 143
[2025-10-03T07:11:55.594+0000] {docker.py:438} INFO -    ✅ [DEBUG] Matched container compose-post-service, restart_count=143
[2025-10-03T07:11:55.594+0000] {docker.py:438} INFO -    [DEBUG] Polled restart count: 143 (before was 143)
[2025-10-03T07:11:55.594+0000] {docker.py:438} INFO - 🔍 [DEBUG] _get_restart_count() called for pod=compose-post-service-679d78b75c-hbl79, ns=default, container=compose-post-service
[2025-10-03T07:11:55.595+0000] {docker.py:438} INFO -    [DEBUG] Found 1 container_status entries
[2025-10-03T07:11:55.595+0000] {docker.py:438} INFO -    [DEBUG] container: compose-post-service, restart_count: 143
[2025-10-03T07:11:55.595+0000] {docker.py:438} INFO -    ✅ [DEBUG] Matched container compose-post-service, restart_count=143
[2025-10-03T07:11:55.595+0000] {docker.py:438} INFO -    [DEBUG] Polled restart count: 143 (before was 143)
[2025-10-03T07:11:55.596+0000] {docker.py:438} INFO - 🔍 [DEBUG] _get_restart_count() called for pod=compose-post-service-679d78b75c-hbl79, ns=default, container=compose-post-service
[2025-10-03T07:11:55.596+0000] {docker.py:438} INFO -    [DEBUG] Found 1 container_status entries
[2025-10-03T07:11:55.596+0000] {docker.py:438} INFO -    [DEBUG] container: compose-post-service, restart_count: 143
[2025-10-03T07:11:55.596+0000] {docker.py:438} INFO -    ✅ [DEBUG] Matched container compose-post-service, restart_count=143
[2025-10-03T07:11:55.597+0000] {docker.py:438} INFO -    [DEBUG] Polled restart count: 143 (before was 143)
[2025-10-03T07:11:55.597+0000] {docker.py:438} INFO - 🔍 [DEBUG] _get_restart_count() called for pod=compose-post-service-679d78b75c-hbl79, ns=default, container=compose-post-service
[2025-10-03T07:11:55.597+0000] {docker.py:438} INFO -    [DEBUG] Found 1 container_status entries
[2025-10-03T07:11:55.598+0000] {docker.py:438} INFO -    [DEBUG] container: compose-post-service, restart_count: 143
[2025-10-03T07:11:55.598+0000] {docker.py:438} INFO -    ✅ [DEBUG] Matched container compose-post-service, restart_count=143
[2025-10-03T07:11:55.598+0000] {docker.py:438} INFO -    [DEBUG] Polled restart count: 143 (before was 143)
[2025-10-03T07:11:55.599+0000] {docker.py:438} INFO - 🔍 [DEBUG] _get_restart_count() called for pod=compose-post-service-679d78b75c-hbl79, ns=default, container=compose-post-service
[2025-10-03T07:11:55.599+0000] {docker.py:438} INFO -    [DEBUG] Found 1 container_status entries
[2025-10-03T07:11:55.599+0000] {docker.py:438} INFO -    [DEBUG] container: compose-post-service, restart_count: 143
[2025-10-03T07:11:55.599+0000] {docker.py:438} INFO -    ✅ [DEBUG] Matched container compose-post-service, restart_count=143
[2025-10-03T07:11:55.599+0000] {docker.py:438} INFO -    [DEBUG] Polled restart count: 143 (before was 143)
[2025-10-03T07:11:55.600+0000] {docker.py:438} INFO - 🔍 [DEBUG] _get_restart_count() called for pod=compose-post-service-679d78b75c-hbl79, ns=default, container=compose-post-service
[2025-10-03T07:11:55.600+0000] {docker.py:438} INFO -    [DEBUG] Found 1 container_status entries
[2025-10-03T07:11:55.600+0000] {docker.py:438} INFO -    [DEBUG] container: compose-post-service, restart_count: 143
[2025-10-03T07:11:55.601+0000] {docker.py:438} INFO -    ✅ [DEBUG] Matched container compose-post-service, restart_count=143
[2025-10-03T07:11:55.601+0000] {docker.py:438} INFO -    [DEBUG] Polled restart count: 143 (before was 143)
[2025-10-03T07:11:55.601+0000] {docker.py:438} INFO - 🔍 [DEBUG] _get_restart_count() called for pod=compose-post-service-679d78b75c-hbl79, ns=default, container=compose-post-service
[2025-10-03T07:11:55.601+0000] {docker.py:438} INFO -    [DEBUG] Found 1 container_status entries
[2025-10-03T07:11:55.601+0000] {docker.py:438} INFO -    [DEBUG] container: compose-post-service, restart_count: 143
[2025-10-03T07:11:55.602+0000] {docker.py:438} INFO -    ✅ [DEBUG] Matched container compose-post-service, restart_count=143
[2025-10-03T07:11:55.602+0000] {docker.py:438} INFO -    [DEBUG] Polled restart count: 143 (before was 143)
[2025-10-03T07:11:55.602+0000] {docker.py:438} INFO - 🔍 [DEBUG] _get_restart_count() called for pod=compose-post-service-679d78b75c-hbl79, ns=default, container=compose-post-service
[2025-10-03T07:11:55.602+0000] {docker.py:438} INFO -    [DEBUG] Found 1 container_status entries
[2025-10-03T07:11:55.602+0000] {docker.py:438} INFO -    [DEBUG] container: compose-post-service, restart_count: 143
[2025-10-03T07:11:55.603+0000] {docker.py:438} INFO -    ✅ [DEBUG] Matched container compose-post-service, restart_count=143
[2025-10-03T07:11:55.603+0000] {docker.py:438} INFO -    [DEBUG] Polled restart count: 143 (before was 143)
[2025-10-03T07:11:55.603+0000] {docker.py:438} INFO - 🔍 [DEBUG] _get_restart_count() called for pod=compose-post-service-679d78b75c-hbl79, ns=default, container=compose-post-service
[2025-10-03T07:11:55.603+0000] {docker.py:438} INFO -    [DEBUG] Found 1 container_status entries
[2025-10-03T07:11:55.604+0000] {docker.py:438} INFO -    [DEBUG] container: compose-post-service, restart_count: 143
[2025-10-03T07:11:55.604+0000] {docker.py:438} INFO -    ✅ [DEBUG] Matched container compose-post-service, restart_count=143
[2025-10-03T07:11:55.604+0000] {docker.py:438} INFO -    [DEBUG] Polled restart count: 143 (before was 143)
[2025-10-03T07:11:55.604+0000] {docker.py:438} INFO - 🔍 [DEBUG] _get_restart_count() called for pod=compose-post-service-679d78b75c-hbl79, ns=default, container=compose-post-service
[2025-10-03T07:11:55.604+0000] {docker.py:438} INFO -    [DEBUG] Found 1 container_status entries
[2025-10-03T07:11:55.604+0000] {docker.py:438} INFO -    [DEBUG] container: compose-post-service, restart_count: 143
[2025-10-03T07:11:55.605+0000] {docker.py:438} INFO -    ✅ [DEBUG] Matched container compose-post-service, restart_count=143
[2025-10-03T07:11:55.605+0000] {docker.py:438} INFO -    [DEBUG] Polled restart count: 143 (before was 143)
[2025-10-03T07:11:55.605+0000] {docker.py:438} INFO - 🔍 [DEBUG] _get_restart_count() called for pod=compose-post-service-679d78b75c-hbl79, ns=default, container=compose-post-service
[2025-10-03T07:11:55.605+0000] {docker.py:438} INFO -    [DEBUG] Found 1 container_status entries
[2025-10-03T07:11:55.605+0000] {docker.py:438} INFO -    [DEBUG] container: compose-post-service, restart_count: 143
[2025-10-03T07:11:55.606+0000] {docker.py:438} INFO -    ✅ [DEBUG] Matched container compose-post-service, restart_count=143
[2025-10-03T07:11:55.606+0000] {docker.py:438} INFO -    [DEBUG] Polled restart count: 143 (before was 143)
[2025-10-03T07:11:55.606+0000] {docker.py:438} INFO - 🔍 [DEBUG] _get_restart_count() called for pod=compose-post-service-679d78b75c-hbl79, ns=default, container=compose-post-service
[2025-10-03T07:12:35.235+0000] {docker.py:438} INFO - [DEBUG] Found 1 container_status entries
[2025-10-03T07:12:35.236+0000] {docker.py:438} INFO -    [DEBUG] container: compose-post-service, restart_count: 144
[2025-10-03T07:12:35.236+0000] {docker.py:438} INFO -    ✅ [DEBUG] Matched container compose-post-service, restart_count=144
[2025-10-03T07:12:35.236+0000] {docker.py:438} INFO -    [DEBUG] Polled restart count: 144 (before was 143)
[2025-10-03T07:12:35.237+0000] {docker.py:438} INFO -    ✅ [DEBUG] Restart observed: 143 -> 144
[2025-10-03T07:12:35.237+0000] {docker.py:438} INFO -    🎉 [DEBUG] Restart verified, breaking out of strategies loop
[2025-10-03T07:12:35.237+0000] {docker.py:438} INFO - 🔍 [DEBUG] _get_restart_count() called for pod=compose-post-service-679d78b75c-hbl79, ns=default, container=compose-post-service
[2025-10-03T07:12:35.238+0000] {docker.py:438} INFO -    [DEBUG] Found 1 container_status entries
[2025-10-03T07:12:35.238+0000] {docker.py:438} INFO -    [DEBUG] container: compose-post-service, restart_count: 144
[2025-10-03T07:12:35.238+0000] {docker.py:438} INFO -    ✅ [DEBUG] Matched container compose-post-service, restart_count=144
[2025-10-03T07:12:35.239+0000] {docker.py:438} INFO - ✅ [DEBUG] Restart recorded for compose-post-service-679d78b75c-hbl79: 143 -> 144
[2025-10-03T07:12:35.239+0000] {docker.py:438} INFO - 
[2025-10-03T07:12:35.239+0000] {docker.py:438} INFO - 🏁 [DEBUG] restart_containers() finished. Processed 1 pods
[2025-10-03T07:12:35.239+0000] {docker.py:438} INFO -    [DEBUG] restart_containers returned 1 entries
[2025-10-03T07:12:35.240+0000] {docker.py:438} INFO - ✅ [DEBUG] Successfully restarted this cycle: 1
[2025-10-03T07:12:35.240+0000] {docker.py:438} INFO -    📦 [DEBUG] compose-post-service-679d78b75c-hbl79: restart_verified
[2025-10-03T07:12:35.240+0000] {docker.py:438} INFO - ⏳ [DEBUG] Waiting 5 seconds until next cycle. Time remaining: 329s
[2025-10-03T07:12:35.240+0000] {docker.py:438} INFO - 
[2025-10-03T07:12:35.241+0000] {docker.py:438} INFO - ============================================================
[2025-10-03T07:12:35.241+0000] {docker.py:438} INFO - 🔄 [DEBUG] Container Restart Cycle #4 at 2025-10-03 07:12:01
[2025-10-03T07:12:35.242+0000] {docker.py:438} INFO - ============================================================
[2025-10-03T07:12:35.242+0000] {docker.py:438} INFO - 🔄 [DEBUG] Entered restart_containers()
[2025-10-03T07:12:35.242+0000] {docker.py:438} INFO -    Params => label_selector=app=compose-post-service, name_pattern=None, qty=2, rand=True, mode=fixed, ns=default, order=alphabetic, container_name=compose-post-service, restart_command=None
[2025-10-03T07:12:35.242+0000] {docker.py:438} INFO - 🔑 [DEBUG] Kubernetes API client created
[2025-10-03T07:12:35.243+0000] {docker.py:438} INFO - 🔍 [DEBUG] Selecting pods now...
[2025-10-03T07:12:35.243+0000] {docker.py:438} INFO - 🔍 [DEBUG] Entered _select_pods()
[2025-10-03T07:12:35.243+0000] {docker.py:438} INFO -    Params => label_selector=app=compose-post-service, name_pattern=None, all=False, rand=True, mode=fixed, qty=2, ns=default, order=alphabetic
[2025-10-03T07:12:35.243+0000] {docker.py:438} INFO -    [DEBUG] Listing pods with label_selector=app=compose-post-service
[2025-10-03T07:12:35.244+0000] {docker.py:438} INFO - 📋 [DEBUG] Found 1 pods initially
[2025-10-03T07:12:35.244+0000] {docker.py:438} INFO - 🎲 [DEBUG] Random selection chosen: 1 pods
[2025-10-03T07:12:35.244+0000] {docker.py:438} INFO - ✅ [DEBUG] Selected pods: ['compose-post-service-679d78b75c-hbl79']
[2025-10-03T07:12:35.244+0000] {docker.py:438} INFO - 📋 [DEBUG] Pods selected: 1
[2025-10-03T07:12:35.245+0000] {docker.py:438} INFO - 
[2025-10-03T07:12:35.245+0000] {docker.py:438} INFO - 🎯 [DEBUG] Processing pod: compose-post-service-679d78b75c-hbl79
[2025-10-03T07:12:35.245+0000] {docker.py:438} INFO - 📦 [DEBUG] Using provided container: compose-post-service
[2025-10-03T07:12:35.245+0000] {docker.py:438} INFO - 🔍 [DEBUG] _get_restart_count() called for pod=compose-post-service-679d78b75c-hbl79, ns=default, container=compose-post-service
[2025-10-03T07:12:35.246+0000] {docker.py:438} INFO -    [DEBUG] Found 1 container_status entries
[2025-10-03T07:12:35.246+0000] {docker.py:438} INFO -    [DEBUG] container: compose-post-service, restart_count: 144
[2025-10-03T07:12:35.246+0000] {docker.py:438} INFO -    ✅ [DEBUG] Matched container compose-post-service, restart_count=144
[2025-10-03T07:12:35.246+0000] {docker.py:438} INFO - 📊 [DEBUG] Restart count before action: 144
[2025-10-03T07:12:35.247+0000] {docker.py:438} INFO - 🔧 [DEBUG] Restart strategies to try: [['sh', '-c', 'kill -INT 1'], ['sh', '-c', 'kill -2 1'], ['sh', '-c', 'kill -TERM 1'], ['sh', '-c', 'kill -9 1']]
[2025-10-03T07:12:35.247+0000] {docker.py:438} INFO - ➡️ [DEBUG] Trying restart strategy #1: sh -c kill -INT 1
[2025-10-03T07:12:35.247+0000] {docker.py:438} INFO -    [DEBUG] Exec stream opened successfully, running command...
[2025-10-03T07:12:35.247+0000] {docker.py:438} INFO -    [DEBUG] run_forever returned/finished
[2025-10-03T07:12:35.248+0000] {docker.py:438} INFO -    📤 [DEBUG] STDOUT (truncated): 
[2025-10-03T07:12:35.248+0000] {docker.py:438} INFO -    📤 [DEBUG] STDERR (truncated): 
[2025-10-03T07:12:35.248+0000] {docker.py:438} INFO -    📤 [DEBUG] CTRL_ERR: {"metadata":{},"status":"Success"}
[2025-10-03T07:12:35.248+0000] {docker.py:438} INFO -    ⏳ [DEBUG] Waiting up to 60s for restart count to increment...
[2025-10-03T07:12:35.249+0000] {docker.py:438} INFO - 🔍 [DEBUG] _get_restart_count() called for pod=compose-post-service-679d78b75c-hbl79, ns=default, container=compose-post-service
[2025-10-03T07:12:35.249+0000] {docker.py:438} INFO -    [DEBUG] Found 1 container_status entries
[2025-10-03T07:12:35.249+0000] {docker.py:438} INFO -    [DEBUG] container: compose-post-service, restart_count: 144
[2025-10-03T07:12:35.249+0000] {docker.py:438} INFO -    ✅ [DEBUG] Matched container compose-post-service, restart_count=144
[2025-10-03T07:12:35.250+0000] {docker.py:438} INFO -    [DEBUG] Polled restart count: 144 (before was 144)
[2025-10-03T07:12:35.250+0000] {docker.py:438} INFO - 🔍 [DEBUG] _get_restart_count() called for pod=compose-post-service-679d78b75c-hbl79, ns=default, container=compose-post-service
[2025-10-03T07:12:35.251+0000] {docker.py:438} INFO -    [DEBUG] Found 1 container_status entries
[2025-10-03T07:12:35.252+0000] {docker.py:438} INFO -    [DEBUG] container: compose-post-service, restart_count: 144
[2025-10-03T07:12:35.253+0000] {docker.py:438} INFO -    ✅ [DEBUG] Matched container compose-post-service, restart_count=144
[2025-10-03T07:12:35.253+0000] {docker.py:438} INFO -    [DEBUG] Polled restart count: 144 (before was 144)
[2025-10-03T07:12:35.254+0000] {docker.py:438} INFO - 🔍 [DEBUG] _get_restart_count() called for pod=compose-post-service-679d78b75c-hbl79, ns=default, container=compose-post-service
[2025-10-03T07:12:35.255+0000] {docker.py:438} INFO -    [DEBUG] Found 1 container_status entries
[2025-10-03T07:12:35.258+0000] {docker.py:438} INFO -    [DEBUG] container: compose-post-service, restart_count: 144
[2025-10-03T07:12:35.258+0000] {docker.py:438} INFO -    ✅ [DEBUG] Matched container compose-post-service, restart_count=144
[2025-10-03T07:12:35.259+0000] {docker.py:438} INFO -    [DEBUG] Polled restart count: 144 (before was 144)
[2025-10-03T07:12:35.259+0000] {docker.py:438} INFO - 🔍 [DEBUG] _get_restart_count() called for pod=compose-post-service-679d78b75c-hbl79, ns=default, container=compose-post-service
[2025-10-03T07:12:35.259+0000] {docker.py:438} INFO -    [DEBUG] Found 1 container_status entries
[2025-10-03T07:12:35.259+0000] {docker.py:438} INFO -    [DEBUG] container: compose-post-service, restart_count: 144
[2025-10-03T07:12:35.260+0000] {docker.py:438} INFO -    ✅ [DEBUG] Matched container compose-post-service, restart_count=144
[2025-10-03T07:12:35.260+0000] {docker.py:438} INFO -    [DEBUG] Polled restart count: 144 (before was 144)
[2025-10-03T07:12:35.260+0000] {docker.py:438} INFO - 🔍 [DEBUG] _get_restart_count() called for pod=compose-post-service-679d78b75c-hbl79, ns=default, container=compose-post-service
[2025-10-03T07:12:35.260+0000] {docker.py:438} INFO -    [DEBUG] Found 1 container_status entries
[2025-10-03T07:12:35.261+0000] {docker.py:438} INFO -    [DEBUG] container: compose-post-service, restart_count: 144
[2025-10-03T07:12:35.261+0000] {docker.py:438} INFO -    ✅ [DEBUG] Matched container compose-post-service, restart_count=144
[2025-10-03T07:12:35.261+0000] {docker.py:438} INFO -    [DEBUG] Polled restart count: 144 (before was 144)
[2025-10-03T07:12:35.261+0000] {docker.py:438} INFO - 🔍 [DEBUG] _get_restart_count() called for pod=compose-post-service-679d78b75c-hbl79, ns=default, container=compose-post-service
[2025-10-03T07:12:35.262+0000] {docker.py:438} INFO -    [DEBUG] Found 1 container_status entries
[2025-10-03T07:12:35.262+0000] {docker.py:438} INFO -    [DEBUG] container: compose-post-service, restart_count: 144
[2025-10-03T07:12:35.262+0000] {docker.py:438} INFO -    ✅ [DEBUG] Matched container compose-post-service, restart_count=144
[2025-10-03T07:12:35.263+0000] {docker.py:438} INFO -    [DEBUG] Polled restart count: 144 (before was 144)
[2025-10-03T07:12:35.263+0000] {docker.py:438} INFO - 🔍 [DEBUG] _get_restart_count() called for pod=compose-post-service-679d78b75c-hbl79, ns=default, container=compose-post-service
[2025-10-03T07:12:35.263+0000] {docker.py:438} INFO -    [DEBUG] Found 1 container_status entries
[2025-10-03T07:12:35.263+0000] {docker.py:438} INFO -    [DEBUG] container: compose-post-service, restart_count: 144
[2025-10-03T07:12:35.264+0000] {docker.py:438} INFO -    ✅ [DEBUG] Matched container compose-post-service, restart_count=144
[2025-10-03T07:12:35.264+0000] {docker.py:438} INFO -    [DEBUG] Polled restart count: 144 (before was 144)
[2025-10-03T07:12:35.264+0000] {docker.py:438} INFO - 🔍 [DEBUG] _get_restart_count() called for pod=compose-post-service-679d78b75c-hbl79, ns=default, container=compose-post-service
[2025-10-03T07:12:35.265+0000] {docker.py:438} INFO -    [DEBUG] Found 1 container_status entries
[2025-10-03T07:12:35.265+0000] {docker.py:438} INFO -    [DEBUG] container: compose-post-service, restart_count: 144
[2025-10-03T07:12:35.265+0000] {docker.py:438} INFO -    ✅ [DEBUG] Matched container compose-post-service, restart_count=144
[2025-10-03T07:12:35.265+0000] {docker.py:438} INFO -    [DEBUG] Polled restart count: 144 (before was 144)
[2025-10-03T07:12:35.266+0000] {docker.py:438} INFO - 🔍 [DEBUG] _get_restart_count() called for pod=compose-post-service-679d78b75c-hbl79, ns=default, container=compose-post-service
[2025-10-03T07:12:35.266+0000] {docker.py:438} INFO -    [DEBUG] Found 1 container_status entries
[2025-10-03T07:12:35.266+0000] {docker.py:438} INFO -    [DEBUG] container: compose-post-service, restart_count: 144
[2025-10-03T07:12:35.266+0000] {docker.py:438} INFO -    ✅ [DEBUG] Matched container compose-post-service, restart_count=144
[2025-10-03T07:12:35.266+0000] {docker.py:438} INFO -    [DEBUG] Polled restart count: 144 (before was 144)
[2025-10-03T07:12:35.267+0000] {docker.py:438} INFO - 🔍 [DEBUG] _get_restart_count() called for pod=compose-post-service-679d78b75c-hbl79, ns=default, container=compose-post-service
[2025-10-03T07:12:35.267+0000] {docker.py:438} INFO -    [DEBUG] Found 1 container_status entries
[2025-10-03T07:12:35.267+0000] {docker.py:438} INFO -    [DEBUG] container: compose-post-service, restart_count: 144
[2025-10-03T07:12:35.267+0000] {docker.py:438} INFO -    ✅ [DEBUG] Matched container compose-post-service, restart_count=144
[2025-10-03T07:12:35.268+0000] {docker.py:438} INFO -    [DEBUG] Polled restart count: 144 (before was 144)
[2025-10-03T07:12:35.270+0000] {docker.py:438} INFO - 🔍 [DEBUG] _get_restart_count() called for pod=compose-post-service-679d78b75c-hbl79, ns=default, container=compose-post-service
[2025-10-03T07:12:35.272+0000] {docker.py:438} INFO -    [DEBUG] Found 1 container_status entries
[2025-10-03T07:12:35.274+0000] {docker.py:438} INFO -    [DEBUG] container: compose-post-service, restart_count: 144
[2025-10-03T07:12:35.275+0000] {docker.py:438} INFO -    ✅ [DEBUG] Matched container compose-post-service, restart_count=144
[2025-10-03T07:12:35.276+0000] {docker.py:438} INFO -    [DEBUG] Polled restart count: 144 (before was 144)
[2025-10-03T07:12:35.276+0000] {docker.py:438} INFO - 🔍 [DEBUG] _get_restart_count() called for pod=compose-post-service-679d78b75c-hbl79, ns=default, container=compose-post-service
[2025-10-03T07:12:35.276+0000] {docker.py:438} INFO -    [DEBUG] Found 1 container_status entries
[2025-10-03T07:12:35.276+0000] {docker.py:438} INFO -    [DEBUG] container: compose-post-service, restart_count: 144
[2025-10-03T07:12:35.277+0000] {docker.py:438} INFO -    ✅ [DEBUG] Matched container compose-post-service, restart_count=144
[2025-10-03T07:12:35.277+0000] {docker.py:438} INFO -    [DEBUG] Polled restart count: 144 (before was 144)
[2025-10-03T07:12:35.277+0000] {docker.py:438} INFO - 🔍 [DEBUG] _get_restart_count() called for pod=compose-post-service-679d78b75c-hbl79, ns=default, container=compose-post-service
[2025-10-03T07:12:35.278+0000] {docker.py:438} INFO -    [DEBUG] Found 1 container_status entries
[2025-10-03T07:12:35.278+0000] {docker.py:438} INFO -    [DEBUG] container: compose-post-service, restart_count: 144
[2025-10-03T07:12:35.278+0000] {docker.py:438} INFO -    ✅ [DEBUG] Matched container compose-post-service, restart_count=144
[2025-10-03T07:12:35.279+0000] {docker.py:438} INFO -    [DEBUG] Polled restart count: 144 (before was 144)
[2025-10-03T07:12:35.279+0000] {docker.py:438} INFO - 🔍 [DEBUG] _get_restart_count() called for pod=compose-post-service-679d78b75c-hbl79, ns=default, container=compose-post-service
[2025-10-03T07:12:35.280+0000] {docker.py:438} INFO -    [DEBUG] Found 1 container_status entries
[2025-10-03T07:12:35.280+0000] {docker.py:438} INFO -    [DEBUG] container: compose-post-service, restart_count: 144
[2025-10-03T07:12:35.280+0000] {docker.py:438} INFO -    ✅ [DEBUG] Matched container compose-post-service, restart_count=144
[2025-10-03T07:12:35.280+0000] {docker.py:438} INFO -    [DEBUG] Polled restart count: 144 (before was 144)
[2025-10-03T07:12:35.281+0000] {docker.py:438} INFO - 🔍 [DEBUG] _get_restart_count() called for pod=compose-post-service-679d78b75c-hbl79, ns=default, container=compose-post-service
[2025-10-03T07:13:06.403+0000] {docker.py:438} INFO - [DEBUG] Found 1 container_status entries
[2025-10-03T07:13:06.403+0000] {docker.py:438} INFO -    [DEBUG] container: compose-post-service, restart_count: 144
[2025-10-03T07:13:06.404+0000] {docker.py:438} INFO -    ✅ [DEBUG] Matched container compose-post-service, restart_count=144
[2025-10-03T07:13:06.404+0000] {docker.py:438} INFO -    [DEBUG] Polled restart count: 144 (before was 144)
[2025-10-03T07:13:06.404+0000] {docker.py:438} INFO - 🔍 [DEBUG] _get_restart_count() called for pod=compose-post-service-679d78b75c-hbl79, ns=default, container=compose-post-service
[2025-10-03T07:13:06.404+0000] {docker.py:438} INFO -    [DEBUG] Found 1 container_status entries
[2025-10-03T07:13:06.405+0000] {docker.py:438} INFO -    [DEBUG] container: compose-post-service, restart_count: 144
[2025-10-03T07:13:06.405+0000] {docker.py:438} INFO -    ✅ [DEBUG] Matched container compose-post-service, restart_count=144
[2025-10-03T07:13:06.405+0000] {docker.py:438} INFO -    [DEBUG] Polled restart count: 144 (before was 144)
[2025-10-03T07:13:06.405+0000] {docker.py:438} INFO - 🔍 [DEBUG] _get_restart_count() called for pod=compose-post-service-679d78b75c-hbl79, ns=default, container=compose-post-service
[2025-10-03T07:13:06.406+0000] {docker.py:438} INFO -    [DEBUG] Found 1 container_status entries
[2025-10-03T07:13:06.406+0000] {docker.py:438} INFO -    [DEBUG] container: compose-post-service, restart_count: 144
[2025-10-03T07:13:06.406+0000] {docker.py:438} INFO -    ✅ [DEBUG] Matched container compose-post-service, restart_count=144
[2025-10-03T07:13:06.406+0000] {docker.py:438} INFO -    [DEBUG] Polled restart count: 144 (before was 144)
[2025-10-03T07:13:06.406+0000] {docker.py:438} INFO - 🔍 [DEBUG] _get_restart_count() called for pod=compose-post-service-679d78b75c-hbl79, ns=default, container=compose-post-service
[2025-10-03T07:13:06.407+0000] {docker.py:438} INFO -    [DEBUG] Found 1 container_status entries
[2025-10-03T07:13:06.407+0000] {docker.py:438} INFO -    [DEBUG] container: compose-post-service, restart_count: 144
[2025-10-03T07:13:06.407+0000] {docker.py:438} INFO -    ✅ [DEBUG] Matched container compose-post-service, restart_count=144
[2025-10-03T07:13:06.407+0000] {docker.py:438} INFO -    [DEBUG] Polled restart count: 144 (before was 144)
[2025-10-03T07:13:06.407+0000] {docker.py:438} INFO - 🔍 [DEBUG] _get_restart_count() called for pod=compose-post-service-679d78b75c-hbl79, ns=default, container=compose-post-service
[2025-10-03T07:13:06.408+0000] {docker.py:438} INFO -    [DEBUG] Found 1 container_status entries
[2025-10-03T07:13:06.408+0000] {docker.py:438} INFO -    [DEBUG] container: compose-post-service, restart_count: 144
[2025-10-03T07:13:06.408+0000] {docker.py:438} INFO -    ✅ [DEBUG] Matched container compose-post-service, restart_count=144
[2025-10-03T07:13:06.408+0000] {docker.py:438} INFO -    [DEBUG] Polled restart count: 144 (before was 144)
[2025-10-03T07:13:06.409+0000] {docker.py:438} INFO - 🔍 [DEBUG] _get_restart_count() called for pod=compose-post-service-679d78b75c-hbl79, ns=default, container=compose-post-service
[2025-10-03T07:13:06.409+0000] {docker.py:438} INFO -    [DEBUG] Found 1 container_status entries
[2025-10-03T07:13:06.409+0000] {docker.py:438} INFO -    [DEBUG] container: compose-post-service, restart_count: 145
[2025-10-03T07:13:06.410+0000] {docker.py:438} INFO -    ✅ [DEBUG] Matched container compose-post-service, restart_count=145
[2025-10-03T07:13:06.410+0000] {docker.py:438} INFO -    [DEBUG] Polled restart count: 145 (before was 144)
[2025-10-03T07:13:06.410+0000] {docker.py:438} INFO -    ✅ [DEBUG] Restart observed: 144 -> 145
[2025-10-03T07:13:06.410+0000] {docker.py:438} INFO -    🎉 [DEBUG] Restart verified, breaking out of strategies loop
[2025-10-03T07:13:06.410+0000] {docker.py:438} INFO - 🔍 [DEBUG] _get_restart_count() called for pod=compose-post-service-679d78b75c-hbl79, ns=default, container=compose-post-service
[2025-10-03T07:13:06.410+0000] {docker.py:438} INFO -    [DEBUG] Found 1 container_status entries
[2025-10-03T07:13:06.411+0000] {docker.py:438} INFO -    [DEBUG] container: compose-post-service, restart_count: 145
[2025-10-03T07:13:06.411+0000] {docker.py:438} INFO -    ✅ [DEBUG] Matched container compose-post-service, restart_count=145
[2025-10-03T07:13:06.411+0000] {docker.py:438} INFO - ✅ [DEBUG] Restart recorded for compose-post-service-679d78b75c-hbl79: 144 -> 145
[2025-10-03T07:13:06.411+0000] {docker.py:438} INFO - 
[2025-10-03T07:13:06.411+0000] {docker.py:438} INFO - 🏁 [DEBUG] restart_containers() finished. Processed 1 pods
[2025-10-03T07:13:06.411+0000] {docker.py:438} INFO -    [DEBUG] restart_containers returned 1 entries
[2025-10-03T07:13:06.412+0000] {docker.py:438} INFO - ✅ [DEBUG] Successfully restarted this cycle: 1
[2025-10-03T07:13:06.412+0000] {docker.py:438} INFO -    📦 [DEBUG] compose-post-service-679d78b75c-hbl79: restart_verified
[2025-10-03T07:13:06.412+0000] {docker.py:438} INFO - ⏳ [DEBUG] Waiting 5 seconds until next cycle. Time remaining: 280s
[2025-10-03T07:13:06.412+0000] {docker.py:438} INFO - 
[2025-10-03T07:13:06.412+0000] {docker.py:438} INFO - ============================================================
[2025-10-03T07:13:06.413+0000] {docker.py:438} INFO - 🔄 [DEBUG] Container Restart Cycle #5 at 2025-10-03 07:12:49
[2025-10-03T07:13:06.413+0000] {docker.py:438} INFO - ============================================================
[2025-10-03T07:13:06.413+0000] {docker.py:438} INFO - 🔄 [DEBUG] Entered restart_containers()
[2025-10-03T07:13:06.413+0000] {docker.py:438} INFO -    Params => label_selector=app=compose-post-service, name_pattern=None, qty=2, rand=True, mode=fixed, ns=default, order=alphabetic, container_name=compose-post-service, restart_command=None
[2025-10-03T07:13:06.413+0000] {docker.py:438} INFO - 🔑 [DEBUG] Kubernetes API client created
[2025-10-03T07:13:06.413+0000] {docker.py:438} INFO - 🔍 [DEBUG] Selecting pods now...
[2025-10-03T07:13:06.414+0000] {docker.py:438} INFO - 🔍 [DEBUG] Entered _select_pods()
[2025-10-03T07:13:06.414+0000] {docker.py:438} INFO -    Params => label_selector=app=compose-post-service, name_pattern=None, all=False, rand=True, mode=fixed, qty=2, ns=default, order=alphabetic
[2025-10-03T07:13:06.414+0000] {docker.py:438} INFO -    [DEBUG] Listing pods with label_selector=app=compose-post-service
[2025-10-03T07:13:06.415+0000] {docker.py:438} INFO - 📋 [DEBUG] Found 1 pods initially
[2025-10-03T07:13:06.415+0000] {docker.py:438} INFO - 🎲 [DEBUG] Random selection chosen: 1 pods
[2025-10-03T07:13:06.416+0000] {docker.py:438} INFO - ✅ [DEBUG] Selected pods: ['compose-post-service-679d78b75c-hbl79']
[2025-10-03T07:13:06.416+0000] {docker.py:438} INFO - 📋 [DEBUG] Pods selected: 1
[2025-10-03T07:13:06.416+0000] {docker.py:438} INFO - 
[2025-10-03T07:13:06.417+0000] {docker.py:438} INFO - 🎯 [DEBUG] Processing pod: compose-post-service-679d78b75c-hbl79
[2025-10-03T07:13:06.417+0000] {docker.py:438} INFO - 📦 [DEBUG] Using provided container: compose-post-service
[2025-10-03T07:13:06.417+0000] {docker.py:438} INFO - 🔍 [DEBUG] _get_restart_count() called for pod=compose-post-service-679d78b75c-hbl79, ns=default, container=compose-post-service
[2025-10-03T07:13:06.417+0000] {docker.py:438} INFO -    [DEBUG] Found 1 container_status entries
[2025-10-03T07:13:06.418+0000] {docker.py:438} INFO -    [DEBUG] container: compose-post-service, restart_count: 145
[2025-10-03T07:13:06.418+0000] {docker.py:438} INFO -    ✅ [DEBUG] Matched container compose-post-service, restart_count=145
[2025-10-03T07:13:06.418+0000] {docker.py:438} INFO - 📊 [DEBUG] Restart count before action: 145
[2025-10-03T07:13:06.418+0000] {docker.py:438} INFO - 🔧 [DEBUG] Restart strategies to try: [['sh', '-c', 'kill -INT 1'], ['sh', '-c', 'kill -2 1'], ['sh', '-c', 'kill -TERM 1'], ['sh', '-c', 'kill -9 1']]
[2025-10-03T07:13:06.418+0000] {docker.py:438} INFO - ➡️ [DEBUG] Trying restart strategy #1: sh -c kill -INT 1
[2025-10-03T07:13:06.419+0000] {docker.py:438} INFO -    ❌ [DEBUG] Failed to open exec stream for pod compose-post-service-679d78b75c-hbl79, container compose-post-service: (0)
[2025-10-03T07:13:06.419+0000] {docker.py:438} INFO - Reason: Handshake status 500 Internal Server Error -+-+- {'date': 'Fri, 03 Oct 2025 07:12:52 GMT', 'connection': 'close', 'content-length': '0'} -+-+- b''
[2025-10-03T07:13:06.419+0000] {docker.py:438} INFO - 
[2025-10-03T07:13:06.419+0000] {docker.py:438} INFO - ➡️ [DEBUG] Trying restart strategy #2: sh -c kill -2 1
[2025-10-03T07:13:06.419+0000] {docker.py:438} INFO -    ❌ [DEBUG] Failed to open exec stream for pod compose-post-service-679d78b75c-hbl79, container compose-post-service: (0)
[2025-10-03T07:13:06.420+0000] {docker.py:438} INFO - Reason: Handshake status 500 Internal Server Error -+-+- {'date': 'Fri, 03 Oct 2025 07:12:53 GMT', 'connection': 'close', 'content-length': '0'} -+-+- b''
[2025-10-03T07:13:06.420+0000] {docker.py:438} INFO - 
[2025-10-03T07:13:06.420+0000] {docker.py:438} INFO - ➡️ [DEBUG] Trying restart strategy #3: sh -c kill -TERM 1
[2025-10-03T07:13:06.420+0000] {docker.py:438} INFO -    ❌ [DEBUG] Failed to open exec stream for pod compose-post-service-679d78b75c-hbl79, container compose-post-service: (0)
[2025-10-03T07:13:06.420+0000] {docker.py:438} INFO - Reason: Handshake status 500 Internal Server Error -+-+- {'date': 'Fri, 03 Oct 2025 07:12:54 GMT', 'connection': 'close', 'content-length': '0'} -+-+- b''
[2025-10-03T07:13:06.421+0000] {docker.py:438} INFO - 
[2025-10-03T07:13:06.421+0000] {docker.py:438} INFO - ➡️ [DEBUG] Trying restart strategy #4: sh -c kill -9 1
[2025-10-03T07:13:06.421+0000] {docker.py:438} INFO -    ❌ [DEBUG] Failed to open exec stream for pod compose-post-service-679d78b75c-hbl79, container compose-post-service: (0)
[2025-10-03T07:13:06.421+0000] {docker.py:438} INFO - Reason: Handshake status 500 Internal Server Error -+-+- {'date': 'Fri, 03 Oct 2025 07:12:56 GMT', 'connection': 'close', 'content-length': '0'} -+-+- b''
[2025-10-03T07:13:06.422+0000] {docker.py:438} INFO - 
[2025-10-03T07:13:06.422+0000] {docker.py:438} INFO - ❌ [DEBUG] All strategies exhausted for pod compose-post-service-679d78b75c-hbl79 and no restart observed
[2025-10-03T07:13:06.422+0000] {docker.py:438} INFO - 
[2025-10-03T07:13:06.422+0000] {docker.py:438} INFO - 🏁 [DEBUG] restart_containers() finished. Processed 1 pods
[2025-10-03T07:13:06.423+0000] {docker.py:438} INFO -    [DEBUG] restart_containers returned 1 entries
[2025-10-03T07:13:06.423+0000] {docker.py:438} INFO - ✅ [DEBUG] Successfully restarted this cycle: 0
[2025-10-03T07:13:06.423+0000] {docker.py:438} INFO - ❌ [DEBUG] Failed restarts this cycle: 1
[2025-10-03T07:13:06.423+0000] {docker.py:438} INFO -    - compose-post-service-679d78b75c-hbl79 status=restart_failed details={'pod_name': 'compose-post-service-679d78b75c-hbl79', 'container_name': 'compose-post-service', 'status': 'restart_failed', 'before_count': 145, 'stdout': None, 'stderr': None, 'ctrl_err': None}
[2025-10-03T07:13:06.423+0000] {docker.py:438} INFO - ⏳ [DEBUG] Waiting 5 seconds until next cycle. Time remaining: 267s
[2025-10-03T07:13:06.424+0000] {docker.py:438} INFO - 
[2025-10-03T07:13:06.424+0000] {docker.py:438} INFO - ============================================================
[2025-10-03T07:13:06.424+0000] {docker.py:438} INFO - 🔄 [DEBUG] Container Restart Cycle #6 at 2025-10-03 07:13:02
[2025-10-03T07:13:06.424+0000] {docker.py:438} INFO - ============================================================
[2025-10-03T07:13:06.424+0000] {docker.py:438} INFO - 🔄 [DEBUG] Entered restart_containers()
[2025-10-03T07:13:06.424+0000] {docker.py:438} INFO -    Params => label_selector=app=compose-post-service, name_pattern=None, qty=2, rand=True, mode=fixed, ns=default, order=alphabetic, container_name=compose-post-service, restart_command=None
[2025-10-03T07:13:06.425+0000] {docker.py:438} INFO - 🔑 [DEBUG] Kubernetes API client created
[2025-10-03T07:13:06.425+0000] {docker.py:438} INFO - 🔍 [DEBUG] Selecting pods now...
[2025-10-03T07:13:06.425+0000] {docker.py:438} INFO - 🔍 [DEBUG] Entered _select_pods()
[2025-10-03T07:13:06.425+0000] {docker.py:438} INFO -    Params => label_selector=app=compose-post-service, name_pattern=None, all=False, rand=True, mode=fixed, qty=2, ns=default, order=alphabetic
[2025-10-03T07:13:06.425+0000] {docker.py:438} INFO -    [DEBUG] Listing pods with label_selector=app=compose-post-service
[2025-10-03T07:13:06.426+0000] {docker.py:438} INFO - 📋 [DEBUG] Found 1 pods initially
[2025-10-03T07:13:06.426+0000] {docker.py:438} INFO - 🎲 [DEBUG] Random selection chosen: 1 pods
[2025-10-03T07:13:06.426+0000] {docker.py:438} INFO - ✅ [DEBUG] Selected pods: ['compose-post-service-679d78b75c-hbl79']
[2025-10-03T07:13:06.426+0000] {docker.py:438} INFO - 📋 [DEBUG] Pods selected: 1
[2025-10-03T07:13:06.426+0000] {docker.py:438} INFO - 
[2025-10-03T07:13:06.427+0000] {docker.py:438} INFO - 🎯 [DEBUG] Processing pod: compose-post-service-679d78b75c-hbl79
[2025-10-03T07:13:06.427+0000] {docker.py:438} INFO - 📦 [DEBUG] Using provided container: compose-post-service
[2025-10-03T07:13:06.427+0000] {docker.py:438} INFO - 🔍 [DEBUG] _get_restart_count() called for pod=compose-post-service-679d78b75c-hbl79, ns=default, container=compose-post-service
[2025-10-03T07:13:06.427+0000] {docker.py:438} INFO -    [DEBUG] Found 1 container_status entries
[2025-10-03T07:13:06.427+0000] {docker.py:438} INFO -    [DEBUG] container: compose-post-service, restart_count: 145
[2025-10-03T07:13:06.428+0000] {docker.py:438} INFO -    ✅ [DEBUG] Matched container compose-post-service, restart_count=145
[2025-10-03T07:13:06.428+0000] {docker.py:438} INFO - 📊 [DEBUG] Restart count before action: 145
[2025-10-03T07:13:06.428+0000] {docker.py:438} INFO - 🔧 [DEBUG] Restart strategies to try: [['sh', '-c', 'kill -INT 1'], ['sh', '-c', 'kill -2 1'], ['sh', '-c', 'kill -TERM 1'], ['sh', '-c', 'kill -9 1']]
[2025-10-03T07:13:06.428+0000] {docker.py:438} INFO - ➡️ [DEBUG] Trying restart strategy #1: sh -c kill -INT 1
[2025-10-03T07:13:06.428+0000] {docker.py:438} INFO -    ❌ [DEBUG] Failed to open exec stream for pod compose-post-service-679d78b75c-hbl79, container compose-post-service: (0)
[2025-10-03T07:13:06.429+0000] {docker.py:438} INFO - Reason: Handshake status 500 Internal Server Error -+-+- {'date': 'Fri, 03 Oct 2025 07:13:04 GMT', 'connection': 'close', 'content-length': '0'} -+-+- b''
[2025-10-03T07:13:10.762+0000] {local_task_job_runner.py:318} WARNING - Recorded pid 85 does not match the current pid 58
[2025-10-03T07:13:10.772+0000] {local_task_job_runner.py:218} WARNING - Heartbeat failed with Exception: PID of job runner does not match
[2025-10-03T07:13:15.736+0000] {local_task_job_runner.py:318} WARNING - Recorded pid 85 does not match the current pid 58
[2025-10-03T07:13:15.738+0000] {local_task_job_runner.py:218} WARNING - Heartbeat failed with Exception: PID of job runner does not match
[2025-10-03T07:13:20.779+0000] {local_task_job_runner.py:346} WARNING - State of this instance has been externally set to restarting. Terminating instance.
[2025-10-03T07:13:20.781+0000] {local_task_job_runner.py:245} INFO - ::endgroup::
[2025-10-03T07:13:20.784+0000] {process_utils.py:132} INFO - Sending 15 to group 58. PIDs of all processes in the group: [58]
[2025-10-03T07:13:20.785+0000] {process_utils.py:87} INFO - Sending the signal 15 to group 58
[2025-10-03T07:13:20.786+0000] {taskinstance.py:3092} ERROR - Received SIGTERM. Terminating subprocesses.
[2025-10-03T07:13:20.787+0000] {docker.py:533} INFO - Stopping docker container
[2025-10-03T07:13:31.994+0000] {taskinstance.py:3310} ERROR - Task failed with exception
Traceback (most recent call last):
  File "/home/airflow/.local/lib/python3.11/site-packages/airflow/models/taskinstance.py", line 767, in _execute_task
    result = _execute_callable(context=context, **execute_callable_kwargs)
             ^^^^^^^^^^^^^^^^^^^^^^^^^^^^^^^^^^^^^^^^^^^^^^^^^^^^^^^^^^^^^
  File "/home/airflow/.local/lib/python3.11/site-packages/airflow/models/taskinstance.py", line 733, in _execute_callable
    return ExecutionCallableRunner(
           ^^^^^^^^^^^^^^^^^^^^^^^^
  File "/home/airflow/.local/lib/python3.11/site-packages/airflow/utils/operator_helpers.py", line 252, in run
    return self.func(*args, **kwargs)
           ^^^^^^^^^^^^^^^^^^^^^^^^^^
  File "/home/airflow/.local/lib/python3.11/site-packages/airflow/models/baseoperator.py", line 406, in wrapper
    return func(self, *args, **kwargs)
           ^^^^^^^^^^^^^^^^^^^^^^^^^^^
  File "/home/airflow/.local/lib/python3.11/site-packages/airflow/providers/docker/operators/docker.py", line 513, in execute
    return self._run_image()
           ^^^^^^^^^^^^^^^^^
  File "/home/airflow/.local/lib/python3.11/site-packages/airflow/providers/docker/operators/docker.py", line 384, in _run_image
    return self._run_image_with_mounts(self.mounts, add_tmp_variable=False)
           ^^^^^^^^^^^^^^^^^^^^^^^^^^^^^^^^^^^^^^^^^^^^^^^^^^^^^^^^^^^^^^^^
  File "/home/airflow/.local/lib/python3.11/site-packages/airflow/providers/docker/operators/docker.py", line 434, in _run_image_with_mounts
    for log_chunk in logstream:
  File "/home/airflow/.local/lib/python3.11/site-packages/docker/types/daemon.py", line 29, in __next__
    return next(self._stream)
           ^^^^^^^^^^^^^^^^^^
  File "/home/airflow/.local/lib/python3.11/site-packages/docker/api/client.py", line 438, in <genexpr>
    gen = (data for (_, data) in gen)
          ^^^^^^^^^^^^^^^^^^^^^^^^^^^
  File "/home/airflow/.local/lib/python3.11/site-packages/docker/utils/socket.py", line 112, in frames_iter_no_tty
    (stream, n) = next_frame_header(socket)
                  ^^^^^^^^^^^^^^^^^^^^^^^^^
  File "/home/airflow/.local/lib/python3.11/site-packages/docker/utils/socket.py", line 84, in next_frame_header
    data = read_exactly(socket, 8)
           ^^^^^^^^^^^^^^^^^^^^^^^
  File "/home/airflow/.local/lib/python3.11/site-packages/docker/utils/socket.py", line 69, in read_exactly
    next_data = read(socket, n - len(data))
                ^^^^^^^^^^^^^^^^^^^^^^^^^^^
  File "/home/airflow/.local/lib/python3.11/site-packages/docker/utils/socket.py", line 40, in read
    poll.poll()
  File "/home/airflow/.local/lib/python3.11/site-packages/airflow/models/taskinstance.py", line 3094, in signal_handler
    raise AirflowTaskTerminated("Task received SIGTERM signal")
airflow.exceptions.AirflowTaskTerminated: Task received SIGTERM signal
[2025-10-03T07:13:32.004+0000] {taskinstance.py:1225} INFO - Marking task as FAILED. dag_id=Chaos_Node_DAG, task_id=taskA, run_id=scheduled__2025-01-10T00:00:00+00:00, execution_date=20250110T000000, start_date=20251003T071013, end_date=20251003T071332
[2025-10-03T07:13:32.027+0000] {taskinstance.py:340} INFO - ::group::Post task execution logs
[2025-10-03T07:13:32.028+0000] {standard_task_runner.py:124} ERROR - Failed to execute job 351 for task taskA ((psycopg2.errors.ForeignKeyViolation) insert or update on table "task_fail" violates foreign key constraint "task_fail_ti_fkey"
DETAIL:  Key (dag_id, task_id, run_id, map_index)=(Chaos_Node_DAG, taskA, scheduled__2025-01-10T00:00:00+00:00, -1) is not present in table "task_instance".

[SQL: INSERT INTO task_fail (task_id, dag_id, run_id, map_index, start_date, end_date, duration) VALUES (%(task_id)s, %(dag_id)s, %(run_id)s, %(map_index)s, %(start_date)s, %(end_date)s, %(duration)s) RETURNING task_fail.id]
[parameters: {'task_id': 'taskA', 'dag_id': 'Chaos_Node_DAG', 'run_id': 'scheduled__2025-01-10T00:00:00+00:00', 'map_index': -1, 'start_date': datetime.datetime(2025, 10, 3, 7, 10, 13, 911712, tzinfo=Timezone('UTC')), 'end_date': datetime.datetime(2025, 10, 3, 7, 13, 32, 2655, tzinfo=Timezone('UTC')), 'duration': 198}]
(Background on this error at: https://sqlalche.me/e/14/gkpj); 58)
Traceback (most recent call last):
  File "/home/airflow/.local/lib/python3.11/site-packages/airflow/models/taskinstance.py", line 273, in _run_raw_task
    TaskInstance._execute_task_with_callbacks(
  File "/home/airflow/.local/lib/python3.11/site-packages/airflow/models/taskinstance.py", line 3158, in _execute_task_with_callbacks
    result = self._execute_task(context, task_orig)
             ^^^^^^^^^^^^^^^^^^^^^^^^^^^^^^^^^^^^^^
  File "/home/airflow/.local/lib/python3.11/site-packages/airflow/models/taskinstance.py", line 3182, in _execute_task
    return _execute_task(self, context, task_orig)
           ^^^^^^^^^^^^^^^^^^^^^^^^^^^^^^^^^^^^^^^
  File "/home/airflow/.local/lib/python3.11/site-packages/airflow/models/taskinstance.py", line 767, in _execute_task
    result = _execute_callable(context=context, **execute_callable_kwargs)
             ^^^^^^^^^^^^^^^^^^^^^^^^^^^^^^^^^^^^^^^^^^^^^^^^^^^^^^^^^^^^^
  File "/home/airflow/.local/lib/python3.11/site-packages/airflow/models/taskinstance.py", line 733, in _execute_callable
    return ExecutionCallableRunner(
           ^^^^^^^^^^^^^^^^^^^^^^^^
  File "/home/airflow/.local/lib/python3.11/site-packages/airflow/utils/operator_helpers.py", line 252, in run
    return self.func(*args, **kwargs)
           ^^^^^^^^^^^^^^^^^^^^^^^^^^
  File "/home/airflow/.local/lib/python3.11/site-packages/airflow/models/baseoperator.py", line 406, in wrapper
    return func(self, *args, **kwargs)
           ^^^^^^^^^^^^^^^^^^^^^^^^^^^
  File "/home/airflow/.local/lib/python3.11/site-packages/airflow/providers/docker/operators/docker.py", line 513, in execute
    return self._run_image()
           ^^^^^^^^^^^^^^^^^
  File "/home/airflow/.local/lib/python3.11/site-packages/airflow/providers/docker/operators/docker.py", line 384, in _run_image
    return self._run_image_with_mounts(self.mounts, add_tmp_variable=False)
           ^^^^^^^^^^^^^^^^^^^^^^^^^^^^^^^^^^^^^^^^^^^^^^^^^^^^^^^^^^^^^^^^
  File "/home/airflow/.local/lib/python3.11/site-packages/airflow/providers/docker/operators/docker.py", line 434, in _run_image_with_mounts
    for log_chunk in logstream:
  File "/home/airflow/.local/lib/python3.11/site-packages/docker/types/daemon.py", line 29, in __next__
    return next(self._stream)
           ^^^^^^^^^^^^^^^^^^
  File "/home/airflow/.local/lib/python3.11/site-packages/docker/api/client.py", line 438, in <genexpr>
    gen = (data for (_, data) in gen)
          ^^^^^^^^^^^^^^^^^^^^^^^^^^^
  File "/home/airflow/.local/lib/python3.11/site-packages/docker/utils/socket.py", line 112, in frames_iter_no_tty
    (stream, n) = next_frame_header(socket)
                  ^^^^^^^^^^^^^^^^^^^^^^^^^
  File "/home/airflow/.local/lib/python3.11/site-packages/docker/utils/socket.py", line 84, in next_frame_header
    data = read_exactly(socket, 8)
           ^^^^^^^^^^^^^^^^^^^^^^^
  File "/home/airflow/.local/lib/python3.11/site-packages/docker/utils/socket.py", line 69, in read_exactly
    next_data = read(socket, n - len(data))
                ^^^^^^^^^^^^^^^^^^^^^^^^^^^
  File "/home/airflow/.local/lib/python3.11/site-packages/docker/utils/socket.py", line 40, in read
    poll.poll()
  File "/home/airflow/.local/lib/python3.11/site-packages/airflow/models/taskinstance.py", line 3094, in signal_handler
    raise AirflowTaskTerminated("Task received SIGTERM signal")
airflow.exceptions.AirflowTaskTerminated: Task received SIGTERM signal

During handling of the above exception, another exception occurred:

Traceback (most recent call last):
  File "/home/airflow/.local/lib/python3.11/site-packages/sqlalchemy/engine/base.py", line 1910, in _execute_context
    self.dialect.do_execute(
  File "/home/airflow/.local/lib/python3.11/site-packages/sqlalchemy/engine/default.py", line 736, in do_execute
    cursor.execute(statement, parameters)
psycopg2.errors.ForeignKeyViolation: insert or update on table "task_fail" violates foreign key constraint "task_fail_ti_fkey"
DETAIL:  Key (dag_id, task_id, run_id, map_index)=(Chaos_Node_DAG, taskA, scheduled__2025-01-10T00:00:00+00:00, -1) is not present in table "task_instance".


The above exception was the direct cause of the following exception:

Traceback (most recent call last):
  File "/home/airflow/.local/lib/python3.11/site-packages/airflow/task/task_runner/standard_task_runner.py", line 117, in _start_by_fork
    ret = args.func(args, dag=self.dag)
          ^^^^^^^^^^^^^^^^^^^^^^^^^^^^^
  File "/home/airflow/.local/lib/python3.11/site-packages/airflow/cli/cli_config.py", line 49, in command
    return func(*args, **kwargs)
           ^^^^^^^^^^^^^^^^^^^^^
  File "/home/airflow/.local/lib/python3.11/site-packages/airflow/utils/cli.py", line 115, in wrapper
    return f(*args, **kwargs)
           ^^^^^^^^^^^^^^^^^^
  File "/home/airflow/.local/lib/python3.11/site-packages/airflow/cli/commands/task_command.py", line 483, in task_run
    task_return_code = _run_task_by_selected_method(args, _dag, ti)
                       ^^^^^^^^^^^^^^^^^^^^^^^^^^^^^^^^^^^^^^^^^^^^
  File "/home/airflow/.local/lib/python3.11/site-packages/airflow/cli/commands/task_command.py", line 256, in _run_task_by_selected_method
    return _run_raw_task(args, ti)
           ^^^^^^^^^^^^^^^^^^^^^^^
  File "/home/airflow/.local/lib/python3.11/site-packages/airflow/cli/commands/task_command.py", line 341, in _run_raw_task
    return ti._run_raw_task(
           ^^^^^^^^^^^^^^^^^
  File "/home/airflow/.local/lib/python3.11/site-packages/airflow/utils/session.py", line 97, in wrapper
    return func(*args, session=session, **kwargs)
           ^^^^^^^^^^^^^^^^^^^^^^^^^^^^^^^^^^^^^^
  File "/home/airflow/.local/lib/python3.11/site-packages/airflow/models/taskinstance.py", line 3004, in _run_raw_task
    return _run_raw_task(
           ^^^^^^^^^^^^^^
  File "/home/airflow/.local/lib/python3.11/site-packages/airflow/models/taskinstance.py", line 327, in _run_raw_task
    ti.handle_failure(e, test_mode, context, session=session)
  File "/home/airflow/.local/lib/python3.11/site-packages/airflow/utils/session.py", line 94, in wrapper
    return func(*args, **kwargs)
           ^^^^^^^^^^^^^^^^^^^^^
  File "/home/airflow/.local/lib/python3.11/site-packages/airflow/models/taskinstance.py", line 3427, in handle_failure
    _handle_failure(
  File "/home/airflow/.local/lib/python3.11/site-packages/airflow/utils/session.py", line 94, in wrapper
    return func(*args, **kwargs)
           ^^^^^^^^^^^^^^^^^^^^^
  File "/home/airflow/.local/lib/python3.11/site-packages/airflow/api_internal/internal_api_call.py", line 139, in wrapper
    return func(*args, **kwargs)
           ^^^^^^^^^^^^^^^^^^^^^
  File "/home/airflow/.local/lib/python3.11/site-packages/airflow/models/taskinstance.py", line 1243, in _handle_failure
    TaskInstance.save_to_db(failure_context["ti"], session)
  File "/home/airflow/.local/lib/python3.11/site-packages/airflow/api_internal/internal_api_call.py", line 139, in wrapper
    return func(*args, **kwargs)
           ^^^^^^^^^^^^^^^^^^^^^
  File "/home/airflow/.local/lib/python3.11/site-packages/airflow/utils/session.py", line 94, in wrapper
    return func(*args, **kwargs)
           ^^^^^^^^^^^^^^^^^^^^^
  File "/home/airflow/.local/lib/python3.11/site-packages/airflow/models/taskinstance.py", line 3399, in save_to_db
    session.flush()
  File "/home/airflow/.local/lib/python3.11/site-packages/sqlalchemy/orm/session.py", line 3449, in flush
    self._flush(objects)
  File "/home/airflow/.local/lib/python3.11/site-packages/sqlalchemy/orm/session.py", line 3588, in _flush
    with util.safe_reraise():
  File "/home/airflow/.local/lib/python3.11/site-packages/sqlalchemy/util/langhelpers.py", line 70, in __exit__
    compat.raise_(
  File "/home/airflow/.local/lib/python3.11/site-packages/sqlalchemy/util/compat.py", line 211, in raise_
    raise exception
  File "/home/airflow/.local/lib/python3.11/site-packages/sqlalchemy/orm/session.py", line 3549, in _flush
    flush_context.execute()
  File "/home/airflow/.local/lib/python3.11/site-packages/sqlalchemy/orm/unitofwork.py", line 456, in execute
    rec.execute(self)
  File "/home/airflow/.local/lib/python3.11/site-packages/sqlalchemy/orm/unitofwork.py", line 630, in execute
    util.preloaded.orm_persistence.save_obj(
  File "/home/airflow/.local/lib/python3.11/site-packages/sqlalchemy/orm/persistence.py", line 245, in save_obj
    _emit_insert_statements(
  File "/home/airflow/.local/lib/python3.11/site-packages/sqlalchemy/orm/persistence.py", line 1238, in _emit_insert_statements
    result = connection._execute_20(
             ^^^^^^^^^^^^^^^^^^^^^^^
  File "/home/airflow/.local/lib/python3.11/site-packages/sqlalchemy/engine/base.py", line 1710, in _execute_20
    return meth(self, args_10style, kwargs_10style, execution_options)
           ^^^^^^^^^^^^^^^^^^^^^^^^^^^^^^^^^^^^^^^^^^^^^^^^^^^^^^^^^^^
  File "/home/airflow/.local/lib/python3.11/site-packages/sqlalchemy/sql/elements.py", line 334, in _execute_on_connection
    return connection._execute_clauseelement(
           ^^^^^^^^^^^^^^^^^^^^^^^^^^^^^^^^^^
  File "/home/airflow/.local/lib/python3.11/site-packages/sqlalchemy/engine/base.py", line 1577, in _execute_clauseelement
    ret = self._execute_context(
          ^^^^^^^^^^^^^^^^^^^^^^
  File "/home/airflow/.local/lib/python3.11/site-packages/sqlalchemy/engine/base.py", line 1953, in _execute_context
    self._handle_dbapi_exception(
  File "/home/airflow/.local/lib/python3.11/site-packages/sqlalchemy/engine/base.py", line 2134, in _handle_dbapi_exception
    util.raise_(
  File "/home/airflow/.local/lib/python3.11/site-packages/sqlalchemy/util/compat.py", line 211, in raise_
    raise exception
  File "/home/airflow/.local/lib/python3.11/site-packages/sqlalchemy/engine/base.py", line 1910, in _execute_context
    self.dialect.do_execute(
  File "/home/airflow/.local/lib/python3.11/site-packages/sqlalchemy/engine/default.py", line 736, in do_execute
    cursor.execute(statement, parameters)
sqlalchemy.exc.IntegrityError: (psycopg2.errors.ForeignKeyViolation) insert or update on table "task_fail" violates foreign key constraint "task_fail_ti_fkey"
DETAIL:  Key (dag_id, task_id, run_id, map_index)=(Chaos_Node_DAG, taskA, scheduled__2025-01-10T00:00:00+00:00, -1) is not present in table "task_instance".

[SQL: INSERT INTO task_fail (task_id, dag_id, run_id, map_index, start_date, end_date, duration) VALUES (%(task_id)s, %(dag_id)s, %(run_id)s, %(map_index)s, %(start_date)s, %(end_date)s, %(duration)s) RETURNING task_fail.id]
[parameters: {'task_id': 'taskA', 'dag_id': 'Chaos_Node_DAG', 'run_id': 'scheduled__2025-01-10T00:00:00+00:00', 'map_index': -1, 'start_date': datetime.datetime(2025, 10, 3, 7, 10, 13, 911712, tzinfo=Timezone('UTC')), 'end_date': datetime.datetime(2025, 10, 3, 7, 13, 32, 2655, tzinfo=Timezone('UTC')), 'duration': 198}]
(Background on this error at: https://sqlalche.me/e/14/gkpj)
[2025-10-03T07:13:32.076+0000] {process_utils.py:80} INFO - Process psutil.Process(pid=58, status='terminated', exitcode=1, started='07:10:13') (58) terminated with exit code 1
