[2025-10-06T08:38:28.442+0000] {local_task_job_runner.py:123} INFO - ::group::Pre task execution logs
[2025-10-06T08:38:28.455+0000] {taskinstance.py:2612} INFO - Dependencies all met for dep_context=non-requeueable deps ti=<TaskInstance: Container_Restart.apply_container_restart_docker manual__2025-10-06T08:38:25.623617+00:00 [queued]>
[2025-10-06T08:38:28.461+0000] {taskinstance.py:2612} INFO - Dependencies all met for dep_context=requeueable deps ti=<TaskInstance: Container_Restart.apply_container_restart_docker manual__2025-10-06T08:38:25.623617+00:00 [queued]>
[2025-10-06T08:38:28.462+0000] {taskinstance.py:2865} INFO - Starting attempt 1 of 1
[2025-10-06T08:38:28.474+0000] {taskinstance.py:2888} INFO - Executing <Task(DockerOperator): apply_container_restart_docker> on 2025-10-06 08:38:25.623617+00:00
[2025-10-06T08:38:28.480+0000] {standard_task_runner.py:72} INFO - Started process 55 to run task
[2025-10-06T08:38:28.484+0000] {standard_task_runner.py:104} INFO - Running: ['***', 'tasks', 'run', 'Container_Restart', 'apply_container_restart_docker', 'manual__2025-10-06T08:38:25.623617+00:00', '--job-id', '368', '--raw', '--subdir', 'DAGS_FOLDER/dag_factory.py', '--cfg-path', '/tmp/tmpj78swq0h']
[2025-10-06T08:38:28.485+0000] {standard_task_runner.py:105} INFO - Job 368: Subtask apply_container_restart_docker
[2025-10-06T08:38:28.534+0000] {task_command.py:467} INFO - Running <TaskInstance: Container_Restart.apply_container_restart_docker manual__2025-10-06T08:38:25.623617+00:00 [running]> on host BNXL-80508-WL.India.XoriantCorp.com
[2025-10-06T08:38:28.657+0000] {taskinstance.py:3131} INFO - Exporting env vars: AIRFLOW_CTX_DAG_OWNER='***' AIRFLOW_CTX_DAG_ID='Container_Restart' AIRFLOW_CTX_TASK_ID='apply_container_restart_docker' AIRFLOW_CTX_EXECUTION_DATE='2025-10-06T08:38:25.623617+00:00' AIRFLOW_CTX_TRY_NUMBER='1' AIRFLOW_CTX_DAG_RUN_ID='manual__2025-10-06T08:38:25.623617+00:00'
[2025-10-06T08:38:28.660+0000] {taskinstance.py:731} INFO - ::endgroup::
[2025-10-06T08:38:28.746+0000] {docker.py:367} INFO - Starting docker container from image priyanshu01ce/***_chaos:latest
[2025-10-06T08:38:29.123+0000] {docker.py:438} INFO - The container is run as root user. For security, consider using a regular user account.
[2025-10-06T08:38:35.466+0000] {docker.py:438} INFO - 
[2025-10-06T08:38:35.474+0000] {docker.py:438} INFO - total 460
[2025-10-06T08:38:35.475+0000] {docker.py:438} INFO - drwxr-xr-x 5    1000 1000   4096 Oct  6 06:21 .
[2025-10-06T08:38:35.475+0000] {docker.py:438} INFO - drwxr-xr-x 1 *** root   4096 Oct  5 15:00 ..
[2025-10-06T08:38:35.475+0000] {docker.py:438} INFO - -rw-r--r-- 1    1000 1000   1193 Sep  8 07:02 API_Latency.json
[2025-10-06T08:38:35.475+0000] {docker.py:438} INFO - -rw-r--r-- 1    1000 1000    729 Sep  9 10:30 API_Timeout.json
[2025-10-06T08:38:35.475+0000] {docker.py:438} INFO - -rw-r--r-- 1    1000 1000   1252 Sep 30 06:55 CPU_Stress_Test.yaml
[2025-10-06T08:38:35.476+0000] {docker.py:438} INFO - -rw-r--r-- 1    1000 1000   1243 Sep 30 17:57 CPU_Stress_Test_Azure.yaml
[2025-10-06T08:38:35.476+0000] {docker.py:438} INFO - -rw-r--r-- 1    1000 1000   1339 Sep 26 12:48 Continuous_Load_Test.yaml
[2025-10-06T08:38:35.476+0000] {docker.py:438} INFO - -rw-r--r-- 1    1000 1000   1330 Sep 30 17:58 Continuous_Load_Test_Azure.yaml
[2025-10-06T08:38:35.476+0000] {docker.py:438} INFO - -rw-r--r-- 1    1000 1000   1241 Sep 25 11:21 Load_Test.yaml
[2025-10-06T08:38:35.476+0000] {docker.py:438} INFO - -rw-r--r-- 1    1000 1000   1232 Sep 30 17:58 Load_Test_Azure.yaml
[2025-10-06T08:38:35.476+0000] {docker.py:438} INFO - -rw-r--r-- 1    1000 1000   1267 Sep 30 06:54 Memory_Stress_Test.yaml
[2025-10-06T08:38:35.476+0000] {docker.py:438} INFO - -rw-r--r-- 1    1000 1000   1258 Sep 30 17:57 Memory_Stress_Test_Azure.yaml
[2025-10-06T08:38:35.477+0000] {docker.py:438} INFO - -rw-r--r-- 1    1000 1000   1167 Sep 30 17:57 Stress_Test_Azure.yaml
[2025-10-06T08:38:35.477+0000] {docker.py:438} INFO - -rw-r--r-- 1    1000 1000   1177 Sep 25 10:49 Stress_test.yaml
[2025-10-06T08:38:35.477+0000] {docker.py:438} INFO - -rw-r--r-- 1    1000 1000   1017 Sep 24 10:45 Stress_test_kube.yaml
[2025-10-06T08:38:35.477+0000] {docker.py:438} INFO - drwxr-xr-x 2 root    root   4096 Oct  6 07:28 __pycache__
[2025-10-06T08:38:35.477+0000] {docker.py:438} INFO - -rw-r--r-- 1    1000 1000   8875 Sep 25 16:54 chaosk6_actions.py
[2025-10-06T08:38:35.477+0000] {docker.py:438} INFO - -rw-rw-r-- 1 root    root 128605 Oct  6 07:29 chaostoolkit.log
[2025-10-06T08:38:35.477+0000] {docker.py:438} INFO - -rw-r--r-- 1    1000 1000   3213 Sep  9 09:11 combined-sequential.json
[2025-10-06T08:38:35.478+0000] {docker.py:438} INFO - -rw-r--r-- 1    1000 1000   6735 Oct  3 06:51 complex_chaos_dag.yaml
[2025-10-06T08:38:35.478+0000] {docker.py:438} INFO - -rw-r--r-- 1    1000 1000    502 Sep 16 05:31 connection_test_experiment.json
[2025-10-06T08:38:35.478+0000] {docker.py:438} INFO - -rw-r--r-- 1    1000 1000   1420 Sep 24 06:53 container_restart.json
[2025-10-06T08:38:35.478+0000] {docker.py:438} INFO - -rw-r--r-- 1    1000 1000  16097 Oct  5 14:54 container_restart.py
[2025-10-06T08:38:35.478+0000] {docker.py:438} INFO - -rw-r--r-- 1    1000 1000   1315 Sep 25 11:12 container_restart.yaml
[2025-10-06T08:38:35.478+0000] {docker.py:438} INFO - -rw-r--r-- 1    1000 1000   1305 Sep 30 14:08 container_restart_Azure.yaml
[2025-10-06T08:38:35.479+0000] {docker.py:438} INFO - -rw-r--r-- 1    1000 1000   1031 Sep 24 07:37 container_restart_kube.yaml
[2025-10-06T08:38:35.479+0000] {docker.py:438} INFO - -rw-r--r-- 1    1000 1000   1409 Sep 18 12:30 continuous_load_test.json
[2025-10-06T08:38:35.479+0000] {docker.py:438} INFO - -rw-r--r-- 1    1000 1000   1071 Oct  5 15:40 continuous_load_test_kube.yaml
[2025-10-06T08:38:35.479+0000] {docker.py:438} INFO - -rw-r--r-- 1    1000 1000   1620 Oct  5 15:42 cordon-uncordon-node.json
[2025-10-06T08:38:35.479+0000] {docker.py:438} INFO - -rw-r--r-- 1    1000 1000   1637 Sep 25 04:39 cordon_test.json
[2025-10-06T08:38:35.479+0000] {docker.py:438} INFO - -rw-r--r-- 1    1000 1000   1037 Sep 26 14:51 cordon_uncordon_node.yaml
[2025-10-06T08:38:35.479+0000] {docker.py:438} INFO - -rw-r--r-- 1    1000 1000   1027 Sep 30 17:57 cordon_uncordon_node_Azure.yaml
[2025-10-06T08:38:35.479+0000] {docker.py:438} INFO - -rw-r--r-- 1    1000 1000   1033 Oct  5 14:20 cordon_uncordon_node_kube.yaml
[2025-10-06T08:38:35.480+0000] {docker.py:438} INFO - -rw-r--r-- 1    1000 1000    965 Oct  5 14:20 cpu_stress_kube.yaml
[2025-10-06T08:38:35.480+0000] {docker.py:438} INFO - -rw-r--r-- 1    1000 1000   1203 Sep 30 06:51 cpu_stress_ng.json
[2025-10-06T08:38:35.480+0000] {docker.py:438} INFO - -rw-r--r-- 1    1000 1000   1771 Sep 24 07:40 db_cleanup.json
[2025-10-06T08:38:35.480+0000] {docker.py:438} INFO - -rw-r--r-- 1    1000 1000   6399 Sep 24 07:40 db_cleanup.py
[2025-10-06T08:38:35.480+0000] {docker.py:438} INFO - -rw-r--r-- 1    1000 1000   1172 Sep 24 07:40 db_cleanup_docker.yaml
[2025-10-06T08:38:35.480+0000] {docker.py:438} INFO - -rw-r--r-- 1    1000 1000   1168 Sep 30 17:57 db_cleanup_docker_Azure.yaml
[2025-10-06T08:38:35.481+0000] {docker.py:438} INFO - -rw-r--r-- 1    1000 1000   1097 Sep 24 10:43 db_cleanup_kube.yaml
[2025-10-06T08:38:35.481+0000] {docker.py:438} INFO - -rw-r--r-- 1 root    root   1567 Oct  6 07:29 journal.json
[2025-10-06T08:38:35.481+0000] {docker.py:438} INFO - -rw-r--r-- 1 root    root   3970 Sep 20 09:39 k6_continuous_summary.json
[2025-10-06T08:38:35.481+0000] {docker.py:438} INFO - -rw-r--r-- 1 root    root   3433 Sep 25 09:28 k6_summary.json
[2025-10-06T08:38:35.481+0000] {docker.py:438} INFO - -rw-r--r-- 1    1000 1000    989 Sep 30 09:24 kubernetes_actions.json
[2025-10-06T08:38:35.481+0000] {docker.py:438} INFO - -rw-r--r-- 1    1000 1000  10961 Sep 30 09:23 kubernetes_actions.py
[2025-10-06T08:38:35.482+0000] {docker.py:438} INFO - -rw-r--r-- 1    1000 1000    945 Sep 21 16:40 load_test.json
[2025-10-06T08:38:35.482+0000] {docker.py:438} INFO - -rw-r--r-- 1    1000 1000    879 Sep 24 07:14 load_test_kube.yaml
[2025-10-06T08:38:35.482+0000] {docker.py:438} INFO - -rw-r--r-- 1    1000 1000   1930 Oct  6 08:33 max_connection_experiment.json
[2025-10-06T08:38:35.482+0000] {docker.py:438} INFO - -rw-r--r-- 1    1000 1000   1361 Oct  6 06:21 max_connection_experiment.yaml
[2025-10-06T08:38:35.482+0000] {docker.py:438} INFO - -rw-r--r-- 1    1000 1000   1227 Sep 13 15:20 memory-stress-rollback.json
[2025-10-06T08:38:35.482+0000] {docker.py:438} INFO - -rw-r--r-- 1    1000 1000   1236 Sep 30 06:52 memory_stress.json
[2025-10-06T08:38:35.482+0000] {docker.py:438} INFO - -rw-r--r-- 1    1000 1000   1421 Sep 29 05:20 mongo_db_container_restart.json
[2025-10-06T08:38:35.483+0000] {docker.py:438} INFO - -rw-r--r-- 1    1000 1000   1314 Sep 29 05:28 mongo_db_container_restart.yaml
[2025-10-06T08:38:35.483+0000] {docker.py:438} INFO - -rw-r--r-- 1    1000 1000   3449 Oct  6 07:24 mongodb_actions.py
[2025-10-06T08:38:35.483+0000] {docker.py:438} INFO - -rw-r--r-- 1    1000 1000   1813 Oct  6 07:27 mongodb_connection.json
[2025-10-06T08:38:35.483+0000] {docker.py:438} INFO - -rw-r--r-- 1    1000 1000    597 Sep 16 09:17 mongodb_network_latency_experiment.json
[2025-10-06T08:38:35.483+0000] {docker.py:438} INFO - -rw-r--r-- 1    1000 1000   1632 Oct  6 08:34 mongodb_probes.py
[2025-10-06T08:38:35.483+0000] {docker.py:438} INFO - -rw-r--r-- 1    1000 1000   3071 Oct  5 15:42 node_actions.py
[2025-10-06T08:38:35.483+0000] {docker.py:438} INFO - -rw-r--r-- 1    1000 1000   6161 Sep 12 08:04 pod_restart.py
[2025-10-06T08:38:35.483+0000] {docker.py:438} INFO - -rw-r--r-- 1    1000 1000   1497 Sep 30 05:50 redis_config_faults.py
[2025-10-06T08:38:35.484+0000] {docker.py:438} INFO - -rw-r--r-- 1    1000 1000    862 Sep 30 05:50 redis_experiment.json
[2025-10-06T08:38:35.484+0000] {docker.py:438} INFO - -rw-r--r-- 1    1000 1000   1251 Sep 18 09:25 redis_experiment.yaml
[2025-10-06T08:38:35.484+0000] {docker.py:438} INFO - -rw-r--r-- 1    1000 1000    929 Sep 24 07:35 redis_experiment_kube.yaml
[2025-10-06T08:38:35.484+0000] {docker.py:438} INFO - -rw-r--r-- 1    1000 1000    945 Sep 18 06:53 redis_load.json
[2025-10-06T08:38:35.484+0000] {docker.py:438} INFO - -rw-r--r-- 1    1000 1000   1351 Sep 30 06:40 redis_memory_stress.yaml
[2025-10-06T08:38:35.484+0000] {docker.py:438} INFO - -rw-r--r-- 1    1000 1000   1298 Sep 30 17:57 redis_memory_stress_Azure.yaml
[2025-10-06T08:38:35.484+0000] {docker.py:438} INFO - -rw-r--r-- 1    1000 1000   1284 Sep 25 10:53 run_load_test_with_cleanup.py
[2025-10-06T08:38:35.484+0000] {docker.py:438} INFO - drwxr-xr-x 2    1000 1000   4096 Sep 18 09:09 scripts
[2025-10-06T08:38:35.485+0000] {docker.py:438} INFO - drwxr-xr-x 4    1000 1000   4096 Sep 30 09:41 socialNetwork
[2025-10-06T08:38:35.485+0000] {docker.py:438} INFO - -rw-r--r-- 1    1000 1000    821 Sep 26 13:20 stress_test.json
[2025-10-06T08:38:35.485+0000] {docker.py:438} INFO - -rw-r--r-- 1    1000 1000   3263 Oct  6 05:21 test.yaml
[2025-10-06T08:38:35.485+0000] {docker.py:438} INFO - -rw-r--r-- 1    1000 1000    367 Sep 17 07:24 test_params.json
[2025-10-06T08:38:35.485+0000] {docker.py:438} INFO - Starting continuous container restart experiment...
[2025-10-06T08:38:37.498+0000] {docker.py:438} INFO - [32m[2025-10-06 08:38:37 INFO] Validating the experiment's syntax
[2025-10-06T08:38:37.760+0000] {docker.py:438} INFO - [32m[2025-10-06 08:38:37 INFO] Experiment looks valid
[2025-10-06T08:38:37.761+0000] {docker.py:438} INFO - [32m[2025-10-06 08:38:37 INFO] Running experiment: Continuous Container Restart Experiment
[2025-10-06T08:38:37.764+0000] {docker.py:438} INFO - [32m[2025-10-06 08:38:37 INFO] Steady-state strategy: default
[2025-10-06T08:38:37.764+0000] {docker.py:438} INFO - [32m[2025-10-06 08:38:37 INFO] Rollbacks strategy: default
[2025-10-06T08:38:37.764+0000] {docker.py:438} INFO - [32m[2025-10-06 08:38:37 INFO] No steady state hypothesis defined. That's ok, just exploring.
[2025-10-06T08:38:37.764+0000] {docker.py:438} INFO - [32m[2025-10-06 08:38:37 INFO] Playing your experiment's method now...
[2025-10-06T08:38:37.765+0000] {docker.py:438} INFO - [32m[2025-10-06 08:38:37 INFO] Action: continuous-container-restart
[2025-10-06T08:39:03.756+0000] {local_task_job_runner.py:346} WARNING - State of this instance has been externally set to None. Terminating instance.
[2025-10-06T08:39:03.758+0000] {local_task_job_runner.py:245} INFO - ::endgroup::
[2025-10-06T08:39:03.759+0000] {process_utils.py:132} INFO - Sending 15 to group 55. PIDs of all processes in the group: [55]
[2025-10-06T08:39:03.760+0000] {process_utils.py:87} INFO - Sending the signal 15 to group 55
[2025-10-06T08:39:03.760+0000] {taskinstance.py:3092} ERROR - Received SIGTERM. Terminating subprocesses.
[2025-10-06T08:39:03.761+0000] {docker.py:533} INFO - Stopping docker container
[2025-10-06T08:39:03.946+0000] {taskinstance.py:3310} ERROR - Task failed with exception
Traceback (most recent call last):
  File "/home/airflow/.local/lib/python3.11/site-packages/airflow/models/taskinstance.py", line 767, in _execute_task
    result = _execute_callable(context=context, **execute_callable_kwargs)
             ^^^^^^^^^^^^^^^^^^^^^^^^^^^^^^^^^^^^^^^^^^^^^^^^^^^^^^^^^^^^^
  File "/home/airflow/.local/lib/python3.11/site-packages/airflow/models/taskinstance.py", line 733, in _execute_callable
    return ExecutionCallableRunner(
           ^^^^^^^^^^^^^^^^^^^^^^^^
  File "/home/airflow/.local/lib/python3.11/site-packages/airflow/utils/operator_helpers.py", line 252, in run
    return self.func(*args, **kwargs)
           ^^^^^^^^^^^^^^^^^^^^^^^^^^
  File "/home/airflow/.local/lib/python3.11/site-packages/airflow/models/baseoperator.py", line 406, in wrapper
    return func(self, *args, **kwargs)
           ^^^^^^^^^^^^^^^^^^^^^^^^^^^
  File "/home/airflow/.local/lib/python3.11/site-packages/airflow/providers/docker/operators/docker.py", line 513, in execute
    return self._run_image()
           ^^^^^^^^^^^^^^^^^
  File "/home/airflow/.local/lib/python3.11/site-packages/airflow/providers/docker/operators/docker.py", line 384, in _run_image
    return self._run_image_with_mounts(self.mounts, add_tmp_variable=False)
           ^^^^^^^^^^^^^^^^^^^^^^^^^^^^^^^^^^^^^^^^^^^^^^^^^^^^^^^^^^^^^^^^
  File "/home/airflow/.local/lib/python3.11/site-packages/airflow/providers/docker/operators/docker.py", line 434, in _run_image_with_mounts
    for log_chunk in logstream:
  File "/home/airflow/.local/lib/python3.11/site-packages/docker/types/daemon.py", line 29, in __next__
    return next(self._stream)
           ^^^^^^^^^^^^^^^^^^
  File "/home/airflow/.local/lib/python3.11/site-packages/docker/api/client.py", line 438, in <genexpr>
    gen = (data for (_, data) in gen)
          ^^^^^^^^^^^^^^^^^^^^^^^^^^^
  File "/home/airflow/.local/lib/python3.11/site-packages/docker/utils/socket.py", line 112, in frames_iter_no_tty
    (stream, n) = next_frame_header(socket)
                  ^^^^^^^^^^^^^^^^^^^^^^^^^
  File "/home/airflow/.local/lib/python3.11/site-packages/docker/utils/socket.py", line 84, in next_frame_header
    data = read_exactly(socket, 8)
           ^^^^^^^^^^^^^^^^^^^^^^^
  File "/home/airflow/.local/lib/python3.11/site-packages/docker/utils/socket.py", line 69, in read_exactly
    next_data = read(socket, n - len(data))
                ^^^^^^^^^^^^^^^^^^^^^^^^^^^
  File "/home/airflow/.local/lib/python3.11/site-packages/docker/utils/socket.py", line 40, in read
    poll.poll()
  File "/home/airflow/.local/lib/python3.11/site-packages/airflow/models/taskinstance.py", line 3094, in signal_handler
    raise AirflowTaskTerminated("Task received SIGTERM signal")
airflow.exceptions.AirflowTaskTerminated: Task received SIGTERM signal
[2025-10-06T08:39:03.955+0000] {taskinstance.py:1225} INFO - Marking task as FAILED. dag_id=Container_Restart, task_id=apply_container_restart_docker, run_id=manual__2025-10-06T08:38:25.623617+00:00, execution_date=20251006T083825, start_date=20251006T083828, end_date=20251006T083903
[2025-10-06T08:39:03.972+0000] {taskinstance.py:340} INFO - ::group::Post task execution logs
[2025-10-06T08:39:03.973+0000] {standard_task_runner.py:124} ERROR - Failed to execute job 368 for task apply_container_restart_docker ((psycopg2.errors.ForeignKeyViolation) insert or update on table "task_fail" violates foreign key constraint "task_fail_ti_fkey"
DETAIL:  Key (dag_id, task_id, run_id, map_index)=(Container_Restart, apply_container_restart_docker, manual__2025-10-06T08:38:25.623617+00:00, -1) is not present in table "task_instance".

[SQL: INSERT INTO task_fail (task_id, dag_id, run_id, map_index, start_date, end_date, duration) VALUES (%(task_id)s, %(dag_id)s, %(run_id)s, %(map_index)s, %(start_date)s, %(end_date)s, %(duration)s) RETURNING task_fail.id]
[parameters: {'task_id': 'apply_container_restart_docker', 'dag_id': 'Container_Restart', 'run_id': 'manual__2025-10-06T08:38:25.623617+00:00', 'map_index': -1, 'start_date': datetime.datetime(2025, 10, 6, 8, 38, 28, 455382, tzinfo=Timezone('UTC')), 'end_date': datetime.datetime(2025, 10, 6, 8, 39, 3, 955217, tzinfo=Timezone('UTC')), 'duration': 35}]
(Background on this error at: https://sqlalche.me/e/14/gkpj); 55)
Traceback (most recent call last):
  File "/home/airflow/.local/lib/python3.11/site-packages/airflow/models/taskinstance.py", line 273, in _run_raw_task
    TaskInstance._execute_task_with_callbacks(
  File "/home/airflow/.local/lib/python3.11/site-packages/airflow/models/taskinstance.py", line 3158, in _execute_task_with_callbacks
    result = self._execute_task(context, task_orig)
             ^^^^^^^^^^^^^^^^^^^^^^^^^^^^^^^^^^^^^^
  File "/home/airflow/.local/lib/python3.11/site-packages/airflow/models/taskinstance.py", line 3182, in _execute_task
    return _execute_task(self, context, task_orig)
           ^^^^^^^^^^^^^^^^^^^^^^^^^^^^^^^^^^^^^^^
  File "/home/airflow/.local/lib/python3.11/site-packages/airflow/models/taskinstance.py", line 767, in _execute_task
    result = _execute_callable(context=context, **execute_callable_kwargs)
             ^^^^^^^^^^^^^^^^^^^^^^^^^^^^^^^^^^^^^^^^^^^^^^^^^^^^^^^^^^^^^
  File "/home/airflow/.local/lib/python3.11/site-packages/airflow/models/taskinstance.py", line 733, in _execute_callable
    return ExecutionCallableRunner(
           ^^^^^^^^^^^^^^^^^^^^^^^^
  File "/home/airflow/.local/lib/python3.11/site-packages/airflow/utils/operator_helpers.py", line 252, in run
    return self.func(*args, **kwargs)
           ^^^^^^^^^^^^^^^^^^^^^^^^^^
  File "/home/airflow/.local/lib/python3.11/site-packages/airflow/models/baseoperator.py", line 406, in wrapper
    return func(self, *args, **kwargs)
           ^^^^^^^^^^^^^^^^^^^^^^^^^^^
  File "/home/airflow/.local/lib/python3.11/site-packages/airflow/providers/docker/operators/docker.py", line 513, in execute
    return self._run_image()
           ^^^^^^^^^^^^^^^^^
  File "/home/airflow/.local/lib/python3.11/site-packages/airflow/providers/docker/operators/docker.py", line 384, in _run_image
    return self._run_image_with_mounts(self.mounts, add_tmp_variable=False)
           ^^^^^^^^^^^^^^^^^^^^^^^^^^^^^^^^^^^^^^^^^^^^^^^^^^^^^^^^^^^^^^^^
  File "/home/airflow/.local/lib/python3.11/site-packages/airflow/providers/docker/operators/docker.py", line 434, in _run_image_with_mounts
    for log_chunk in logstream:
  File "/home/airflow/.local/lib/python3.11/site-packages/docker/types/daemon.py", line 29, in __next__
    return next(self._stream)
           ^^^^^^^^^^^^^^^^^^
  File "/home/airflow/.local/lib/python3.11/site-packages/docker/api/client.py", line 438, in <genexpr>
    gen = (data for (_, data) in gen)
          ^^^^^^^^^^^^^^^^^^^^^^^^^^^
  File "/home/airflow/.local/lib/python3.11/site-packages/docker/utils/socket.py", line 112, in frames_iter_no_tty
    (stream, n) = next_frame_header(socket)
                  ^^^^^^^^^^^^^^^^^^^^^^^^^
  File "/home/airflow/.local/lib/python3.11/site-packages/docker/utils/socket.py", line 84, in next_frame_header
    data = read_exactly(socket, 8)
           ^^^^^^^^^^^^^^^^^^^^^^^
  File "/home/airflow/.local/lib/python3.11/site-packages/docker/utils/socket.py", line 69, in read_exactly
    next_data = read(socket, n - len(data))
                ^^^^^^^^^^^^^^^^^^^^^^^^^^^
  File "/home/airflow/.local/lib/python3.11/site-packages/docker/utils/socket.py", line 40, in read
    poll.poll()
  File "/home/airflow/.local/lib/python3.11/site-packages/airflow/models/taskinstance.py", line 3094, in signal_handler
    raise AirflowTaskTerminated("Task received SIGTERM signal")
airflow.exceptions.AirflowTaskTerminated: Task received SIGTERM signal

During handling of the above exception, another exception occurred:

Traceback (most recent call last):
  File "/home/airflow/.local/lib/python3.11/site-packages/sqlalchemy/engine/base.py", line 1910, in _execute_context
    self.dialect.do_execute(
  File "/home/airflow/.local/lib/python3.11/site-packages/sqlalchemy/engine/default.py", line 736, in do_execute
    cursor.execute(statement, parameters)
psycopg2.errors.ForeignKeyViolation: insert or update on table "task_fail" violates foreign key constraint "task_fail_ti_fkey"
DETAIL:  Key (dag_id, task_id, run_id, map_index)=(Container_Restart, apply_container_restart_docker, manual__2025-10-06T08:38:25.623617+00:00, -1) is not present in table "task_instance".


The above exception was the direct cause of the following exception:

Traceback (most recent call last):
  File "/home/airflow/.local/lib/python3.11/site-packages/airflow/task/task_runner/standard_task_runner.py", line 117, in _start_by_fork
    ret = args.func(args, dag=self.dag)
          ^^^^^^^^^^^^^^^^^^^^^^^^^^^^^
  File "/home/airflow/.local/lib/python3.11/site-packages/airflow/cli/cli_config.py", line 49, in command
    return func(*args, **kwargs)
           ^^^^^^^^^^^^^^^^^^^^^
  File "/home/airflow/.local/lib/python3.11/site-packages/airflow/utils/cli.py", line 115, in wrapper
    return f(*args, **kwargs)
           ^^^^^^^^^^^^^^^^^^
  File "/home/airflow/.local/lib/python3.11/site-packages/airflow/cli/commands/task_command.py", line 483, in task_run
    task_return_code = _run_task_by_selected_method(args, _dag, ti)
                       ^^^^^^^^^^^^^^^^^^^^^^^^^^^^^^^^^^^^^^^^^^^^
  File "/home/airflow/.local/lib/python3.11/site-packages/airflow/cli/commands/task_command.py", line 256, in _run_task_by_selected_method
    return _run_raw_task(args, ti)
           ^^^^^^^^^^^^^^^^^^^^^^^
  File "/home/airflow/.local/lib/python3.11/site-packages/airflow/cli/commands/task_command.py", line 341, in _run_raw_task
    return ti._run_raw_task(
           ^^^^^^^^^^^^^^^^^
  File "/home/airflow/.local/lib/python3.11/site-packages/airflow/utils/session.py", line 97, in wrapper
    return func(*args, session=session, **kwargs)
           ^^^^^^^^^^^^^^^^^^^^^^^^^^^^^^^^^^^^^^
  File "/home/airflow/.local/lib/python3.11/site-packages/airflow/models/taskinstance.py", line 3004, in _run_raw_task
    return _run_raw_task(
           ^^^^^^^^^^^^^^
  File "/home/airflow/.local/lib/python3.11/site-packages/airflow/models/taskinstance.py", line 327, in _run_raw_task
    ti.handle_failure(e, test_mode, context, session=session)
  File "/home/airflow/.local/lib/python3.11/site-packages/airflow/utils/session.py", line 94, in wrapper
    return func(*args, **kwargs)
           ^^^^^^^^^^^^^^^^^^^^^
  File "/home/airflow/.local/lib/python3.11/site-packages/airflow/models/taskinstance.py", line 3427, in handle_failure
    _handle_failure(
  File "/home/airflow/.local/lib/python3.11/site-packages/airflow/utils/session.py", line 94, in wrapper
    return func(*args, **kwargs)
           ^^^^^^^^^^^^^^^^^^^^^
  File "/home/airflow/.local/lib/python3.11/site-packages/airflow/api_internal/internal_api_call.py", line 139, in wrapper
    return func(*args, **kwargs)
           ^^^^^^^^^^^^^^^^^^^^^
  File "/home/airflow/.local/lib/python3.11/site-packages/airflow/models/taskinstance.py", line 1243, in _handle_failure
    TaskInstance.save_to_db(failure_context["ti"], session)
  File "/home/airflow/.local/lib/python3.11/site-packages/airflow/api_internal/internal_api_call.py", line 139, in wrapper
    return func(*args, **kwargs)
           ^^^^^^^^^^^^^^^^^^^^^
  File "/home/airflow/.local/lib/python3.11/site-packages/airflow/utils/session.py", line 94, in wrapper
    return func(*args, **kwargs)
           ^^^^^^^^^^^^^^^^^^^^^
  File "/home/airflow/.local/lib/python3.11/site-packages/airflow/models/taskinstance.py", line 3399, in save_to_db
    session.flush()
  File "/home/airflow/.local/lib/python3.11/site-packages/sqlalchemy/orm/session.py", line 3449, in flush
    self._flush(objects)
  File "/home/airflow/.local/lib/python3.11/site-packages/sqlalchemy/orm/session.py", line 3588, in _flush
    with util.safe_reraise():
  File "/home/airflow/.local/lib/python3.11/site-packages/sqlalchemy/util/langhelpers.py", line 70, in __exit__
    compat.raise_(
  File "/home/airflow/.local/lib/python3.11/site-packages/sqlalchemy/util/compat.py", line 211, in raise_
    raise exception
  File "/home/airflow/.local/lib/python3.11/site-packages/sqlalchemy/orm/session.py", line 3549, in _flush
    flush_context.execute()
  File "/home/airflow/.local/lib/python3.11/site-packages/sqlalchemy/orm/unitofwork.py", line 456, in execute
    rec.execute(self)
  File "/home/airflow/.local/lib/python3.11/site-packages/sqlalchemy/orm/unitofwork.py", line 630, in execute
    util.preloaded.orm_persistence.save_obj(
  File "/home/airflow/.local/lib/python3.11/site-packages/sqlalchemy/orm/persistence.py", line 245, in save_obj
    _emit_insert_statements(
  File "/home/airflow/.local/lib/python3.11/site-packages/sqlalchemy/orm/persistence.py", line 1238, in _emit_insert_statements
    result = connection._execute_20(
             ^^^^^^^^^^^^^^^^^^^^^^^
  File "/home/airflow/.local/lib/python3.11/site-packages/sqlalchemy/engine/base.py", line 1710, in _execute_20
    return meth(self, args_10style, kwargs_10style, execution_options)
           ^^^^^^^^^^^^^^^^^^^^^^^^^^^^^^^^^^^^^^^^^^^^^^^^^^^^^^^^^^^
  File "/home/airflow/.local/lib/python3.11/site-packages/sqlalchemy/sql/elements.py", line 334, in _execute_on_connection
    return connection._execute_clauseelement(
           ^^^^^^^^^^^^^^^^^^^^^^^^^^^^^^^^^^
  File "/home/airflow/.local/lib/python3.11/site-packages/sqlalchemy/engine/base.py", line 1577, in _execute_clauseelement
    ret = self._execute_context(
          ^^^^^^^^^^^^^^^^^^^^^^
  File "/home/airflow/.local/lib/python3.11/site-packages/sqlalchemy/engine/base.py", line 1953, in _execute_context
    self._handle_dbapi_exception(
  File "/home/airflow/.local/lib/python3.11/site-packages/sqlalchemy/engine/base.py", line 2134, in _handle_dbapi_exception
    util.raise_(
  File "/home/airflow/.local/lib/python3.11/site-packages/sqlalchemy/util/compat.py", line 211, in raise_
    raise exception
  File "/home/airflow/.local/lib/python3.11/site-packages/sqlalchemy/engine/base.py", line 1910, in _execute_context
    self.dialect.do_execute(
  File "/home/airflow/.local/lib/python3.11/site-packages/sqlalchemy/engine/default.py", line 736, in do_execute
    cursor.execute(statement, parameters)
sqlalchemy.exc.IntegrityError: (psycopg2.errors.ForeignKeyViolation) insert or update on table "task_fail" violates foreign key constraint "task_fail_ti_fkey"
DETAIL:  Key (dag_id, task_id, run_id, map_index)=(Container_Restart, apply_container_restart_docker, manual__2025-10-06T08:38:25.623617+00:00, -1) is not present in table "task_instance".

[SQL: INSERT INTO task_fail (task_id, dag_id, run_id, map_index, start_date, end_date, duration) VALUES (%(task_id)s, %(dag_id)s, %(run_id)s, %(map_index)s, %(start_date)s, %(end_date)s, %(duration)s) RETURNING task_fail.id]
[parameters: {'task_id': 'apply_container_restart_docker', 'dag_id': 'Container_Restart', 'run_id': 'manual__2025-10-06T08:38:25.623617+00:00', 'map_index': -1, 'start_date': datetime.datetime(2025, 10, 6, 8, 38, 28, 455382, tzinfo=Timezone('UTC')), 'end_date': datetime.datetime(2025, 10, 6, 8, 39, 3, 955217, tzinfo=Timezone('UTC')), 'duration': 35}]
(Background on this error at: https://sqlalche.me/e/14/gkpj)
[2025-10-06T08:39:04.013+0000] {process_utils.py:80} INFO - Process psutil.Process(pid=55, status='terminated', exitcode=1, started='08:38:27') (55) terminated with exit code 1
