[2025-10-03T07:12:13.205+0000] {local_task_job_runner.py:123} INFO - ::group::Pre task execution logs
[2025-10-03T07:12:13.284+0000] {taskinstance.py:2612} INFO - Dependencies all met for dep_context=non-requeueable deps ti=<TaskInstance: Chaos_Node_DAG.taskA manual__2025-10-03T07:09:56.208808+00:00 [queued]>
[2025-10-03T07:12:13.329+0000] {taskinstance.py:2612} INFO - Dependencies all met for dep_context=requeueable deps ti=<TaskInstance: Chaos_Node_DAG.taskA manual__2025-10-03T07:09:56.208808+00:00 [queued]>
[2025-10-03T07:12:13.330+0000] {taskinstance.py:2865} INFO - Starting attempt 2 of 2
[2025-10-03T07:12:13.381+0000] {taskinstance.py:2888} INFO - Executing <Task(DockerOperator): taskA> on 2025-10-03 07:09:56.208808+00:00
[2025-10-03T07:12:13.400+0000] {standard_task_runner.py:72} INFO - Started process 71 to run task
[2025-10-03T07:12:13.409+0000] {standard_task_runner.py:104} INFO - Running: ['***', 'tasks', 'run', 'Chaos_Node_DAG', 'taskA', 'manual__2025-10-03T07:09:56.208808+00:00', '--job-id', '356', '--raw', '--subdir', 'DAGS_FOLDER/dag_factory.py', '--cfg-path', '/tmp/tmpfxw8rl44']
[2025-10-03T07:12:13.411+0000] {standard_task_runner.py:105} INFO - Job 356: Subtask taskA
[2025-10-03T07:12:13.538+0000] {task_command.py:467} INFO - Running <TaskInstance: Chaos_Node_DAG.taskA manual__2025-10-03T07:09:56.208808+00:00 [running]> on host BNXL-80508-WL.India.XoriantCorp.com
[2025-10-03T07:12:11.316+0000] {taskinstance.py:3131} INFO - Exporting env vars: AIRFLOW_CTX_DAG_OWNER='***' AIRFLOW_CTX_DAG_ID='Chaos_Node_DAG' AIRFLOW_CTX_TASK_ID='taskA' AIRFLOW_CTX_EXECUTION_DATE='2025-10-03T07:09:56.208808+00:00' AIRFLOW_CTX_TRY_NUMBER='2' AIRFLOW_CTX_DAG_RUN_ID='manual__2025-10-03T07:09:56.208808+00:00'
[2025-10-03T07:12:11.319+0000] {taskinstance.py:731} INFO - ::endgroup::
[2025-10-03T07:12:11.571+0000] {docker.py:367} INFO - Starting docker container from image ***_chaos:latest
[2025-10-03T07:12:12.465+0000] {docker.py:438} INFO - The container is run as root user. For security, consider using a regular user account.
[2025-10-03T07:12:29.754+0000] {docker.py:438} INFO - 
[2025-10-03T07:12:31.543+0000] {docker.py:438} INFO - [32m[2025-10-03 07:12:31 INFO] Validating the experiment's syntax
[2025-10-03T07:12:32.786+0000] {docker.py:438} INFO - [32m[2025-10-03 07:12:32 INFO] Experiment looks valid
[2025-10-03T07:12:32.789+0000] {docker.py:438} INFO - [32m[2025-10-03 07:12:32 INFO] Running experiment: Continuous Container Restart Experiment
[2025-10-03T07:12:32.794+0000] {docker.py:438} INFO - [32m[2025-10-03 07:12:32 INFO] Steady-state strategy: default
[2025-10-03T07:12:32.797+0000] {docker.py:438} INFO - [32m[2025-10-03 07:12:32 INFO] Rollbacks strategy: default
[2025-10-03T07:12:32.798+0000] {docker.py:438} INFO - [32m[2025-10-03 07:12:32 INFO] No steady state hypothesis defined. That's ok, just exploring.
[2025-10-03T07:12:32.799+0000] {docker.py:438} INFO - [32m[2025-10-03 07:12:32 INFO] Playing your experiment's method now...
[2025-10-03T07:12:32.800+0000] {docker.py:438} INFO - [32m[2025-10-03 07:12:32 INFO] Action: continuous-container-restart
[2025-10-03T07:12:53.511+0000] {local_task_job_runner.py:346} WARNING - State of this instance has been externally set to queued. Terminating instance.
[2025-10-03T07:12:53.511+0000] {local_task_job_runner.py:245} INFO - ::endgroup::
[2025-10-03T07:12:53.514+0000] {process_utils.py:132} INFO - Sending 15 to group 71. PIDs of all processes in the group: [71]
[2025-10-03T07:12:53.515+0000] {process_utils.py:87} INFO - Sending the signal 15 to group 71
[2025-10-03T07:12:53.515+0000] {taskinstance.py:3092} ERROR - Received SIGTERM. Terminating subprocesses.
[2025-10-03T07:12:53.516+0000] {docker.py:533} INFO - Stopping docker container
[2025-10-03T07:13:03.829+0000] {taskinstance.py:340} INFO - ::group::Post task execution logs
[2025-10-03T07:13:03.874+0000] {process_utils.py:80} INFO - Process psutil.Process(pid=71, status='terminated', exitcode=0, started='07:12:12') (71) terminated with exit code 0
