[2025-10-03T07:10:13.669+0000] {local_task_job_runner.py:123} INFO - ::group::Pre task execution logs
[2025-10-03T07:10:13.741+0000] {taskinstance.py:2612} INFO - Dependencies all met for dep_context=non-requeueable deps ti=<TaskInstance: Chaos_Node_DAG.taskA manual__2025-10-03T07:09:56.208808+00:00 [queued]>
[2025-10-03T07:10:13.765+0000] {taskinstance.py:2612} INFO - Dependencies all met for dep_context=requeueable deps ti=<TaskInstance: Chaos_Node_DAG.taskA manual__2025-10-03T07:09:56.208808+00:00 [queued]>
[2025-10-03T07:10:13.766+0000] {taskinstance.py:2865} INFO - Starting attempt 1 of 1
[2025-10-03T07:10:13.976+0000] {taskinstance.py:2888} INFO - Executing <Task(DockerOperator): taskA> on 2025-10-03 07:09:56.208808+00:00
[2025-10-03T07:10:14.029+0000] {standard_task_runner.py:72} INFO - Started process 64 to run task
[2025-10-03T07:10:14.097+0000] {standard_task_runner.py:104} INFO - Running: ['***', 'tasks', 'run', 'Chaos_Node_DAG', 'taskA', 'manual__2025-10-03T07:09:56.208808+00:00', '--job-id', '354', '--raw', '--subdir', 'DAGS_FOLDER/dag_factory.py', '--cfg-path', '/tmp/tmpngqv_1c_']
[2025-10-03T07:10:14.113+0000] {standard_task_runner.py:105} INFO - Job 354: Subtask taskA
[2025-10-03T07:10:14.654+0000] {task_command.py:467} INFO - Running <TaskInstance: Chaos_Node_DAG.taskA manual__2025-10-03T07:09:56.208808+00:00 [running]> on host BNXL-80508-WL.India.XoriantCorp.com
[2025-10-03T07:10:15.317+0000] {taskinstance.py:3131} INFO - Exporting env vars: AIRFLOW_CTX_DAG_OWNER='***' AIRFLOW_CTX_DAG_ID='Chaos_Node_DAG' AIRFLOW_CTX_TASK_ID='taskA' AIRFLOW_CTX_EXECUTION_DATE='2025-10-03T07:09:56.208808+00:00' AIRFLOW_CTX_TRY_NUMBER='1' AIRFLOW_CTX_DAG_RUN_ID='manual__2025-10-03T07:09:56.208808+00:00'
[2025-10-03T07:10:15.319+0000] {taskinstance.py:731} INFO - ::endgroup::
[2025-10-03T07:10:15.955+0000] {docker.py:367} INFO - Starting docker container from image ***_chaos:latest
[2025-10-03T07:10:17.682+0000] {docker.py:438} INFO - The container is run as root user. For security, consider using a regular user account.
[2025-10-03T07:10:35.083+0000] {local_task_job_runner.py:346} WARNING - State of this instance has been externally set to restarting. Terminating instance.
[2025-10-03T07:10:35.096+0000] {local_task_job_runner.py:245} INFO - ::endgroup::
[2025-10-03T07:10:35.105+0000] {process_utils.py:132} INFO - Sending 15 to group 64. PIDs of all processes in the group: [64]
[2025-10-03T07:10:35.130+0000] {process_utils.py:87} INFO - Sending the signal 15 to group 64
[2025-10-03T07:10:35.131+0000] {taskinstance.py:3092} ERROR - Received SIGTERM. Terminating subprocesses.
[2025-10-03T07:10:35.133+0000] {docker.py:533} INFO - Stopping docker container
[2025-10-03T07:10:36.001+0000] {taskinstance.py:3310} ERROR - Task failed with exception
Traceback (most recent call last):
  File "/home/airflow/.local/lib/python3.11/site-packages/airflow/models/taskinstance.py", line 767, in _execute_task
    result = _execute_callable(context=context, **execute_callable_kwargs)
             ^^^^^^^^^^^^^^^^^^^^^^^^^^^^^^^^^^^^^^^^^^^^^^^^^^^^^^^^^^^^^
  File "/home/airflow/.local/lib/python3.11/site-packages/airflow/models/taskinstance.py", line 733, in _execute_callable
    return ExecutionCallableRunner(
           ^^^^^^^^^^^^^^^^^^^^^^^^
  File "/home/airflow/.local/lib/python3.11/site-packages/airflow/utils/operator_helpers.py", line 252, in run
    return self.func(*args, **kwargs)
           ^^^^^^^^^^^^^^^^^^^^^^^^^^
  File "/home/airflow/.local/lib/python3.11/site-packages/airflow/models/baseoperator.py", line 406, in wrapper
    return func(self, *args, **kwargs)
           ^^^^^^^^^^^^^^^^^^^^^^^^^^^
  File "/home/airflow/.local/lib/python3.11/site-packages/airflow/providers/docker/operators/docker.py", line 513, in execute
    return self._run_image()
           ^^^^^^^^^^^^^^^^^
  File "/home/airflow/.local/lib/python3.11/site-packages/airflow/providers/docker/operators/docker.py", line 384, in _run_image
    return self._run_image_with_mounts(self.mounts, add_tmp_variable=False)
           ^^^^^^^^^^^^^^^^^^^^^^^^^^^^^^^^^^^^^^^^^^^^^^^^^^^^^^^^^^^^^^^^
  File "/home/airflow/.local/lib/python3.11/site-packages/airflow/providers/docker/operators/docker.py", line 434, in _run_image_with_mounts
    for log_chunk in logstream:
  File "/home/airflow/.local/lib/python3.11/site-packages/docker/types/daemon.py", line 29, in __next__
    return next(self._stream)
           ^^^^^^^^^^^^^^^^^^
  File "/home/airflow/.local/lib/python3.11/site-packages/docker/api/client.py", line 438, in <genexpr>
    gen = (data for (_, data) in gen)
          ^^^^^^^^^^^^^^^^^^^^^^^^^^^
  File "/home/airflow/.local/lib/python3.11/site-packages/docker/utils/socket.py", line 112, in frames_iter_no_tty
    (stream, n) = next_frame_header(socket)
                  ^^^^^^^^^^^^^^^^^^^^^^^^^
  File "/home/airflow/.local/lib/python3.11/site-packages/docker/utils/socket.py", line 84, in next_frame_header
    data = read_exactly(socket, 8)
           ^^^^^^^^^^^^^^^^^^^^^^^
  File "/home/airflow/.local/lib/python3.11/site-packages/docker/utils/socket.py", line 69, in read_exactly
    next_data = read(socket, n - len(data))
                ^^^^^^^^^^^^^^^^^^^^^^^^^^^
  File "/home/airflow/.local/lib/python3.11/site-packages/docker/utils/socket.py", line 40, in read
    poll.poll()
  File "/home/airflow/.local/lib/python3.11/site-packages/airflow/models/taskinstance.py", line 3094, in signal_handler
    raise AirflowTaskTerminated("Task received SIGTERM signal")
airflow.exceptions.AirflowTaskTerminated: Task received SIGTERM signal
[2025-10-03T07:10:36.029+0000] {taskinstance.py:1225} INFO - Marking task as UP_FOR_RETRY. dag_id=Chaos_Node_DAG, task_id=taskA, run_id=manual__2025-10-03T07:09:56.208808+00:00, execution_date=20251003T070956, start_date=20251003T071013, end_date=20251003T071036
[2025-10-03T07:10:36.075+0000] {taskinstance.py:340} INFO - ::group::Post task execution logs
[2025-10-03T07:10:36.138+0000] {process_utils.py:80} INFO - Process psutil.Process(pid=64, status='terminated', exitcode=2, started='07:10:13') (64) terminated with exit code 2
