[2025-09-25T17:53:46.508+0000] {local_task_job_runner.py:123} INFO - ::group::Pre task execution logs
[2025-09-25T17:53:46.529+0000] {taskinstance.py:2612} INFO - Dependencies all met for dep_context=non-requeueable deps ti=<TaskInstance: Redis_Memory_Stress.apply_redis_memory_stress scheduled__2025-01-10T00:00:00+00:00 [queued]>
[2025-09-25T17:53:46.537+0000] {taskinstance.py:2612} INFO - Dependencies all met for dep_context=requeueable deps ti=<TaskInstance: Redis_Memory_Stress.apply_redis_memory_stress scheduled__2025-01-10T00:00:00+00:00 [queued]>
[2025-09-25T17:53:46.537+0000] {taskinstance.py:2865} INFO - Starting attempt 1 of 1
[2025-09-25T17:53:46.551+0000] {taskinstance.py:2888} INFO - Executing <Task(DockerOperator): apply_redis_memory_stress> on 2025-01-10 00:00:00+00:00
[2025-09-25T17:53:46.557+0000] {standard_task_runner.py:72} INFO - Started process 185 to run task
[2025-09-25T17:53:46.561+0000] {standard_task_runner.py:104} INFO - Running: ['***', 'tasks', 'run', 'Redis_Memory_Stress', 'apply_redis_memory_stress', 'scheduled__2025-01-10T00:00:00+00:00', '--job-id', '321', '--raw', '--subdir', 'DAGS_FOLDER/dag_factory.py', '--cfg-path', '/tmp/tmpuof7o5u1']
[2025-09-25T17:53:46.563+0000] {standard_task_runner.py:105} INFO - Job 321: Subtask apply_redis_memory_stress
[2025-09-25T17:53:46.616+0000] {task_command.py:467} INFO - Running <TaskInstance: Redis_Memory_Stress.apply_redis_memory_stress scheduled__2025-01-10T00:00:00+00:00 [running]> on host BNXL-80508-WL.India.XoriantCorp.com
[2025-09-25T17:53:46.704+0000] {taskinstance.py:3131} INFO - Exporting env vars: AIRFLOW_CTX_DAG_OWNER='***' AIRFLOW_CTX_DAG_ID='Redis_Memory_Stress' AIRFLOW_CTX_TASK_ID='apply_redis_memory_stress' AIRFLOW_CTX_EXECUTION_DATE='2025-01-10T00:00:00+00:00' AIRFLOW_CTX_TRY_NUMBER='1' AIRFLOW_CTX_DAG_RUN_ID='scheduled__2025-01-10T00:00:00+00:00'
[2025-09-25T17:53:46.706+0000] {taskinstance.py:731} INFO - ::endgroup::
[2025-09-25T17:53:46.775+0000] {docker.py:367} INFO - Starting docker container from image ***_chaos:latest
[2025-09-25T17:53:47.315+0000] {docker.py:438} INFO - The container is run as root user. For security, consider using a regular user account.
[2025-09-25T17:53:54.596+0000] {docker.py:438} INFO - 
[2025-09-25T17:53:55.372+0000] {docker.py:438} INFO - [32m[2025-09-25 17:53:55 INFO] Validating the experiment's syntax
[2025-09-25T17:53:55.538+0000] {docker.py:438} INFO - [32m[2025-09-25 17:53:55 INFO] Experiment looks valid
[2025-09-25T17:53:55.539+0000] {docker.py:438} INFO - [32m[2025-09-25 17:53:55 INFO] Running experiment: Local Redis Memory Stress Test
[2025-09-25T17:53:55.543+0000] {docker.py:438} INFO - [32m[2025-09-25 17:53:55 INFO] Steady-state strategy: default
[2025-09-25T17:53:55.543+0000] {docker.py:438} INFO - [32m[2025-09-25 17:53:55 INFO] Rollbacks strategy: default
[2025-09-25T17:53:55.544+0000] {docker.py:438} INFO - [32m[2025-09-25 17:53:55 INFO] No steady state hypothesis defined. That's ok, just exploring.
[2025-09-25T17:53:55.544+0000] {docker.py:438} INFO - [32m[2025-09-25 17:53:55 INFO] Playing your experiment's method now...
[2025-09-25T17:53:55.544+0000] {docker.py:438} INFO - [32m[2025-09-25 17:53:55 INFO] Action: redis-memory-stress-complete
[2025-09-25T17:56:59.584+0000] {docker.py:438} INFO - [32m[2025-09-25 17:56:59 INFO] Let's rollback...
[2025-09-25T17:56:59.585+0000] {docker.py:438} INFO - [32m[2025-09-25 17:56:59 INFO] Rollback: reset-redis-memory
[2025-09-25T17:56:59.585+0000] {docker.py:438} INFO - [32m[2025-09-25 17:56:59 INFO] Action: reset-redis-memory
[2025-09-25T17:57:01.031+0000] {docker.py:438} INFO - [32m[2025-09-25 17:57:01 INFO] Experiment ended with status: completed
[2025-09-25T17:57:01.032+0000] {docker.py:438} INFO - [INFO] Set maxmemory=100KB, policy=noeviction
[2025-09-25T17:57:01.033+0000] {docker.py:438} INFO - [INFO] Redis used memory: 6.49M
[2025-09-25T17:57:01.033+0000] {docker.py:438} INFO - [INFO] Keys evicted: 0
[2025-09-25T17:57:01.034+0000] {docker.py:438} INFO - [INFO] Holding stress for 180 seconds...
[2025-09-25T17:57:01.034+0000] {docker.py:438} INFO - [INFO] Redis maxmemory reset to unlimited, policy reset to noeviction
[2025-09-25T17:57:01.034+0000] {docker.py:438} INFO - [INFO] Redis maxmemory reset to unlimited, policy reset to noeviction
[2025-09-25T17:57:01.103+0000] {docker.py:438} INFO - Sleeping for 180 seconds...
[2025-09-25T18:00:01.107+0000] {docker.py:438} INFO - Redis memory stress test completed
[2025-09-25T18:00:01.276+0000] {taskinstance.py:340} INFO - ::group::Post task execution logs
[2025-09-25T18:00:01.277+0000] {taskinstance.py:352} INFO - Marking task as SUCCESS. dag_id=Redis_Memory_Stress, task_id=apply_redis_memory_stress, run_id=scheduled__2025-01-10T00:00:00+00:00, execution_date=20250110T000000, start_date=20250925T175346, end_date=20250925T180001
[2025-09-25T18:00:01.332+0000] {local_task_job_runner.py:266} INFO - Task exited with return code 0
[2025-09-25T18:00:01.345+0000] {taskinstance.py:3900} INFO - 0 downstream tasks scheduled from follow-on schedule check
[2025-09-25T18:00:01.348+0000] {local_task_job_runner.py:245} INFO - ::endgroup::
