[2025-09-25T17:26:43.722+0000] {local_task_job_runner.py:123} INFO - ::group::Pre task execution logs
[2025-09-25T17:26:43.739+0000] {taskinstance.py:2612} INFO - Dependencies all met for dep_context=non-requeueable deps ti=<TaskInstance: Container_Restart.apply_container_restart_docker manual__2025-09-25T17:26:39.704584+00:00 [queued]>
[2025-09-25T17:26:43.749+0000] {taskinstance.py:2612} INFO - Dependencies all met for dep_context=requeueable deps ti=<TaskInstance: Container_Restart.apply_container_restart_docker manual__2025-09-25T17:26:39.704584+00:00 [queued]>
[2025-09-25T17:26:43.749+0000] {taskinstance.py:2865} INFO - Starting attempt 1 of 1
[2025-09-25T17:26:43.766+0000] {taskinstance.py:2888} INFO - Executing <Task(DockerOperator): apply_container_restart_docker> on 2025-09-25 17:26:39.704584+00:00
[2025-09-25T17:26:43.773+0000] {standard_task_runner.py:72} INFO - Started process 179 to run task
[2025-09-25T17:26:43.786+0000] {standard_task_runner.py:104} INFO - Running: ['***', 'tasks', 'run', 'Container_Restart', 'apply_container_restart_docker', 'manual__2025-09-25T17:26:39.704584+00:00', '--job-id', '319', '--raw', '--subdir', 'DAGS_FOLDER/dag_factory.py', '--cfg-path', '/tmp/tmpexv70ors']
[2025-09-25T17:26:43.788+0000] {standard_task_runner.py:105} INFO - Job 319: Subtask apply_container_restart_docker
[2025-09-25T17:26:43.918+0000] {task_command.py:467} INFO - Running <TaskInstance: Container_Restart.apply_container_restart_docker manual__2025-09-25T17:26:39.704584+00:00 [running]> on host BNXL-80508-WL.India.XoriantCorp.com
[2025-09-25T17:26:44.101+0000] {taskinstance.py:3131} INFO - Exporting env vars: AIRFLOW_CTX_DAG_OWNER='***' AIRFLOW_CTX_DAG_ID='Container_Restart' AIRFLOW_CTX_TASK_ID='apply_container_restart_docker' AIRFLOW_CTX_EXECUTION_DATE='2025-09-25T17:26:39.704584+00:00' AIRFLOW_CTX_TRY_NUMBER='1' AIRFLOW_CTX_DAG_RUN_ID='manual__2025-09-25T17:26:39.704584+00:00'
[2025-09-25T17:26:44.104+0000] {taskinstance.py:731} INFO - ::endgroup::
[2025-09-25T17:26:44.288+0000] {docker.py:367} INFO - Starting docker container from image priyanshu01ce/***_chaos:latest
[2025-09-25T17:26:44.740+0000] {docker.py:438} INFO - The container is run as root user. For security, consider using a regular user account.
[2025-09-25T17:26:56.779+0000] {docker.py:438} INFO - 
[2025-09-25T17:26:56.795+0000] {docker.py:438} INFO - total 11036
[2025-09-25T17:26:56.796+0000] {docker.py:438} INFO - drwxr-xr-x 4    1000 1000     4096 Sep 25 11:14 .
[2025-09-25T17:26:56.797+0000] {docker.py:438} INFO - drwxr-xr-x 1 *** root     4096 Sep 24 12:24 ..
[2025-09-25T17:26:56.797+0000] {docker.py:438} INFO - -rw-r--r-- 1    1000 1000     1193 Sep  8 07:02 API_Latency.json
[2025-09-25T17:26:56.797+0000] {docker.py:438} INFO - -rw-r--r-- 1    1000 1000      729 Sep  9 10:30 API_Timeout.json
[2025-09-25T17:26:56.798+0000] {docker.py:438} INFO - -rw-r--r-- 1    1000 1000     1333 Sep 25 12:12 Continuous_Load_Test.yaml
[2025-09-25T17:26:56.798+0000] {docker.py:438} INFO - -rw-r--r-- 1    1000 1000     1241 Sep 25 11:21 Load_Test.yaml
[2025-09-25T17:26:56.801+0000] {docker.py:438} INFO - -rw-r--r-- 1    1000 1000     1177 Sep 25 10:49 Stress_test.yaml
[2025-09-25T17:26:56.801+0000] {docker.py:438} INFO - -rw-r--r-- 1    1000 1000     1017 Sep 24 10:45 Stress_test_kube.yaml
[2025-09-25T17:26:56.802+0000] {docker.py:438} INFO - drwxr-xr-x 2 root    root     4096 Sep 25 16:54 __pycache__
[2025-09-25T17:26:56.803+0000] {docker.py:438} INFO - -rw-r--r-- 1    1000 1000     8875 Sep 25 16:54 chaosk6_actions.py
[2025-09-25T17:26:56.803+0000] {docker.py:438} INFO - -rw-rw-r-- 1 root    root   119322 Sep 25 17:23 chaostoolkit.log
[2025-09-25T17:26:56.804+0000] {docker.py:438} INFO - -rw-r--r-- 1    1000 1000     3213 Sep  9 09:11 combined-sequential.json
[2025-09-25T17:26:56.805+0000] {docker.py:438} INFO - -rw-r--r-- 1    1000 1000      502 Sep 16 05:31 connection_test_experiment.json
[2025-09-25T17:26:56.805+0000] {docker.py:438} INFO - -rw-r--r-- 1    1000 1000     1420 Sep 24 06:53 container_restart.json
[2025-09-25T17:26:56.806+0000] {docker.py:438} INFO - -rw-r--r-- 1    1000 1000    13551 Sep 25 05:07 container_restart.py
[2025-09-25T17:26:56.806+0000] {docker.py:438} INFO - -rw-r--r-- 1    1000 1000     1315 Sep 25 11:12 container_restart.yaml
[2025-09-25T17:26:56.807+0000] {docker.py:438} INFO - -rw-r--r-- 1    1000 1000     1031 Sep 24 07:37 container_restart_kube.yaml
[2025-09-25T17:26:56.807+0000] {docker.py:438} INFO - -rw-r--r-- 1    1000 1000     1409 Sep 18 12:30 continuous_load_test.json
[2025-09-25T17:26:56.807+0000] {docker.py:438} INFO - -rw-r--r-- 1    1000 1000     1637 Sep 25 10:13 cordon-uncordon-node.json
[2025-09-25T17:26:56.808+0000] {docker.py:438} INFO - -rw-r--r-- 1    1000 1000     1637 Sep 25 04:39 cordon_test.json
[2025-09-25T17:26:56.808+0000] {docker.py:438} INFO - -rw-r--r-- 1    1000 1000     1037 Sep 25 11:18 cordon_uncordon_node.yaml
[2025-09-25T17:26:56.808+0000] {docker.py:438} INFO - -rw-r--r-- 1    1000 1000     1214 Sep 24 17:12 cordon_uncordon_node_kube.yaml
[2025-09-25T17:26:56.809+0000] {docker.py:438} INFO - -rw-r--r-- 1    1000 1000     1771 Sep 24 07:40 db_cleanup.json
[2025-09-25T17:26:56.809+0000] {docker.py:438} INFO - -rw-r--r-- 1    1000 1000     6399 Sep 24 07:40 db_cleanup.py
[2025-09-25T17:26:56.809+0000] {docker.py:438} INFO - -rw-r--r-- 1    1000 1000     1172 Sep 24 07:40 db_cleanup_docker.yaml
[2025-09-25T17:26:56.810+0000] {docker.py:438} INFO - -rw-r--r-- 1    1000 1000     1097 Sep 24 10:43 db_cleanup_kube.yaml
[2025-09-25T17:26:56.810+0000] {docker.py:438} INFO - -rw-r--r-- 1 root    root     3236 Sep 25 17:05 journal.json
[2025-09-25T17:26:56.810+0000] {docker.py:438} INFO - -rw-rw-r-- 1 root    root    27632 Sep 25 17:26 k6_continuous_load.log
[2025-09-25T17:26:56.811+0000] {docker.py:438} INFO - -rw-r--r-- 1 root    root     3970 Sep 20 09:39 k6_continuous_summary.json
[2025-09-25T17:26:56.811+0000] {docker.py:438} INFO - -rw-rw-r-- 1 root    root 10911089 Sep 25 09:28 k6_post_api.log
[2025-09-25T17:26:56.811+0000] {docker.py:438} INFO - -rw-r--r-- 1 root    root     3433 Sep 25 09:28 k6_summary.json
[2025-09-25T17:26:56.812+0000] {docker.py:438} INFO - -rw-r--r-- 1    1000 1000      945 Sep 21 16:40 load_test.json
[2025-09-25T17:26:56.812+0000] {docker.py:438} INFO - -rw-r--r-- 1    1000 1000      879 Sep 24 07:14 load_test_kube.yaml
[2025-09-25T17:26:56.812+0000] {docker.py:438} INFO - -rw-r--r-- 1    1000 1000      528 Sep 17 12:13 max_connection_experiment.json
[2025-09-25T17:26:56.813+0000] {docker.py:438} INFO - -rw-r--r-- 1    1000 1000     1227 Sep 13 15:20 memory-stress-rollback.json
[2025-09-25T17:26:56.813+0000] {docker.py:438} INFO - -rw-r--r-- 1    1000 1000     7586 Sep 18 05:54 mongodb_actions.py
[2025-09-25T17:26:56.814+0000] {docker.py:438} INFO - -rw-r--r-- 1    1000 1000     2136 Sep 18 11:23 mongodb_connection.json
[2025-09-25T17:26:56.814+0000] {docker.py:438} INFO - -rw-r--r-- 1    1000 1000      597 Sep 16 09:17 mongodb_network_latency_experiment.json
[2025-09-25T17:26:56.814+0000] {docker.py:438} INFO - -rw-r--r-- 1    1000 1000     3657 Sep 18 05:42 mongodb_probes.py
[2025-09-25T17:26:56.815+0000] {docker.py:438} INFO - -rw-r--r-- 1    1000 1000     6161 Sep 12 08:04 pod_restart.py
[2025-09-25T17:26:56.815+0000] {docker.py:438} INFO - -rw-r--r-- 1    1000 1000     1632 Sep 16 08:57 redis_config_faults.py
[2025-09-25T17:26:56.815+0000] {docker.py:438} INFO - -rw-r--r-- 1    1000 1000      902 Sep 18 08:24 redis_experiment.json
[2025-09-25T17:26:56.816+0000] {docker.py:438} INFO - -rw-r--r-- 1    1000 1000     1251 Sep 18 09:25 redis_experiment.yaml
[2025-09-25T17:26:56.816+0000] {docker.py:438} INFO - -rw-r--r-- 1    1000 1000      929 Sep 24 07:35 redis_experiment_kube.yaml
[2025-09-25T17:26:56.816+0000] {docker.py:438} INFO - -rw-r--r-- 1    1000 1000      945 Sep 18 06:53 redis_load.json
[2025-09-25T17:26:56.817+0000] {docker.py:438} INFO - -rw-r--r-- 1    1000 1000     1255 Sep 25 11:19 redis_memory_stress.yaml
[2025-09-25T17:26:56.817+0000] {docker.py:438} INFO - -rw-r--r-- 1    1000 1000     1284 Sep 25 10:53 run_load_test_with_cleanup.py
[2025-09-25T17:26:56.818+0000] {docker.py:438} INFO - drwxr-xr-x 2    1000 1000     4096 Sep 18 09:09 scripts
[2025-09-25T17:26:56.818+0000] {docker.py:438} INFO - -rw-r--r-- 1    1000 1000     2034 Sep 25 10:52 stress_test.json
[2025-09-25T17:26:56.818+0000] {docker.py:438} INFO - -rw-r--r-- 1    1000 1000      367 Sep 17 07:24 test_params.json
[2025-09-25T17:26:56.819+0000] {docker.py:438} INFO - Starting continuous container restart experiment...
[2025-09-25T17:26:58.110+0000] {docker.py:438} INFO - [32m[2025-09-25 17:26:58 INFO] Validating the experiment's syntax
[2025-09-25T17:26:59.012+0000] {docker.py:438} INFO - [32m[2025-09-25 17:26:59 INFO] Experiment looks valid
[2025-09-25T17:26:59.013+0000] {docker.py:438} INFO - [32m[2025-09-25 17:26:59 INFO] Running experiment: Continuous Container Restart Experiment
[2025-09-25T17:26:59.016+0000] {docker.py:438} INFO - [32m[2025-09-25 17:26:59 INFO] Steady-state strategy: default
[2025-09-25T17:26:59.017+0000] {docker.py:438} INFO - [32m[2025-09-25 17:26:59 INFO] Rollbacks strategy: default
[2025-09-25T17:26:59.017+0000] {docker.py:438} INFO - [32m[2025-09-25 17:26:59 INFO] No steady state hypothesis defined. That's ok, just exploring.
[2025-09-25T17:26:59.017+0000] {docker.py:438} INFO - [32m[2025-09-25 17:26:59 INFO] Playing your experiment's method now...
[2025-09-25T17:26:59.018+0000] {docker.py:438} INFO - [32m[2025-09-25 17:26:59 INFO] Action: continuous-container-restart
[2025-09-25T17:30:06.269+0000] {job.py:229} INFO - Heartbeat recovered after 13.12 seconds
[2025-09-25T17:30:31.278+0000] {docker.py:438} INFO - 🚀 Starting continuous container restart experiment
[2025-09-25T17:30:31.279+0000] {docker.py:438} INFO - 📅 Interval: 5 seconds
[2025-09-25T17:30:31.279+0000] {docker.py:438} INFO - ⏱️  Duration: 400 seconds
[2025-09-25T17:30:31.279+0000] {docker.py:438} INFO - 🎯 Target: app=compose-post-service
[2025-09-25T17:30:31.279+0000] {docker.py:438} INFO - 📍 Namespace: default
[2025-09-25T17:30:31.279+0000] {docker.py:438} INFO - 📦 Container: compose-post-service
[2025-09-25T17:30:31.280+0000] {docker.py:438} INFO - 
[2025-09-25T17:30:31.280+0000] {docker.py:438} INFO - ============================================================
[2025-09-25T17:30:31.280+0000] {docker.py:438} INFO - 🔄 Container Restart #1 at 2025-09-25 17:26:59
[2025-09-25T17:30:31.280+0000] {docker.py:438} INFO - ============================================================
[2025-09-25T17:30:31.280+0000] {docker.py:438} INFO - 🔄 Container restart function started!
[2025-09-25T17:30:31.280+0000] {docker.py:438} INFO - 🔍 Selecting pods with label_selector: app=compose-post-service
[2025-09-25T17:30:31.280+0000] {docker.py:438} INFO - 📋 Found 1 pods initially
[2025-09-25T17:30:31.281+0000] {docker.py:438} INFO - 🎲 Random selection: 1 pods
[2025-09-25T17:30:31.281+0000] {docker.py:438} INFO - ✅ Selected pods: ['compose-post-service-84c9d87f8f-x77bx']
[2025-09-25T17:30:31.281+0000] {docker.py:438} INFO - 🎯 Restarting container in pod: compose-post-service-84c9d87f8f-x77bx
[2025-09-25T17:30:31.281+0000] {docker.py:438} INFO - 📊 Current restart count: 0
[2025-09-25T17:30:31.281+0000] {docker.py:438} INFO - 🔧 Trying restart strategy 1: sh -c kill -INT 1
[2025-09-25T17:30:31.281+0000] {docker.py:438} INFO - ✅ Signal sent successfully to container in pod compose-post-service-84c9d87f8f-x77bx
[2025-09-25T17:30:31.282+0000] {docker.py:438} INFO - ⏳ Waiting for container restart (up to 60 seconds)...
[2025-09-25T17:30:31.282+0000] {docker.py:438} INFO - ✅ Container restart verified! Count: 0 → 1
[2025-09-25T17:30:31.282+0000] {docker.py:438} INFO - 🏁 Restart operation completed for 1 containers
[2025-09-25T17:30:31.282+0000] {docker.py:438} INFO - ✅ Successfully restarted: 1 containers
[2025-09-25T17:30:31.282+0000] {docker.py:438} INFO - ✅ Successfully restarted 1 containers
[2025-09-25T17:30:31.283+0000] {docker.py:438} INFO -    📦 compose-post-service-84c9d87f8f-x77bx: restart_verified
[2025-09-25T17:30:31.283+0000] {docker.py:438} INFO - ⏳ Waiting 5 seconds until next restart...
[2025-09-25T17:30:31.283+0000] {docker.py:438} INFO - 📊 Time remaining: 395 seconds
[2025-09-25T17:30:31.283+0000] {docker.py:438} INFO - 📈 Total containers restarted so far: 1
[2025-09-25T17:30:31.283+0000] {docker.py:438} INFO - 
[2025-09-25T17:30:31.283+0000] {docker.py:438} INFO - ============================================================
[2025-09-25T17:30:31.284+0000] {docker.py:438} INFO - 🔄 Container Restart #2 at 2025-09-25 17:27:08
[2025-09-25T17:30:31.284+0000] {docker.py:438} INFO - ============================================================
[2025-09-25T17:30:31.284+0000] {docker.py:438} INFO - 🔄 Container restart function started!
[2025-09-25T17:30:31.284+0000] {docker.py:438} INFO - 🔍 Selecting pods with label_selector: app=compose-post-service
[2025-09-25T17:30:31.284+0000] {docker.py:438} INFO - 📋 Found 1 pods initially
[2025-09-25T17:30:31.284+0000] {docker.py:438} INFO - 🎲 Random selection: 1 pods
[2025-09-25T17:30:31.285+0000] {docker.py:438} INFO - ✅ Selected pods: ['compose-post-service-84c9d87f8f-x77bx']
[2025-09-25T17:30:31.285+0000] {docker.py:438} INFO - 🎯 Restarting container in pod: compose-post-service-84c9d87f8f-x77bx
[2025-09-25T17:30:31.285+0000] {docker.py:438} INFO - 📊 Current restart count: 1
[2025-09-25T17:30:31.285+0000] {docker.py:438} INFO - 🔧 Trying restart strategy 1: sh -c kill -INT 1
[2025-09-25T17:30:31.285+0000] {docker.py:438} INFO - ✅ Signal sent successfully to container in pod compose-post-service-84c9d87f8f-x77bx
[2025-09-25T17:30:31.285+0000] {docker.py:438} INFO - ⏳ Waiting for container restart (up to 60 seconds)...
[2025-09-25T17:30:31.286+0000] {docker.py:438} INFO - ✅ Container restart verified! Count: 1 → 2
[2025-09-25T17:30:31.286+0000] {docker.py:438} INFO - 🏁 Restart operation completed for 1 containers
[2025-09-25T17:30:31.286+0000] {docker.py:438} INFO - ✅ Successfully restarted: 1 containers
[2025-09-25T17:30:31.286+0000] {docker.py:438} INFO - ✅ Successfully restarted 1 containers
[2025-09-25T17:30:31.286+0000] {docker.py:438} INFO -    📦 compose-post-service-84c9d87f8f-x77bx: restart_verified
[2025-09-25T17:30:31.286+0000] {docker.py:438} INFO - ⏳ Waiting 5 seconds until next restart...
[2025-09-25T17:30:31.286+0000] {docker.py:438} INFO - 📊 Time remaining: 372 seconds
[2025-09-25T17:30:31.286+0000] {docker.py:438} INFO - 📈 Total containers restarted so far: 2
[2025-09-25T17:30:31.287+0000] {docker.py:438} INFO - 
[2025-09-25T17:30:31.287+0000] {docker.py:438} INFO - ============================================================
[2025-09-25T17:30:31.287+0000] {docker.py:438} INFO - 🔄 Container Restart #3 at 2025-09-25 17:27:31
[2025-09-25T17:30:31.287+0000] {docker.py:438} INFO - ============================================================
[2025-09-25T17:30:31.287+0000] {docker.py:438} INFO - 🔄 Container restart function started!
[2025-09-25T17:30:31.287+0000] {docker.py:438} INFO - 🔍 Selecting pods with label_selector: app=compose-post-service
[2025-09-25T17:30:31.287+0000] {docker.py:438} INFO - 📋 Found 1 pods initially
[2025-09-25T17:30:31.287+0000] {docker.py:438} INFO - 🎲 Random selection: 1 pods
[2025-09-25T17:30:31.288+0000] {docker.py:438} INFO - ✅ Selected pods: ['compose-post-service-84c9d87f8f-x77bx']
[2025-09-25T17:30:31.288+0000] {docker.py:438} INFO - 🎯 Restarting container in pod: compose-post-service-84c9d87f8f-x77bx
[2025-09-25T17:30:31.288+0000] {docker.py:438} INFO - 📊 Current restart count: 2
[2025-09-25T17:30:31.288+0000] {docker.py:438} INFO - 🔧 Trying restart strategy 1: sh -c kill -INT 1
[2025-09-25T17:30:31.288+0000] {docker.py:438} INFO - ✅ Signal sent successfully to container in pod compose-post-service-84c9d87f8f-x77bx
[2025-09-25T17:30:31.288+0000] {docker.py:438} INFO - ⏳ Waiting for container restart (up to 60 seconds)...
[2025-09-25T17:30:31.289+0000] {docker.py:438} INFO - ✅ Container restart verified! Count: 2 → 3
[2025-09-25T17:30:31.289+0000] {docker.py:438} INFO - 🏁 Restart operation completed for 1 containers
[2025-09-25T17:30:31.289+0000] {docker.py:438} INFO - ✅ Successfully restarted: 1 containers
[2025-09-25T17:30:31.289+0000] {docker.py:438} INFO - ✅ Successfully restarted 1 containers
[2025-09-25T17:30:31.289+0000] {docker.py:438} INFO -    📦 compose-post-service-84c9d87f8f-x77bx: restart_verified
[2025-09-25T17:30:31.289+0000] {docker.py:438} INFO - ⏳ Waiting 5 seconds until next restart...
[2025-09-25T17:30:31.289+0000] {docker.py:438} INFO - 📊 Time remaining: 336 seconds
[2025-09-25T17:30:31.290+0000] {docker.py:438} INFO - 📈 Total containers restarted so far: 3
[2025-09-25T17:30:31.290+0000] {docker.py:438} INFO - 
[2025-09-25T17:30:31.290+0000] {docker.py:438} INFO - ============================================================
[2025-09-25T17:30:31.290+0000] {docker.py:438} INFO - 🔄 Container Restart #4 at 2025-09-25 17:28:08
[2025-09-25T17:30:31.290+0000] {docker.py:438} INFO - ============================================================
[2025-09-25T17:30:31.290+0000] {docker.py:438} INFO - 🔄 Container restart function started!
[2025-09-25T17:30:31.290+0000] {docker.py:438} INFO - 🔍 Selecting pods with label_selector: app=compose-post-service
[2025-09-25T17:30:31.291+0000] {docker.py:438} INFO - 📋 Found 1 pods initially
[2025-09-25T17:30:31.291+0000] {docker.py:438} INFO - 🎲 Random selection: 1 pods
[2025-09-25T17:30:31.291+0000] {docker.py:438} INFO - ✅ Selected pods: ['compose-post-service-84c9d87f8f-x77bx']
[2025-09-25T17:30:31.291+0000] {docker.py:438} INFO - 🎯 Restarting container in pod: compose-post-service-84c9d87f8f-x77bx
[2025-09-25T17:30:31.291+0000] {docker.py:438} INFO - 📊 Current restart count: 3
[2025-09-25T17:30:31.291+0000] {docker.py:438} INFO - 🔧 Trying restart strategy 1: sh -c kill -INT 1
[2025-09-25T17:30:31.291+0000] {docker.py:438} INFO - ✅ Signal sent successfully to container in pod compose-post-service-84c9d87f8f-x77bx
[2025-09-25T17:30:31.292+0000] {docker.py:438} INFO - ⏳ Waiting for container restart (up to 60 seconds)...
[2025-09-25T17:30:31.292+0000] {docker.py:438} INFO - ✅ Container restart verified! Count: 3 → 4
[2025-09-25T17:30:31.292+0000] {docker.py:438} INFO - 🏁 Restart operation completed for 1 containers
[2025-09-25T17:30:31.292+0000] {docker.py:438} INFO - ✅ Successfully restarted: 1 containers
[2025-09-25T17:30:31.292+0000] {docker.py:438} INFO - ✅ Successfully restarted 1 containers
[2025-09-25T17:30:31.293+0000] {docker.py:438} INFO -    📦 compose-post-service-84c9d87f8f-x77bx: restart_verified
[2025-09-25T17:30:31.293+0000] {docker.py:438} INFO - ⏳ Waiting 5 seconds until next restart...
[2025-09-25T17:30:31.293+0000] {docker.py:438} INFO - 📊 Time remaining: 279 seconds
[2025-09-25T17:30:31.293+0000] {docker.py:438} INFO - 📈 Total containers restarted so far: 4
[2025-09-25T17:30:31.293+0000] {docker.py:438} INFO - 
[2025-09-25T17:30:31.294+0000] {docker.py:438} INFO - ============================================================
[2025-09-25T17:30:31.294+0000] {docker.py:438} INFO - 🔄 Container Restart #5 at 2025-09-25 17:29:05
[2025-09-25T17:30:31.294+0000] {docker.py:438} INFO - ============================================================
[2025-09-25T17:30:31.294+0000] {docker.py:438} INFO - 🔄 Container restart function started!
[2025-09-25T17:30:31.294+0000] {docker.py:438} INFO - 🔍 Selecting pods with label_selector: app=compose-post-service
[2025-09-25T17:30:31.295+0000] {docker.py:438} INFO - 📋 Found 1 pods initially
[2025-09-25T17:30:31.295+0000] {docker.py:438} INFO - 🎲 Random selection: 1 pods
[2025-09-25T17:30:31.295+0000] {docker.py:438} INFO - ✅ Selected pods: ['compose-post-service-84c9d87f8f-x77bx']
[2025-09-25T17:30:31.295+0000] {docker.py:438} INFO - 🎯 Restarting container in pod: compose-post-service-84c9d87f8f-x77bx
[2025-09-25T17:30:31.295+0000] {docker.py:438} INFO - 📊 Current restart count: 4
[2025-09-25T17:30:31.295+0000] {docker.py:438} INFO - 🔧 Trying restart strategy 1: sh -c kill -INT 1
[2025-09-25T17:30:31.295+0000] {docker.py:438} INFO - ✅ Signal sent successfully to container in pod compose-post-service-84c9d87f8f-x77bx
[2025-09-25T17:30:31.296+0000] {docker.py:438} INFO - ⏳ Waiting for container restart (up to 60 seconds)...
[2025-09-25T17:30:31.296+0000] {docker.py:438} INFO - ⚠️  Strategy 1 didn't cause restart, trying next...
[2025-09-25T17:30:31.296+0000] {docker.py:438} INFO - 🔧 Trying restart strategy 2: sh -c kill -2 1
[2025-09-25T17:30:31.296+0000] {docker.py:438} INFO - ❌ Strategy 2 failed: (0)
[2025-09-25T17:30:31.296+0000] {docker.py:438} INFO - Reason: Handshake status 500 Internal Server Error -+-+- {'date': 'Thu, 25 Sep 2025 17:30:11 GMT', 'connection': 'close', 'content-length': '0'} -+-+- b''
[2025-09-25T17:30:31.296+0000] {docker.py:438} INFO - 
[2025-09-25T17:30:31.296+0000] {docker.py:438} INFO - 🔧 Trying restart strategy 3: sh -c kill -TERM 1
[2025-09-25T17:30:31.296+0000] {docker.py:438} INFO - ❌ Strategy 3 failed: (0)
[2025-09-25T17:30:31.297+0000] {docker.py:438} INFO - Reason: Handshake status 500 Internal Server Error -+-+- {'date': 'Thu, 25 Sep 2025 17:30:12 GMT', 'connection': 'close', 'content-length': '0'} -+-+- b''
[2025-09-25T17:30:31.297+0000] {docker.py:438} INFO - 
[2025-09-25T17:30:31.297+0000] {docker.py:438} INFO - 🔧 Trying restart strategy 4: sh -c kill -9 1
[2025-09-25T17:30:31.297+0000] {docker.py:438} INFO - ❌ Strategy 4 failed: (0)
[2025-09-25T17:30:31.297+0000] {docker.py:438} INFO - Reason: Handshake status 500 Internal Server Error -+-+- {'date': 'Thu, 25 Sep 2025 17:30:14 GMT', 'connection': 'close', 'content-length': '0'} -+-+- b''
[2025-09-25T17:30:31.297+0000] {docker.py:438} INFO - 
[2025-09-25T17:30:31.297+0000] {docker.py:438} INFO - ❌ All restart strategies failed - container restart not verified
[2025-09-25T17:30:31.297+0000] {docker.py:438} INFO - 🏁 Restart operation completed for 1 containers
[2025-09-25T17:30:31.298+0000] {docker.py:438} INFO - ✅ Successfully restarted: 0 containers
[2025-09-25T17:30:31.298+0000] {docker.py:438} INFO - ✅ Successfully restarted 1 containers
[2025-09-25T17:30:31.298+0000] {docker.py:438} INFO -    📦 compose-post-service-84c9d87f8f-x77bx: restart_failed
[2025-09-25T17:30:31.298+0000] {docker.py:438} INFO - ⏳ Waiting 5 seconds until next restart...
[2025-09-25T17:30:31.298+0000] {docker.py:438} INFO - 📊 Time remaining: 205 seconds
[2025-09-25T17:30:31.298+0000] {docker.py:438} INFO - 📈 Total containers restarted so far: 5
[2025-09-25T17:30:31.298+0000] {docker.py:438} INFO - 
[2025-09-25T17:30:31.299+0000] {docker.py:438} INFO - ============================================================
[2025-09-25T17:30:31.299+0000] {docker.py:438} INFO - 🔄 Container Restart #6 at 2025-09-25 17:30:19
[2025-09-25T17:30:31.299+0000] {docker.py:438} INFO - ============================================================
[2025-09-25T17:30:31.299+0000] {docker.py:438} INFO - 🔄 Container restart function started!
[2025-09-25T17:30:31.299+0000] {docker.py:438} INFO - 🔍 Selecting pods with label_selector: app=compose-post-service
[2025-09-25T17:30:31.299+0000] {docker.py:438} INFO - 📋 Found 1 pods initially
[2025-09-25T17:30:31.299+0000] {docker.py:438} INFO - 🎲 Random selection: 1 pods
[2025-09-25T17:30:31.299+0000] {docker.py:438} INFO - ✅ Selected pods: ['compose-post-service-84c9d87f8f-x77bx']
[2025-09-25T17:30:31.300+0000] {docker.py:438} INFO - 🎯 Restarting container in pod: compose-post-service-84c9d87f8f-x77bx
[2025-09-25T17:30:31.300+0000] {docker.py:438} INFO - 📊 Current restart count: 4
[2025-09-25T17:30:31.300+0000] {docker.py:438} INFO - 🔧 Trying restart strategy 1: sh -c kill -INT 1
[2025-09-25T17:30:31.300+0000] {docker.py:438} INFO - ❌ Strategy 1 failed: (0)
[2025-09-25T17:30:31.300+0000] {docker.py:438} INFO - Reason: Handshake status 500 Internal Server Error -+-+- {'date': 'Thu, 25 Sep 2025 17:30:22 GMT', 'connection': 'close', 'content-length': '0'} -+-+- b''
[2025-09-25T17:30:31.300+0000] {docker.py:438} INFO - 
[2025-09-25T17:30:31.301+0000] {docker.py:438} INFO - 🔧 Trying restart strategy 2: sh -c kill -2 1
[2025-09-25T17:30:31.301+0000] {docker.py:438} INFO - ❌ Strategy 2 failed: (0)
[2025-09-25T17:30:31.301+0000] {docker.py:438} INFO - Reason: Handshake status 500 Internal Server Error -+-+- {'date': 'Thu, 25 Sep 2025 17:30:23 GMT', 'connection': 'close', 'content-length': '0'} -+-+- b''
[2025-09-25T17:30:31.301+0000] {docker.py:438} INFO - 
[2025-09-25T17:30:31.301+0000] {docker.py:438} INFO - 🔧 Trying restart strategy 3: sh -c kill -TERM 1
[2025-09-25T17:30:31.302+0000] {docker.py:438} INFO - ❌ Strategy 3 failed: (0)
[2025-09-25T17:30:31.302+0000] {docker.py:438} INFO - Reason: Handshake status 500 Internal Server Error -+-+- {'date': 'Thu, 25 Sep 2025 17:30:24 GMT', 'connection': 'close', 'content-length': '0'} -+-+- b''
[2025-09-25T17:30:31.302+0000] {docker.py:438} INFO - 
[2025-09-25T17:30:31.302+0000] {docker.py:438} INFO - 🔧 Trying restart strategy 4: sh -c kill -9 1
[2025-09-25T17:30:31.302+0000] {docker.py:438} INFO - ❌ Strategy 4 failed: (0)
[2025-09-25T17:30:31.303+0000] {docker.py:438} INFO - Reason: Handshake status 500 Internal Server Error -+-+- {'date': 'Thu, 25 Sep 2025 17:30:26 GMT', 'connection': 'close', 'content-length': '0'} -+-+- b''
[2025-09-25T17:30:31.303+0000] {docker.py:438} INFO - 
[2025-09-25T17:30:31.303+0000] {docker.py:438} INFO - ❌ All restart strategies failed - container restart not verified
[2025-09-25T17:30:31.303+0000] {docker.py:438} INFO - 🏁 Restart operation completed for 1 containers
[2025-09-25T17:30:31.303+0000] {docker.py:438} INFO - ✅ Successfully restarted: 0 containers
[2025-09-25T17:30:31.303+0000] {docker.py:438} INFO - ✅ Successfully restarted 1 containers
[2025-09-25T17:30:31.303+0000] {docker.py:438} INFO -    📦 compose-post-service-84c9d87f8f-x77bx: restart_failed
[2025-09-25T17:30:31.304+0000] {docker.py:438} INFO - ⏳ Waiting 5 seconds until next restart...
[2025-09-25T17:30:31.304+0000] {docker.py:438} INFO - 📊 Time remaining: 193 seconds
[2025-09-25T17:30:31.304+0000] {docker.py:438} INFO - 📈 Total containers restarted so far: 6
[2025-09-25T17:30:31.304+0000] {docker.py:438} INFO - 
[2025-09-25T17:30:31.304+0000] {docker.py:438} INFO - ============================================================
[2025-09-25T17:30:31.304+0000] {docker.py:438} INFO - 🔄 Container Restart #7 at 2025-09-25 17:30:31
[2025-09-25T17:30:31.304+0000] {docker.py:438} INFO - ============================================================
[2025-09-25T17:32:29.394+0000] {docker.py:438} INFO - 🔄 Container restart function started!
[2025-09-25T17:32:29.396+0000] {docker.py:438} INFO - 🔍 Selecting pods with label_selector: app=compose-post-service
[2025-09-25T17:32:29.397+0000] {docker.py:438} INFO - 📋 Found 1 pods initially
[2025-09-25T17:32:29.397+0000] {docker.py:438} INFO - 🎲 Random selection: 1 pods
[2025-09-25T17:32:29.397+0000] {docker.py:438} INFO - ✅ Selected pods: ['compose-post-service-84c9d87f8f-x77bx']
[2025-09-25T17:32:29.398+0000] {docker.py:438} INFO - 🎯 Restarting container in pod: compose-post-service-84c9d87f8f-x77bx
[2025-09-25T17:32:29.398+0000] {docker.py:438} INFO - 📊 Current restart count: 5
[2025-09-25T17:32:29.398+0000] {docker.py:438} INFO - 🔧 Trying restart strategy 1: sh -c kill -INT 1
[2025-09-25T17:32:29.398+0000] {docker.py:438} INFO - ✅ Signal sent successfully to container in pod compose-post-service-84c9d87f8f-x77bx
[2025-09-25T17:32:29.399+0000] {docker.py:438} INFO - ⏳ Waiting for container restart (up to 60 seconds)...
[2025-09-25T17:32:29.399+0000] {docker.py:438} INFO - ⚠️  Strategy 1 didn't cause restart, trying next...
[2025-09-25T17:32:29.399+0000] {docker.py:438} INFO - 🔧 Trying restart strategy 2: sh -c kill -2 1
[2025-09-25T17:32:29.399+0000] {docker.py:438} INFO - ❌ Strategy 2 failed: (0)
[2025-09-25T17:32:29.399+0000] {docker.py:438} INFO - Reason: Handshake status 500 Internal Server Error -+-+- {'date': 'Thu, 25 Sep 2025 17:31:38 GMT', 'connection': 'close', 'content-length': '0'} -+-+- b''
[2025-09-25T17:32:29.400+0000] {docker.py:438} INFO - 
[2025-09-25T17:32:29.400+0000] {docker.py:438} INFO - 🔧 Trying restart strategy 3: sh -c kill -TERM 1
[2025-09-25T17:32:29.400+0000] {docker.py:438} INFO - ❌ Strategy 3 failed: (0)
[2025-09-25T17:32:29.400+0000] {docker.py:438} INFO - Reason: Handshake status 500 Internal Server Error -+-+- {'date': 'Thu, 25 Sep 2025 17:31:39 GMT', 'connection': 'close', 'content-length': '0'} -+-+- b''
[2025-09-25T17:32:29.401+0000] {docker.py:438} INFO - 
[2025-09-25T17:32:29.401+0000] {docker.py:438} INFO - 🔧 Trying restart strategy 4: sh -c kill -9 1
[2025-09-25T17:32:29.401+0000] {docker.py:438} INFO - ❌ Strategy 4 failed: (0)
[2025-09-25T17:32:29.401+0000] {docker.py:438} INFO - Reason: Handshake status 500 Internal Server Error -+-+- {'date': 'Thu, 25 Sep 2025 17:31:40 GMT', 'connection': 'close', 'content-length': '0'} -+-+- b''
[2025-09-25T17:32:29.402+0000] {docker.py:438} INFO - 
[2025-09-25T17:32:29.402+0000] {docker.py:438} INFO - ❌ All restart strategies failed - container restart not verified
[2025-09-25T17:32:29.402+0000] {docker.py:438} INFO - 🏁 Restart operation completed for 1 containers
[2025-09-25T17:32:29.402+0000] {docker.py:438} INFO - ✅ Successfully restarted: 0 containers
[2025-09-25T17:32:29.403+0000] {docker.py:438} INFO - ✅ Successfully restarted 1 containers
[2025-09-25T17:32:29.403+0000] {docker.py:438} INFO -    📦 compose-post-service-84c9d87f8f-x77bx: restart_failed
[2025-09-25T17:32:29.403+0000] {docker.py:438} INFO - ⏳ Waiting 5 seconds until next restart...
[2025-09-25T17:32:29.403+0000] {docker.py:438} INFO - 📊 Time remaining: 118 seconds
[2025-09-25T17:32:29.403+0000] {docker.py:438} INFO - 📈 Total containers restarted so far: 7
[2025-09-25T17:32:29.404+0000] {docker.py:438} INFO - 
[2025-09-25T17:32:29.404+0000] {docker.py:438} INFO - ============================================================
[2025-09-25T17:32:29.404+0000] {docker.py:438} INFO - 🔄 Container Restart #8 at 2025-09-25 17:31:45
[2025-09-25T17:32:29.404+0000] {docker.py:438} INFO - ============================================================
[2025-09-25T17:32:29.405+0000] {docker.py:438} INFO - 🔄 Container restart function started!
[2025-09-25T17:32:29.405+0000] {docker.py:438} INFO - 🔍 Selecting pods with label_selector: app=compose-post-service
[2025-09-25T17:32:29.405+0000] {docker.py:438} INFO - 📋 Found 1 pods initially
[2025-09-25T17:32:29.405+0000] {docker.py:438} INFO - 🎲 Random selection: 1 pods
[2025-09-25T17:32:29.405+0000] {docker.py:438} INFO - ✅ Selected pods: ['compose-post-service-84c9d87f8f-x77bx']
[2025-09-25T17:32:29.406+0000] {docker.py:438} INFO - 🎯 Restarting container in pod: compose-post-service-84c9d87f8f-x77bx
[2025-09-25T17:32:29.406+0000] {docker.py:438} INFO - 📊 Current restart count: 5
[2025-09-25T17:32:29.406+0000] {docker.py:438} INFO - 🔧 Trying restart strategy 1: sh -c kill -INT 1
[2025-09-25T17:32:29.406+0000] {docker.py:438} INFO - ❌ Strategy 1 failed: (0)
[2025-09-25T17:32:29.406+0000] {docker.py:438} INFO - Reason: Handshake status 500 Internal Server Error -+-+- {'date': 'Thu, 25 Sep 2025 17:31:49 GMT', 'connection': 'close', 'content-length': '0'} -+-+- b''
[2025-09-25T17:32:29.407+0000] {docker.py:438} INFO - 
[2025-09-25T17:32:29.407+0000] {docker.py:438} INFO - 🔧 Trying restart strategy 2: sh -c kill -2 1
[2025-09-25T17:32:29.407+0000] {docker.py:438} INFO - ❌ Strategy 2 failed: (0)
[2025-09-25T17:32:29.407+0000] {docker.py:438} INFO - Reason: Handshake status 500 Internal Server Error -+-+- {'date': 'Thu, 25 Sep 2025 17:31:50 GMT', 'connection': 'close', 'content-length': '0'} -+-+- b''
[2025-09-25T17:32:29.408+0000] {docker.py:438} INFO - 
[2025-09-25T17:32:29.408+0000] {docker.py:438} INFO - 🔧 Trying restart strategy 3: sh -c kill -TERM 1
[2025-09-25T17:32:29.408+0000] {docker.py:438} INFO - ❌ Strategy 3 failed: (0)
[2025-09-25T17:32:29.408+0000] {docker.py:438} INFO - Reason: Handshake status 500 Internal Server Error -+-+- {'date': 'Thu, 25 Sep 2025 17:31:52 GMT', 'connection': 'close', 'content-length': '0'} -+-+- b''
[2025-09-25T17:32:29.408+0000] {docker.py:438} INFO - 
[2025-09-25T17:32:29.408+0000] {docker.py:438} INFO - 🔧 Trying restart strategy 4: sh -c kill -9 1
[2025-09-25T17:32:29.409+0000] {docker.py:438} INFO - ❌ Strategy 4 failed: (0)
[2025-09-25T17:32:29.409+0000] {docker.py:438} INFO - Reason: Handshake status 500 Internal Server Error -+-+- {'date': 'Thu, 25 Sep 2025 17:31:53 GMT', 'connection': 'close', 'content-length': '0'} -+-+- b''
[2025-09-25T17:32:29.409+0000] {docker.py:438} INFO - 
[2025-09-25T17:32:29.409+0000] {docker.py:438} INFO - ❌ All restart strategies failed - container restart not verified
[2025-09-25T17:32:29.409+0000] {docker.py:438} INFO - 🏁 Restart operation completed for 1 containers
[2025-09-25T17:32:29.409+0000] {docker.py:438} INFO - ✅ Successfully restarted: 0 containers
[2025-09-25T17:32:29.409+0000] {docker.py:438} INFO - ✅ Successfully restarted 1 containers
[2025-09-25T17:32:29.410+0000] {docker.py:438} INFO -    📦 compose-post-service-84c9d87f8f-x77bx: restart_failed
[2025-09-25T17:32:29.410+0000] {docker.py:438} INFO - ⏳ Waiting 5 seconds until next restart...
[2025-09-25T17:32:29.411+0000] {docker.py:438} INFO - 📊 Time remaining: 105 seconds
[2025-09-25T17:32:29.411+0000] {docker.py:438} INFO - 📈 Total containers restarted so far: 8
[2025-09-25T17:32:29.411+0000] {docker.py:438} INFO - 
[2025-09-25T17:32:29.411+0000] {docker.py:438} INFO - ============================================================
[2025-09-25T17:32:29.411+0000] {docker.py:438} INFO - 🔄 Container Restart #9 at 2025-09-25 17:31:58
[2025-09-25T17:32:29.411+0000] {docker.py:438} INFO - ============================================================
[2025-09-25T17:32:29.412+0000] {docker.py:438} INFO - 🔄 Container restart function started!
[2025-09-25T17:32:29.412+0000] {docker.py:438} INFO - 🔍 Selecting pods with label_selector: app=compose-post-service
[2025-09-25T17:32:29.412+0000] {docker.py:438} INFO - 📋 Found 1 pods initially
[2025-09-25T17:32:29.412+0000] {docker.py:438} INFO - 🎲 Random selection: 1 pods
[2025-09-25T17:32:29.412+0000] {docker.py:438} INFO - ✅ Selected pods: ['compose-post-service-84c9d87f8f-x77bx']
[2025-09-25T17:32:29.413+0000] {docker.py:438} INFO - 🎯 Restarting container in pod: compose-post-service-84c9d87f8f-x77bx
[2025-09-25T17:32:29.413+0000] {docker.py:438} INFO - 📊 Current restart count: 5
[2025-09-25T17:32:29.413+0000] {docker.py:438} INFO - 🔧 Trying restart strategy 1: sh -c kill -INT 1
[2025-09-25T17:32:29.413+0000] {docker.py:438} INFO - ❌ Strategy 1 failed: (0)
[2025-09-25T17:32:29.413+0000] {docker.py:438} INFO - Reason: Handshake status 500 Internal Server Error -+-+- {'date': 'Thu, 25 Sep 2025 17:32:01 GMT', 'connection': 'close', 'content-length': '0'} -+-+- b''
[2025-09-25T17:32:29.414+0000] {docker.py:438} INFO - 
[2025-09-25T17:32:29.414+0000] {docker.py:438} INFO - 🔧 Trying restart strategy 2: sh -c kill -2 1
[2025-09-25T17:32:29.414+0000] {docker.py:438} INFO - ❌ Strategy 2 failed: (0)
[2025-09-25T17:32:29.414+0000] {docker.py:438} INFO - Reason: Handshake status 500 Internal Server Error -+-+- {'date': 'Thu, 25 Sep 2025 17:32:03 GMT', 'connection': 'close', 'content-length': '0'} -+-+- b''
[2025-09-25T17:32:29.414+0000] {docker.py:438} INFO - 
[2025-09-25T17:32:29.414+0000] {docker.py:438} INFO - 🔧 Trying restart strategy 3: sh -c kill -TERM 1
[2025-09-25T17:32:29.415+0000] {docker.py:438} INFO - ❌ Strategy 3 failed: (0)
[2025-09-25T17:32:29.415+0000] {docker.py:438} INFO - Reason: Handshake status 500 Internal Server Error -+-+- {'date': 'Thu, 25 Sep 2025 17:32:04 GMT', 'connection': 'close', 'content-length': '0'} -+-+- b''
[2025-09-25T17:32:29.415+0000] {docker.py:438} INFO - 
[2025-09-25T17:32:29.415+0000] {docker.py:438} INFO - 🔧 Trying restart strategy 4: sh -c kill -9 1
[2025-09-25T17:32:29.415+0000] {docker.py:438} INFO - ❌ Strategy 4 failed: (0)
[2025-09-25T17:32:29.415+0000] {docker.py:438} INFO - Reason: Handshake status 500 Internal Server Error -+-+- {'date': 'Thu, 25 Sep 2025 17:32:06 GMT', 'connection': 'close', 'content-length': '0'} -+-+- b''
[2025-09-25T17:32:29.415+0000] {docker.py:438} INFO - 
[2025-09-25T17:32:29.416+0000] {docker.py:438} INFO - ❌ All restart strategies failed - container restart not verified
[2025-09-25T17:32:29.416+0000] {docker.py:438} INFO - 🏁 Restart operation completed for 1 containers
[2025-09-25T17:32:29.416+0000] {docker.py:438} INFO - ✅ Successfully restarted: 0 containers
[2025-09-25T17:32:29.416+0000] {docker.py:438} INFO - ✅ Successfully restarted 1 containers
[2025-09-25T17:32:29.416+0000] {docker.py:438} INFO -    📦 compose-post-service-84c9d87f8f-x77bx: restart_failed
[2025-09-25T17:32:29.416+0000] {docker.py:438} INFO - ⏳ Waiting 5 seconds until next restart...
[2025-09-25T17:32:29.416+0000] {docker.py:438} INFO - 📊 Time remaining: 92 seconds
[2025-09-25T17:32:29.417+0000] {docker.py:438} INFO - 📈 Total containers restarted so far: 9
[2025-09-25T17:32:29.417+0000] {docker.py:438} INFO - 
[2025-09-25T17:32:29.417+0000] {docker.py:438} INFO - ============================================================
[2025-09-25T17:32:29.417+0000] {docker.py:438} INFO - 🔄 Container Restart #10 at 2025-09-25 17:32:11
[2025-09-25T17:32:29.417+0000] {docker.py:438} INFO - ============================================================
[2025-09-25T17:32:29.417+0000] {docker.py:438} INFO - 🔄 Container restart function started!
[2025-09-25T17:32:29.417+0000] {docker.py:438} INFO - 🔍 Selecting pods with label_selector: app=compose-post-service
[2025-09-25T17:32:29.418+0000] {docker.py:438} INFO - 📋 Found 1 pods initially
[2025-09-25T17:32:29.418+0000] {docker.py:438} INFO - 🎲 Random selection: 1 pods
[2025-09-25T17:32:29.418+0000] {docker.py:438} INFO - ✅ Selected pods: ['compose-post-service-84c9d87f8f-x77bx']
[2025-09-25T17:32:29.418+0000] {docker.py:438} INFO - 🎯 Restarting container in pod: compose-post-service-84c9d87f8f-x77bx
[2025-09-25T17:32:29.418+0000] {docker.py:438} INFO - 📊 Current restart count: 5
[2025-09-25T17:32:29.418+0000] {docker.py:438} INFO - 🔧 Trying restart strategy 1: sh -c kill -INT 1
[2025-09-25T17:32:29.418+0000] {docker.py:438} INFO - ❌ Strategy 1 failed: (0)
[2025-09-25T17:32:29.419+0000] {docker.py:438} INFO - Reason: Handshake status 500 Internal Server Error -+-+- {'date': 'Thu, 25 Sep 2025 17:32:14 GMT', 'connection': 'close', 'content-length': '0'} -+-+- b''
[2025-09-25T17:32:29.419+0000] {docker.py:438} INFO - 
[2025-09-25T17:32:29.419+0000] {docker.py:438} INFO - 🔧 Trying restart strategy 2: sh -c kill -2 1
[2025-09-25T17:32:29.419+0000] {docker.py:438} INFO - ❌ Strategy 2 failed: (0)
[2025-09-25T17:32:29.419+0000] {docker.py:438} INFO - Reason: Handshake status 500 Internal Server Error -+-+- {'date': 'Thu, 25 Sep 2025 17:32:15 GMT', 'connection': 'close', 'content-length': '0'} -+-+- b''
[2025-09-25T17:32:29.419+0000] {docker.py:438} INFO - 
[2025-09-25T17:32:29.419+0000] {docker.py:438} INFO - 🔧 Trying restart strategy 3: sh -c kill -TERM 1
[2025-09-25T17:32:29.420+0000] {docker.py:438} INFO - ❌ Strategy 3 failed: (0)
[2025-09-25T17:32:29.420+0000] {docker.py:438} INFO - Reason: Handshake status 500 Internal Server Error -+-+- {'date': 'Thu, 25 Sep 2025 17:32:17 GMT', 'connection': 'close', 'content-length': '0'} -+-+- b''
[2025-09-25T17:32:29.420+0000] {docker.py:438} INFO - 
[2025-09-25T17:32:29.420+0000] {docker.py:438} INFO - 🔧 Trying restart strategy 4: sh -c kill -9 1
[2025-09-25T17:32:29.420+0000] {docker.py:438} INFO - ❌ Strategy 4 failed: (0)
[2025-09-25T17:32:29.420+0000] {docker.py:438} INFO - Reason: Handshake status 500 Internal Server Error -+-+- {'date': 'Thu, 25 Sep 2025 17:32:18 GMT', 'connection': 'close', 'content-length': '0'} -+-+- b''
[2025-09-25T17:32:29.420+0000] {docker.py:438} INFO - 
[2025-09-25T17:32:29.421+0000] {docker.py:438} INFO - ❌ All restart strategies failed - container restart not verified
[2025-09-25T17:32:29.421+0000] {docker.py:438} INFO - 🏁 Restart operation completed for 1 containers
[2025-09-25T17:32:29.421+0000] {docker.py:438} INFO - ✅ Successfully restarted: 0 containers
[2025-09-25T17:32:29.421+0000] {docker.py:438} INFO - ✅ Successfully restarted 1 containers
[2025-09-25T17:32:29.421+0000] {docker.py:438} INFO -    📦 compose-post-service-84c9d87f8f-x77bx: restart_failed
[2025-09-25T17:32:29.421+0000] {docker.py:438} INFO - ⏳ Waiting 5 seconds until next restart...
[2025-09-25T17:32:29.421+0000] {docker.py:438} INFO - 📊 Time remaining: 80 seconds
[2025-09-25T17:32:29.421+0000] {docker.py:438} INFO - 📈 Total containers restarted so far: 10
[2025-09-25T17:32:29.422+0000] {docker.py:438} INFO - 
[2025-09-25T17:32:29.422+0000] {docker.py:438} INFO - ============================================================
[2025-09-25T17:32:29.422+0000] {docker.py:438} INFO - 🔄 Container Restart #11 at 2025-09-25 17:32:23
[2025-09-25T17:32:29.422+0000] {docker.py:438} INFO - ============================================================
[2025-09-25T17:32:29.422+0000] {docker.py:438} INFO - 🔄 Container restart function started!
[2025-09-25T17:32:29.422+0000] {docker.py:438} INFO - 🔍 Selecting pods with label_selector: app=compose-post-service
[2025-09-25T17:32:29.422+0000] {docker.py:438} INFO - 📋 Found 1 pods initially
[2025-09-25T17:32:29.423+0000] {docker.py:438} INFO - 🎲 Random selection: 1 pods
[2025-09-25T17:32:29.423+0000] {docker.py:438} INFO - ✅ Selected pods: ['compose-post-service-84c9d87f8f-x77bx']
[2025-09-25T17:32:29.423+0000] {docker.py:438} INFO - 🎯 Restarting container in pod: compose-post-service-84c9d87f8f-x77bx
[2025-09-25T17:32:29.423+0000] {docker.py:438} INFO - 📊 Current restart count: 5
[2025-09-25T17:32:29.423+0000] {docker.py:438} INFO - 🔧 Trying restart strategy 1: sh -c kill -INT 1
[2025-09-25T17:32:29.423+0000] {docker.py:438} INFO - ❌ Strategy 1 failed: (0)
[2025-09-25T17:32:29.423+0000] {docker.py:438} INFO - Reason: Handshake status 500 Internal Server Error -+-+- {'date': 'Thu, 25 Sep 2025 17:32:26 GMT', 'connection': 'close', 'content-length': '0'} -+-+- b''
[2025-09-25T17:32:29.424+0000] {docker.py:438} INFO - 
[2025-09-25T17:32:29.424+0000] {docker.py:438} INFO - 🔧 Trying restart strategy 2: sh -c kill -2 1
[2025-09-25T17:32:29.424+0000] {docker.py:438} INFO - ❌ Strategy 2 failed: (0)
[2025-09-25T17:32:29.424+0000] {docker.py:438} INFO - Reason: Handshake status 500 Internal Server Error -+-+- {'date': 'Thu, 25 Sep 2025 17:32:28 GMT', 'connection': 'close', 'content-length': '0'} -+-+- b''
[2025-09-25T17:32:29.424+0000] {docker.py:438} INFO - 
[2025-09-25T17:32:29.424+0000] {docker.py:438} INFO - 🔧 Trying restart strategy 3: sh -c kill -TERM 1
[2025-09-25T17:32:29.425+0000] {docker.py:438} INFO - ❌ Strategy 3 failed: (0)
[2025-09-25T17:32:29.425+0000] {docker.py:438} INFO - Reason: Handshake status 500 Internal Server Error -+-+- {'date': 'Thu, 25 Sep 2025 17:32:29 GMT', 'connection': 'close', 'content-length': '0'} -+-+- b''
[2025-09-25T17:33:25.899+0000] {docker.py:438} INFO - 🔧 Trying restart strategy 4: sh -c kill -9 1
[2025-09-25T17:33:25.900+0000] {docker.py:438} INFO - ❌ Strategy 4 failed: (0)
[2025-09-25T17:33:25.901+0000] {docker.py:438} INFO - Reason: Handshake status 500 Internal Server Error -+-+- {'date': 'Thu, 25 Sep 2025 17:32:30 GMT', 'connection': 'close', 'content-length': '0'} -+-+- b''
[2025-09-25T17:33:25.901+0000] {docker.py:438} INFO - 
[2025-09-25T17:33:25.901+0000] {docker.py:438} INFO - ❌ All restart strategies failed - container restart not verified
[2025-09-25T17:33:25.901+0000] {docker.py:438} INFO - 🏁 Restart operation completed for 1 containers
[2025-09-25T17:33:25.902+0000] {docker.py:438} INFO - ✅ Successfully restarted: 0 containers
[2025-09-25T17:33:25.902+0000] {docker.py:438} INFO - ✅ Successfully restarted 1 containers
[2025-09-25T17:33:25.902+0000] {docker.py:438} INFO -    📦 compose-post-service-84c9d87f8f-x77bx: restart_failed
[2025-09-25T17:33:25.902+0000] {docker.py:438} INFO - ⏳ Waiting 5 seconds until next restart...
[2025-09-25T17:33:25.903+0000] {docker.py:438} INFO - 📊 Time remaining: 68 seconds
[2025-09-25T17:33:25.903+0000] {docker.py:438} INFO - 📈 Total containers restarted so far: 11
[2025-09-25T17:33:25.903+0000] {docker.py:438} INFO - 
[2025-09-25T17:33:25.903+0000] {docker.py:438} INFO - ============================================================
[2025-09-25T17:33:25.903+0000] {docker.py:438} INFO - 🔄 Container Restart #12 at 2025-09-25 17:32:35
[2025-09-25T17:33:25.904+0000] {docker.py:438} INFO - ============================================================
[2025-09-25T17:33:25.904+0000] {docker.py:438} INFO - 🔄 Container restart function started!
[2025-09-25T17:33:25.904+0000] {docker.py:438} INFO - 🔍 Selecting pods with label_selector: app=compose-post-service
[2025-09-25T17:33:25.904+0000] {docker.py:438} INFO - 📋 Found 1 pods initially
[2025-09-25T17:33:25.905+0000] {docker.py:438} INFO - 🎲 Random selection: 1 pods
[2025-09-25T17:33:25.905+0000] {docker.py:438} INFO - ✅ Selected pods: ['compose-post-service-84c9d87f8f-x77bx']
[2025-09-25T17:33:25.905+0000] {docker.py:438} INFO - 🎯 Restarting container in pod: compose-post-service-84c9d87f8f-x77bx
[2025-09-25T17:33:25.905+0000] {docker.py:438} INFO - 📊 Current restart count: 5
[2025-09-25T17:33:25.905+0000] {docker.py:438} INFO - 🔧 Trying restart strategy 1: sh -c kill -INT 1
[2025-09-25T17:33:25.906+0000] {docker.py:438} INFO - ❌ Strategy 1 failed: (0)
[2025-09-25T17:33:25.919+0000] {docker.py:438} INFO - Reason: Handshake status 500 Internal Server Error -+-+- {'date': 'Thu, 25 Sep 2025 17:32:38 GMT', 'connection': 'close', 'content-length': '0'} -+-+- b''
[2025-09-25T17:33:25.919+0000] {docker.py:438} INFO - 
[2025-09-25T17:33:25.919+0000] {docker.py:438} INFO - 🔧 Trying restart strategy 2: sh -c kill -2 1
[2025-09-25T17:33:25.920+0000] {docker.py:438} INFO - ❌ Strategy 2 failed: (0)
[2025-09-25T17:33:25.920+0000] {docker.py:438} INFO - Reason: Handshake status 500 Internal Server Error -+-+- {'date': 'Thu, 25 Sep 2025 17:32:39 GMT', 'connection': 'close', 'content-length': '0'} -+-+- b''
[2025-09-25T17:33:25.920+0000] {docker.py:438} INFO - 
[2025-09-25T17:33:25.920+0000] {docker.py:438} INFO - 🔧 Trying restart strategy 3: sh -c kill -TERM 1
[2025-09-25T17:33:25.921+0000] {docker.py:438} INFO - ❌ Strategy 3 failed: (0)
[2025-09-25T17:33:25.921+0000] {docker.py:438} INFO - Reason: Handshake status 500 Internal Server Error -+-+- {'date': 'Thu, 25 Sep 2025 17:32:41 GMT', 'connection': 'close', 'content-length': '0'} -+-+- b''
[2025-09-25T17:33:25.921+0000] {docker.py:438} INFO - 
[2025-09-25T17:33:25.922+0000] {docker.py:438} INFO - 🔧 Trying restart strategy 4: sh -c kill -9 1
[2025-09-25T17:33:25.922+0000] {docker.py:438} INFO - ❌ Strategy 4 failed: (0)
[2025-09-25T17:33:25.922+0000] {docker.py:438} INFO - Reason: Handshake status 500 Internal Server Error -+-+- {'date': 'Thu, 25 Sep 2025 17:32:42 GMT', 'connection': 'close', 'content-length': '0'} -+-+- b''
[2025-09-25T17:33:25.923+0000] {docker.py:438} INFO - 
[2025-09-25T17:33:25.923+0000] {docker.py:438} INFO - ❌ All restart strategies failed - container restart not verified
[2025-09-25T17:33:25.923+0000] {docker.py:438} INFO - 🏁 Restart operation completed for 1 containers
[2025-09-25T17:33:25.923+0000] {docker.py:438} INFO - ✅ Successfully restarted: 0 containers
[2025-09-25T17:33:25.924+0000] {docker.py:438} INFO - ✅ Successfully restarted 1 containers
[2025-09-25T17:33:25.924+0000] {docker.py:438} INFO -    📦 compose-post-service-84c9d87f8f-x77bx: restart_failed
[2025-09-25T17:33:25.935+0000] {docker.py:438} INFO - ⏳ Waiting 5 seconds until next restart...
[2025-09-25T17:33:25.936+0000] {docker.py:438} INFO - 📊 Time remaining: 56 seconds
[2025-09-25T17:33:25.936+0000] {docker.py:438} INFO - 📈 Total containers restarted so far: 12
[2025-09-25T17:33:25.937+0000] {docker.py:438} INFO - 
[2025-09-25T17:33:25.937+0000] {docker.py:438} INFO - ============================================================
[2025-09-25T17:33:25.937+0000] {docker.py:438} INFO - 🔄 Container Restart #13 at 2025-09-25 17:32:47
[2025-09-25T17:33:25.938+0000] {docker.py:438} INFO - ============================================================
[2025-09-25T17:33:25.938+0000] {docker.py:438} INFO - 🔄 Container restart function started!
[2025-09-25T17:33:25.938+0000] {docker.py:438} INFO - 🔍 Selecting pods with label_selector: app=compose-post-service
[2025-09-25T17:33:25.938+0000] {docker.py:438} INFO - 📋 Found 1 pods initially
[2025-09-25T17:33:25.939+0000] {docker.py:438} INFO - 🎲 Random selection: 1 pods
[2025-09-25T17:33:25.939+0000] {docker.py:438} INFO - ✅ Selected pods: ['compose-post-service-84c9d87f8f-x77bx']
[2025-09-25T17:33:25.939+0000] {docker.py:438} INFO - 🎯 Restarting container in pod: compose-post-service-84c9d87f8f-x77bx
[2025-09-25T17:33:25.939+0000] {docker.py:438} INFO - 📊 Current restart count: 5
[2025-09-25T17:33:25.951+0000] {docker.py:438} INFO - 🔧 Trying restart strategy 1: sh -c kill -INT 1
[2025-09-25T17:33:25.952+0000] {docker.py:438} INFO - ❌ Strategy 1 failed: (0)
[2025-09-25T17:33:25.953+0000] {docker.py:438} INFO - Reason: Handshake status 500 Internal Server Error -+-+- {'date': 'Thu, 25 Sep 2025 17:32:51 GMT', 'connection': 'close', 'content-length': '0'} -+-+- b''
[2025-09-25T17:33:25.953+0000] {docker.py:438} INFO - 
[2025-09-25T17:33:25.953+0000] {docker.py:438} INFO - 🔧 Trying restart strategy 2: sh -c kill -2 1
[2025-09-25T17:33:25.954+0000] {docker.py:438} INFO - ❌ Strategy 2 failed: (0)
[2025-09-25T17:33:25.954+0000] {docker.py:438} INFO - Reason: Handshake status 500 Internal Server Error -+-+- {'date': 'Thu, 25 Sep 2025 17:32:52 GMT', 'connection': 'close', 'content-length': '0'} -+-+- b''
[2025-09-25T17:33:25.954+0000] {docker.py:438} INFO - 
[2025-09-25T17:33:25.955+0000] {docker.py:438} INFO - 🔧 Trying restart strategy 3: sh -c kill -TERM 1
[2025-09-25T17:33:25.955+0000] {docker.py:438} INFO - ❌ Strategy 3 failed: (0)
[2025-09-25T17:33:25.956+0000] {docker.py:438} INFO - Reason: Handshake status 500 Internal Server Error -+-+- {'date': 'Thu, 25 Sep 2025 17:32:53 GMT', 'connection': 'close', 'content-length': '0'} -+-+- b''
[2025-09-25T17:33:25.956+0000] {docker.py:438} INFO - 
[2025-09-25T17:33:25.956+0000] {docker.py:438} INFO - 🔧 Trying restart strategy 4: sh -c kill -9 1
[2025-09-25T17:33:25.956+0000] {docker.py:438} INFO - ❌ Strategy 4 failed: (0)
[2025-09-25T17:33:25.957+0000] {docker.py:438} INFO - Reason: Handshake status 500 Internal Server Error -+-+- {'date': 'Thu, 25 Sep 2025 17:32:55 GMT', 'connection': 'close', 'content-length': '0'} -+-+- b''
[2025-09-25T17:33:25.957+0000] {docker.py:438} INFO - 
[2025-09-25T17:33:25.957+0000] {docker.py:438} INFO - ❌ All restart strategies failed - container restart not verified
[2025-09-25T17:33:25.958+0000] {docker.py:438} INFO - 🏁 Restart operation completed for 1 containers
[2025-09-25T17:33:25.958+0000] {docker.py:438} INFO - ✅ Successfully restarted: 0 containers
[2025-09-25T17:33:25.958+0000] {docker.py:438} INFO - ✅ Successfully restarted 1 containers
[2025-09-25T17:33:25.959+0000] {docker.py:438} INFO -    📦 compose-post-service-84c9d87f8f-x77bx: restart_failed
[2025-09-25T17:33:25.959+0000] {docker.py:438} INFO - ⏳ Waiting 5 seconds until next restart...
[2025-09-25T17:33:25.959+0000] {docker.py:438} INFO - 📊 Time remaining: 44 seconds
[2025-09-25T17:33:25.959+0000] {docker.py:438} INFO - 📈 Total containers restarted so far: 13
[2025-09-25T17:33:25.960+0000] {docker.py:438} INFO - 
[2025-09-25T17:33:25.960+0000] {docker.py:438} INFO - ============================================================
[2025-09-25T17:33:25.960+0000] {docker.py:438} INFO - 🔄 Container Restart #14 at 2025-09-25 17:33:00
[2025-09-25T17:33:25.961+0000] {docker.py:438} INFO - ============================================================
[2025-09-25T17:33:25.961+0000] {docker.py:438} INFO - 🔄 Container restart function started!
[2025-09-25T17:33:25.961+0000] {docker.py:438} INFO - 🔍 Selecting pods with label_selector: app=compose-post-service
[2025-09-25T17:33:25.962+0000] {docker.py:438} INFO - 📋 Found 1 pods initially
[2025-09-25T17:33:25.962+0000] {docker.py:438} INFO - 🎲 Random selection: 1 pods
[2025-09-25T17:33:25.962+0000] {docker.py:438} INFO - ✅ Selected pods: ['compose-post-service-84c9d87f8f-x77bx']
[2025-09-25T17:33:25.962+0000] {docker.py:438} INFO - 🎯 Restarting container in pod: compose-post-service-84c9d87f8f-x77bx
[2025-09-25T17:33:25.963+0000] {docker.py:438} INFO - 📊 Current restart count: 5
[2025-09-25T17:33:25.963+0000] {docker.py:438} INFO - 🔧 Trying restart strategy 1: sh -c kill -INT 1
[2025-09-25T17:33:25.963+0000] {docker.py:438} INFO - ❌ Strategy 1 failed: (0)
[2025-09-25T17:33:25.964+0000] {docker.py:438} INFO - Reason: Handshake status 500 Internal Server Error -+-+- {'date': 'Thu, 25 Sep 2025 17:33:03 GMT', 'connection': 'close', 'content-length': '0'} -+-+- b''
[2025-09-25T17:33:25.964+0000] {docker.py:438} INFO - 
[2025-09-25T17:33:25.964+0000] {docker.py:438} INFO - 🔧 Trying restart strategy 2: sh -c kill -2 1
[2025-09-25T17:33:25.964+0000] {docker.py:438} INFO - ❌ Strategy 2 failed: (0)
[2025-09-25T17:33:25.965+0000] {docker.py:438} INFO - Reason: Handshake status 500 Internal Server Error -+-+- {'date': 'Thu, 25 Sep 2025 17:33:04 GMT', 'connection': 'close', 'content-length': '0'} -+-+- b''
[2025-09-25T17:33:25.965+0000] {docker.py:438} INFO - 
[2025-09-25T17:33:25.965+0000] {docker.py:438} INFO - 🔧 Trying restart strategy 3: sh -c kill -TERM 1
[2025-09-25T17:33:25.974+0000] {docker.py:438} INFO - ❌ Strategy 3 failed: (0)
[2025-09-25T17:33:25.974+0000] {docker.py:438} INFO - Reason: Handshake status 500 Internal Server Error -+-+- {'date': 'Thu, 25 Sep 2025 17:33:06 GMT', 'connection': 'close', 'content-length': '0'} -+-+- b''
[2025-09-25T17:33:25.975+0000] {docker.py:438} INFO - 
[2025-09-25T17:33:25.975+0000] {docker.py:438} INFO - 🔧 Trying restart strategy 4: sh -c kill -9 1
[2025-09-25T17:33:25.975+0000] {docker.py:438} INFO - ❌ Strategy 4 failed: (0)
[2025-09-25T17:33:25.976+0000] {docker.py:438} INFO - Reason: Handshake status 500 Internal Server Error -+-+- {'date': 'Thu, 25 Sep 2025 17:33:07 GMT', 'connection': 'close', 'content-length': '0'} -+-+- b''
[2025-09-25T17:33:25.976+0000] {docker.py:438} INFO - 
[2025-09-25T17:33:25.976+0000] {docker.py:438} INFO - ❌ All restart strategies failed - container restart not verified
[2025-09-25T17:33:25.977+0000] {docker.py:438} INFO - 🏁 Restart operation completed for 1 containers
[2025-09-25T17:33:25.977+0000] {docker.py:438} INFO - ✅ Successfully restarted: 0 containers
[2025-09-25T17:33:25.977+0000] {docker.py:438} INFO - ✅ Successfully restarted 1 containers
[2025-09-25T17:33:25.978+0000] {docker.py:438} INFO -    📦 compose-post-service-84c9d87f8f-x77bx: restart_failed
[2025-09-25T17:33:25.978+0000] {docker.py:438} INFO - ⏳ Waiting 5 seconds until next restart...
[2025-09-25T17:33:25.978+0000] {docker.py:438} INFO - 📊 Time remaining: 31 seconds
[2025-09-25T17:33:25.979+0000] {docker.py:438} INFO - 📈 Total containers restarted so far: 14
[2025-09-25T17:33:25.979+0000] {docker.py:438} INFO - 
[2025-09-25T17:33:25.979+0000] {docker.py:438} INFO - ============================================================
[2025-09-25T17:33:25.979+0000] {docker.py:438} INFO - 🔄 Container Restart #15 at 2025-09-25 17:33:12
[2025-09-25T17:33:25.991+0000] {docker.py:438} INFO - ============================================================
[2025-09-25T17:33:25.991+0000] {docker.py:438} INFO - 🔄 Container restart function started!
[2025-09-25T17:33:25.992+0000] {docker.py:438} INFO - 🔍 Selecting pods with label_selector: app=compose-post-service
[2025-09-25T17:33:25.993+0000] {docker.py:438} INFO - 📋 Found 1 pods initially
[2025-09-25T17:33:25.993+0000] {docker.py:438} INFO - 🎲 Random selection: 1 pods
[2025-09-25T17:33:25.993+0000] {docker.py:438} INFO - ✅ Selected pods: ['compose-post-service-84c9d87f8f-x77bx']
[2025-09-25T17:33:25.994+0000] {docker.py:438} INFO - 🎯 Restarting container in pod: compose-post-service-84c9d87f8f-x77bx
[2025-09-25T17:33:25.994+0000] {docker.py:438} INFO - 📊 Current restart count: 5
[2025-09-25T17:33:25.994+0000] {docker.py:438} INFO - 🔧 Trying restart strategy 1: sh -c kill -INT 1
[2025-09-25T17:33:25.995+0000] {docker.py:438} INFO - ❌ Strategy 1 failed: (0)
[2025-09-25T17:33:25.995+0000] {docker.py:438} INFO - Reason: Handshake status 500 Internal Server Error -+-+- {'date': 'Thu, 25 Sep 2025 17:33:15 GMT', 'connection': 'close', 'content-length': '0'} -+-+- b''
[2025-09-25T17:33:25.995+0000] {docker.py:438} INFO - 
[2025-09-25T17:33:25.996+0000] {docker.py:438} INFO - 🔧 Trying restart strategy 2: sh -c kill -2 1
[2025-09-25T17:33:25.996+0000] {docker.py:438} INFO - ❌ Strategy 2 failed: (0)
[2025-09-25T17:33:25.996+0000] {docker.py:438} INFO - Reason: Handshake status 500 Internal Server Error -+-+- {'date': 'Thu, 25 Sep 2025 17:33:16 GMT', 'connection': 'close', 'content-length': '0'} -+-+- b''
[2025-09-25T17:33:25.997+0000] {docker.py:438} INFO - 
[2025-09-25T17:33:25.997+0000] {docker.py:438} INFO - 🔧 Trying restart strategy 3: sh -c kill -TERM 1
[2025-09-25T17:33:26.006+0000] {docker.py:438} INFO - ❌ Strategy 3 failed: (0)
[2025-09-25T17:33:26.007+0000] {docker.py:438} INFO - Reason: Handshake status 500 Internal Server Error -+-+- {'date': 'Thu, 25 Sep 2025 17:33:18 GMT', 'connection': 'close', 'content-length': '0'} -+-+- b''
[2025-09-25T17:33:26.007+0000] {docker.py:438} INFO - 
[2025-09-25T17:33:26.007+0000] {docker.py:438} INFO - 🔧 Trying restart strategy 4: sh -c kill -9 1
[2025-09-25T17:33:26.008+0000] {docker.py:438} INFO - ❌ Strategy 4 failed: (0)
[2025-09-25T17:33:26.008+0000] {docker.py:438} INFO - Reason: Handshake status 500 Internal Server Error -+-+- {'date': 'Thu, 25 Sep 2025 17:33:19 GMT', 'connection': 'close', 'content-length': '0'} -+-+- b''
[2025-09-25T17:33:26.008+0000] {docker.py:438} INFO - 
[2025-09-25T17:33:26.008+0000] {docker.py:438} INFO - ❌ All restart strategies failed - container restart not verified
[2025-09-25T17:33:26.009+0000] {docker.py:438} INFO - 🏁 Restart operation completed for 1 containers
[2025-09-25T17:33:26.009+0000] {docker.py:438} INFO - ✅ Successfully restarted: 0 containers
[2025-09-25T17:33:26.009+0000] {docker.py:438} INFO - ✅ Successfully restarted 1 containers
[2025-09-25T17:33:26.010+0000] {docker.py:438} INFO -    📦 compose-post-service-84c9d87f8f-x77bx: restart_failed
[2025-09-25T17:33:26.010+0000] {docker.py:438} INFO - ⏳ Waiting 5 seconds until next restart...
[2025-09-25T17:33:26.010+0000] {docker.py:438} INFO - 📊 Time remaining: 20 seconds
[2025-09-25T17:33:26.011+0000] {docker.py:438} INFO - 📈 Total containers restarted so far: 15
[2025-09-25T17:33:26.011+0000] {docker.py:438} INFO - 
[2025-09-25T17:33:26.011+0000] {docker.py:438} INFO - ============================================================
[2025-09-25T17:33:26.012+0000] {docker.py:438} INFO - 🔄 Container Restart #16 at 2025-09-25 17:33:24
[2025-09-25T17:33:26.012+0000] {docker.py:438} INFO - ============================================================
[2025-09-25T17:33:26.021+0000] {docker.py:438} INFO - 🔄 Container restart function started!
[2025-09-25T17:33:26.021+0000] {docker.py:438} INFO - 🔍 Selecting pods with label_selector: app=compose-post-service
[2025-09-25T17:33:26.021+0000] {docker.py:438} INFO - 📋 Found 1 pods initially
[2025-09-25T17:33:26.022+0000] {docker.py:438} INFO - 🎲 Random selection: 1 pods
[2025-09-25T17:33:26.022+0000] {docker.py:438} INFO - ✅ Selected pods: ['compose-post-service-84c9d87f8f-x77bx']
[2025-09-25T17:34:34.119+0000] {docker.py:438} INFO - [32m[2025-09-25 17:34:34 INFO] Let's rollback...
[2025-09-25T17:34:34.119+0000] {docker.py:438} INFO - [32m[2025-09-25 17:34:34 INFO] Rollback: verify-pods-running
[2025-09-25T17:34:34.119+0000] {docker.py:438} INFO - [32m[2025-09-25 17:34:34 INFO] Probe: verify-pods-running
[2025-09-25T17:34:35.526+0000] {docker.py:438} INFO - [32m[2025-09-25 17:34:35 INFO] Experiment ended with status: completed
[2025-09-25T17:34:35.528+0000] {docker.py:438} INFO - 🎯 Restarting container in pod: compose-post-service-84c9d87f8f-x77bx
[2025-09-25T17:34:35.528+0000] {docker.py:438} INFO - 📊 Current restart count: 6
[2025-09-25T17:34:35.528+0000] {docker.py:438} INFO - 🔧 Trying restart strategy 1: sh -c kill -INT 1
[2025-09-25T17:34:35.528+0000] {docker.py:438} INFO - ✅ Signal sent successfully to container in pod compose-post-service-84c9d87f8f-x77bx
[2025-09-25T17:34:35.528+0000] {docker.py:438} INFO - ⏳ Waiting for container restart (up to 60 seconds)...
[2025-09-25T17:34:35.528+0000] {docker.py:438} INFO - ⚠️  Strategy 1 didn't cause restart, trying next...
[2025-09-25T17:34:35.528+0000] {docker.py:438} INFO - 🔧 Trying restart strategy 2: sh -c kill -2 1
[2025-09-25T17:34:35.529+0000] {docker.py:438} INFO - ❌ Strategy 2 failed: (0)
[2025-09-25T17:34:35.529+0000] {docker.py:438} INFO - Reason: Handshake status 500 Internal Server Error -+-+- {'date': 'Thu, 25 Sep 2025 17:34:31 GMT', 'connection': 'close', 'content-length': '0'} -+-+- b''
[2025-09-25T17:34:35.529+0000] {docker.py:438} INFO - 
[2025-09-25T17:34:35.529+0000] {docker.py:438} INFO - 🔧 Trying restart strategy 3: sh -c kill -TERM 1
[2025-09-25T17:34:35.529+0000] {docker.py:438} INFO - ❌ Strategy 3 failed: (0)
[2025-09-25T17:34:35.529+0000] {docker.py:438} INFO - Reason: Handshake status 500 Internal Server Error -+-+- {'date': 'Thu, 25 Sep 2025 17:34:32 GMT', 'connection': 'close', 'content-length': '0'} -+-+- b''
[2025-09-25T17:34:35.529+0000] {docker.py:438} INFO - 
[2025-09-25T17:34:35.529+0000] {docker.py:438} INFO - 🔧 Trying restart strategy 4: sh -c kill -9 1
[2025-09-25T17:34:35.530+0000] {docker.py:438} INFO - ❌ Strategy 4 failed: (0)
[2025-09-25T17:34:35.530+0000] {docker.py:438} INFO - Reason: Handshake status 500 Internal Server Error -+-+- {'date': 'Thu, 25 Sep 2025 17:34:33 GMT', 'connection': 'close', 'content-length': '0'} -+-+- b''
[2025-09-25T17:34:35.530+0000] {docker.py:438} INFO - 
[2025-09-25T17:34:35.530+0000] {docker.py:438} INFO - ❌ All restart strategies failed - container restart not verified
[2025-09-25T17:34:35.530+0000] {docker.py:438} INFO - 🏁 Restart operation completed for 1 containers
[2025-09-25T17:34:35.530+0000] {docker.py:438} INFO - ✅ Successfully restarted: 0 containers
[2025-09-25T17:34:35.530+0000] {docker.py:438} INFO - ✅ Successfully restarted 1 containers
[2025-09-25T17:34:35.531+0000] {docker.py:438} INFO -    📦 compose-post-service-84c9d87f8f-x77bx: restart_failed
[2025-09-25T17:34:35.531+0000] {docker.py:438} INFO - ⏰ Less than 5 seconds remaining, stopping experiment
[2025-09-25T17:34:35.531+0000] {docker.py:438} INFO - 
[2025-09-25T17:34:35.531+0000] {docker.py:438} INFO - ============================================================
[2025-09-25T17:34:35.531+0000] {docker.py:438} INFO - 🏁 Container Restart Experiment Completed!
[2025-09-25T17:34:35.531+0000] {docker.py:438} INFO - ============================================================
[2025-09-25T17:34:35.531+0000] {docker.py:438} INFO - 📈 Total restart cycles: 16
[2025-09-25T17:34:35.532+0000] {docker.py:438} INFO - 📦 Total containers restarted: 16
[2025-09-25T17:34:35.532+0000] {docker.py:438} INFO - ⏱️  Total duration: 455 seconds
[2025-09-25T17:34:35.532+0000] {docker.py:438} INFO - 📊 Average cycle time: 28.4 seconds
[2025-09-25T17:34:35.532+0000] {docker.py:438} INFO - 🎯 Target selector: app=compose-post-service
[2025-09-25T17:34:35.532+0000] {docker.py:438} INFO - 📍 Namespace: default
[2025-09-25T17:34:35.699+0000] {docker.py:438} INFO - Container restart experiment completed successfully
[2025-09-25T17:34:36.023+0000] {taskinstance.py:340} INFO - ::group::Post task execution logs
[2025-09-25T17:34:36.024+0000] {taskinstance.py:352} INFO - Marking task as SUCCESS. dag_id=Container_Restart, task_id=apply_container_restart_docker, run_id=manual__2025-09-25T17:26:39.704584+00:00, execution_date=20250925T172639, start_date=20250925T172643, end_date=20250925T173436
[2025-09-25T17:34:36.067+0000] {local_task_job_runner.py:266} INFO - Task exited with return code 0
[2025-09-25T17:34:36.086+0000] {taskinstance.py:3900} INFO - 0 downstream tasks scheduled from follow-on schedule check
[2025-09-25T17:34:36.088+0000] {local_task_job_runner.py:245} INFO - ::endgroup::
