[2025-09-26T10:58:18.043+0000] {local_task_job_runner.py:123} INFO - ::group::Pre task execution logs
[2025-09-26T10:58:18.059+0000] {taskinstance.py:2612} INFO - Dependencies all met for dep_context=non-requeueable deps ti=<TaskInstance: Redis_Memory_Stress.apply_redis_memory_stress manual__2025-09-26T10:58:14.495538+00:00 [queued]>
[2025-09-26T10:58:18.067+0000] {taskinstance.py:2612} INFO - Dependencies all met for dep_context=requeueable deps ti=<TaskInstance: Redis_Memory_Stress.apply_redis_memory_stress manual__2025-09-26T10:58:14.495538+00:00 [queued]>
[2025-09-26T10:58:18.068+0000] {taskinstance.py:2865} INFO - Starting attempt 1 of 1
[2025-09-26T10:58:18.084+0000] {taskinstance.py:2888} INFO - Executing <Task(DockerOperator): apply_redis_memory_stress> on 2025-09-26 10:58:14.495538+00:00
[2025-09-26T10:58:18.090+0000] {standard_task_runner.py:72} INFO - Started process 206 to run task
[2025-09-26T10:58:18.095+0000] {standard_task_runner.py:104} INFO - Running: ['***', 'tasks', 'run', 'Redis_Memory_Stress', 'apply_redis_memory_stress', 'manual__2025-09-26T10:58:14.495538+00:00', '--job-id', '328', '--raw', '--subdir', 'DAGS_FOLDER/dag_factory.py', '--cfg-path', '/tmp/tmpd9_e0rsc']
[2025-09-26T10:58:18.096+0000] {standard_task_runner.py:105} INFO - Job 328: Subtask apply_redis_memory_stress
[2025-09-26T10:58:18.147+0000] {task_command.py:467} INFO - Running <TaskInstance: Redis_Memory_Stress.apply_redis_memory_stress manual__2025-09-26T10:58:14.495538+00:00 [running]> on host BNXL-80508-WL.India.XoriantCorp.com
[2025-09-26T10:58:18.243+0000] {taskinstance.py:3131} INFO - Exporting env vars: AIRFLOW_CTX_DAG_OWNER='***' AIRFLOW_CTX_DAG_ID='Redis_Memory_Stress' AIRFLOW_CTX_TASK_ID='apply_redis_memory_stress' AIRFLOW_CTX_EXECUTION_DATE='2025-09-26T10:58:14.495538+00:00' AIRFLOW_CTX_TRY_NUMBER='1' AIRFLOW_CTX_DAG_RUN_ID='manual__2025-09-26T10:58:14.495538+00:00'
[2025-09-26T10:58:18.244+0000] {taskinstance.py:731} INFO - ::endgroup::
[2025-09-26T10:58:18.447+0000] {docker.py:367} INFO - Starting docker container from image ***_chaos:latest
[2025-09-26T10:58:18.953+0000] {docker.py:438} INFO - The container is run as root user. For security, consider using a regular user account.
[2025-09-26T10:58:30.291+0000] {docker.py:438} INFO - 
[2025-09-26T10:58:31.476+0000] {docker.py:438} INFO - [32m[2025-09-26 10:58:31 INFO] Validating the experiment's syntax
[2025-09-26T10:58:31.645+0000] {docker.py:438} INFO - [32m[2025-09-26 10:58:31 INFO] Experiment looks valid
[2025-09-26T10:58:31.646+0000] {docker.py:438} INFO - [32m[2025-09-26 10:58:31 INFO] Running experiment: Local Redis Memory Stress Test
[2025-09-26T10:58:31.655+0000] {docker.py:438} INFO - [32m[2025-09-26 10:58:31 INFO] Steady-state strategy: default
[2025-09-26T10:58:31.655+0000] {docker.py:438} INFO - [32m[2025-09-26 10:58:31 INFO] Rollbacks strategy: default
[2025-09-26T10:58:31.656+0000] {docker.py:438} INFO - [32m[2025-09-26 10:58:31 INFO] No steady state hypothesis defined. That's ok, just exploring.
[2025-09-26T10:58:31.656+0000] {docker.py:438} INFO - [32m[2025-09-26 10:58:31 INFO] Playing your experiment's method now...
[2025-09-26T10:58:31.657+0000] {docker.py:438} INFO - [32m[2025-09-26 10:58:31 INFO] Action: redis-memory-stress-complete
[2025-09-26T11:00:44.839+0000] {docker.py:438} INFO - [31m[2025-09-26 11:00:44 ERROR]   => failed: redis.exceptions.TimeoutError: Timeout connecting to server
[2025-09-26T11:00:44.840+0000] {docker.py:438} INFO - [32m[2025-09-26 11:00:44 INFO] Let's rollback...
[2025-09-26T11:00:44.840+0000] {docker.py:438} INFO - [32m[2025-09-26 11:00:44 INFO] Rollback: reset-redis-memory
[2025-09-26T11:00:44.841+0000] {docker.py:438} INFO - [32m[2025-09-26 11:00:44 INFO] Action: reset-redis-memory
[2025-09-26T11:02:57.940+0000] {docker.py:438} INFO - [31m[2025-09-26 11:02:57 ERROR]   => failed: redis.exceptions.TimeoutError: Timeout connecting to server
[2025-09-26T11:02:57.941+0000] {docker.py:438} INFO - [32m[2025-09-26 11:02:57 INFO] Experiment ended with status: completed
[2025-09-26T11:02:58.037+0000] {docker.py:438} INFO - Sleeping for 180 seconds...
[2025-09-26T11:05:58.064+0000] {docker.py:438} INFO - Redis memory stress test completed
[2025-09-26T11:05:58.404+0000] {taskinstance.py:340} INFO - ::group::Post task execution logs
[2025-09-26T11:05:58.405+0000] {taskinstance.py:352} INFO - Marking task as SUCCESS. dag_id=Redis_Memory_Stress, task_id=apply_redis_memory_stress, run_id=manual__2025-09-26T10:58:14.495538+00:00, execution_date=20250926T105814, start_date=20250926T105818, end_date=20250926T110558
[2025-09-26T11:05:58.461+0000] {local_task_job_runner.py:266} INFO - Task exited with return code 0
[2025-09-26T11:05:58.476+0000] {taskinstance.py:3900} INFO - 0 downstream tasks scheduled from follow-on schedule check
[2025-09-26T11:05:58.478+0000] {local_task_job_runner.py:245} INFO - ::endgroup::
