[2025-09-25T14:16:34.729+0000] {local_task_job_runner.py:123} INFO - ::group::Pre task execution logs
[2025-09-25T14:16:34.741+0000] {taskinstance.py:2612} INFO - Dependencies all met for dep_context=non-requeueable deps ti=<TaskInstance: Cordon_Uncordon_Node.apply_cordon_uncordon_node scheduled__2025-01-10T00:00:00+00:00 [queued]>
[2025-09-25T14:16:34.748+0000] {taskinstance.py:2612} INFO - Dependencies all met for dep_context=requeueable deps ti=<TaskInstance: Cordon_Uncordon_Node.apply_cordon_uncordon_node scheduled__2025-01-10T00:00:00+00:00 [queued]>
[2025-09-25T14:16:34.748+0000] {taskinstance.py:2865} INFO - Starting attempt 1 of 1
[2025-09-25T14:16:34.761+0000] {taskinstance.py:2888} INFO - Executing <Task(DockerOperator): apply_cordon_uncordon_node> on 2025-01-10 00:00:00+00:00
[2025-09-25T14:16:34.766+0000] {standard_task_runner.py:72} INFO - Started process 128 to run task
[2025-09-25T14:16:34.769+0000] {standard_task_runner.py:104} INFO - Running: ['***', 'tasks', 'run', 'Cordon_Uncordon_Node', 'apply_cordon_uncordon_node', 'scheduled__2025-01-10T00:00:00+00:00', '--job-id', '302', '--raw', '--subdir', 'DAGS_FOLDER/dag_factory.py', '--cfg-path', '/tmp/tmp7lqsn64l']
[2025-09-25T14:16:34.770+0000] {standard_task_runner.py:105} INFO - Job 302: Subtask apply_cordon_uncordon_node
[2025-09-25T14:16:34.819+0000] {task_command.py:467} INFO - Running <TaskInstance: Cordon_Uncordon_Node.apply_cordon_uncordon_node scheduled__2025-01-10T00:00:00+00:00 [running]> on host BNXL-80508-WL.India.XoriantCorp.com
[2025-09-25T14:16:34.923+0000] {taskinstance.py:3131} INFO - Exporting env vars: AIRFLOW_CTX_DAG_OWNER='***' AIRFLOW_CTX_DAG_ID='Cordon_Uncordon_Node' AIRFLOW_CTX_TASK_ID='apply_cordon_uncordon_node' AIRFLOW_CTX_EXECUTION_DATE='2025-01-10T00:00:00+00:00' AIRFLOW_CTX_TRY_NUMBER='1' AIRFLOW_CTX_DAG_RUN_ID='scheduled__2025-01-10T00:00:00+00:00'
[2025-09-25T14:16:34.925+0000] {taskinstance.py:731} INFO - ::endgroup::
[2025-09-25T14:16:35.037+0000] {docker.py:367} INFO - Starting docker container from image ***_chaos:latest
[2025-09-25T14:16:35.326+0000] {docker.py:438} INFO - The container is run as root user. For security, consider using a regular user account.
[2025-09-25T14:16:43.732+0000] {docker.py:438} INFO - 
[2025-09-25T14:16:44.842+0000] {docker.py:438} INFO - [32m[2025-09-25 14:16:44 INFO] Validating the experiment's syntax
[2025-09-25T14:16:45.549+0000] {docker.py:438} INFO - [32m[2025-09-25 14:16:45 INFO] Experiment looks valid
[2025-09-25T14:16:45.550+0000] {docker.py:438} INFO - [32m[2025-09-25 14:16:45 INFO] Running experiment: Cordon-Pod Restart Combined Experiment
[2025-09-25T14:16:45.557+0000] {docker.py:438} INFO - [32m[2025-09-25 14:16:45 INFO] Steady-state strategy: default
[2025-09-25T14:16:45.558+0000] {docker.py:438} INFO - [32m[2025-09-25 14:16:45 INFO] Rollbacks strategy: default
[2025-09-25T14:16:45.558+0000] {docker.py:438} INFO - [32m[2025-09-25 14:16:45 INFO] No steady state hypothesis defined. That's ok, just exploring.
[2025-09-25T14:16:45.559+0000] {docker.py:438} INFO - [32m[2025-09-25 14:16:45 INFO] Playing your experiment's method now...
[2025-09-25T14:16:45.559+0000] {docker.py:438} INFO - [32m[2025-09-25 14:16:45 INFO] Action: cordon-nodes
[2025-09-25T14:16:50.731+0000] {docker.py:438} INFO - [32m[2025-09-25 14:16:50 INFO] Action: continuous-pod-restart-during-cordon
[2025-09-25T14:21:33.298+0000] {docker.py:438} INFO - [32m[2025-09-25 14:21:33 INFO] Let's rollback...
[2025-09-25T14:21:33.299+0000] {docker.py:438} INFO - [32m[2025-09-25 14:21:33 INFO] Rollback: uncordon-all-nodes
[2025-09-25T14:21:33.299+0000] {docker.py:438} INFO - [32m[2025-09-25 14:21:33 INFO] Action: uncordon-all-nodes
[2025-09-25T14:21:37.708+0000] {docker.py:438} INFO - [32m[2025-09-25 14:21:37 INFO] Experiment ended with status: completed
[2025-09-25T14:21:37.722+0000] {docker.py:438} INFO - 🚀 Starting continuous pod restart experiment
[2025-09-25T14:21:37.723+0000] {docker.py:438} INFO - 📅 Interval: 20 seconds
[2025-09-25T14:21:37.723+0000] {docker.py:438} INFO - ⏱️  Duration: 300 seconds
[2025-09-25T14:21:37.724+0000] {docker.py:438} INFO - 🎯 Target: app=post-storage-service
[2025-09-25T14:21:37.724+0000] {docker.py:438} INFO - 📍 Namespace: default
[2025-09-25T14:21:37.724+0000] {docker.py:438} INFO - 
[2025-09-25T14:21:37.725+0000] {docker.py:438} INFO - ==================================================
[2025-09-25T14:21:37.725+0000] {docker.py:438} INFO - 🔄 Restart #1 at 2025-09-25 14:16:50
[2025-09-25T14:21:37.725+0000] {docker.py:438} INFO - ==================================================
[2025-09-25T14:21:37.726+0000] {docker.py:438} INFO - Hello world - terminate function started!
[2025-09-25T14:21:37.726+0000] {docker.py:438} INFO - Selecting pods with label_selector: app=post-storage-service
[2025-09-25T14:21:37.726+0000] {docker.py:438} INFO - Found 1 pods initially
[2025-09-25T14:21:37.727+0000] {docker.py:438} INFO - Random selection: 1 pods
[2025-09-25T14:21:37.727+0000] {docker.py:438} INFO - Deleting pod: post-storage-service-5bdd66889f-5x7xc
[2025-09-25T14:21:37.727+0000] {docker.py:438} INFO - Deleted 1 pods: ['post-storage-service-5bdd66889f-5x7xc']
[2025-09-25T14:21:37.727+0000] {docker.py:438} INFO - ✅ Successfully restarted pods: ['post-storage-service-5bdd66889f-5x7xc']
[2025-09-25T14:21:37.728+0000] {docker.py:438} INFO - ⏳ Waiting 20 seconds until next restart...
[2025-09-25T14:21:37.728+0000] {docker.py:438} INFO - 📊 Time remaining: 298 seconds
[2025-09-25T14:21:37.728+0000] {docker.py:438} INFO - 
[2025-09-25T14:21:37.728+0000] {docker.py:438} INFO - ==================================================
[2025-09-25T14:21:37.729+0000] {docker.py:438} INFO - 🔄 Restart #2 at 2025-09-25 14:17:12
[2025-09-25T14:21:37.729+0000] {docker.py:438} INFO - ==================================================
[2025-09-25T14:21:37.729+0000] {docker.py:438} INFO - Hello world - terminate function started!
[2025-09-25T14:21:37.730+0000] {docker.py:438} INFO - Selecting pods with label_selector: app=post-storage-service
[2025-09-25T14:21:37.730+0000] {docker.py:438} INFO - Found 2 pods initially
[2025-09-25T14:21:37.730+0000] {docker.py:438} INFO - Random selection: 1 pods
[2025-09-25T14:21:37.730+0000] {docker.py:438} INFO - Deleting pod: post-storage-service-5bdd66889f-5x7xc
[2025-09-25T14:21:37.731+0000] {docker.py:438} INFO - Deleted 1 pods: ['post-storage-service-5bdd66889f-5x7xc']
[2025-09-25T14:21:37.731+0000] {docker.py:438} INFO - ✅ Successfully restarted pods: ['post-storage-service-5bdd66889f-5x7xc']
[2025-09-25T14:21:37.732+0000] {docker.py:438} INFO - ⏳ Waiting 20 seconds until next restart...
[2025-09-25T14:21:37.732+0000] {docker.py:438} INFO - 📊 Time remaining: 277 seconds
[2025-09-25T14:21:37.733+0000] {docker.py:438} INFO - 
[2025-09-25T14:21:37.733+0000] {docker.py:438} INFO - ==================================================
[2025-09-25T14:21:37.733+0000] {docker.py:438} INFO - 🔄 Restart #3 at 2025-09-25 14:17:34
[2025-09-25T14:21:37.734+0000] {docker.py:438} INFO - ==================================================
[2025-09-25T14:21:37.734+0000] {docker.py:438} INFO - Hello world - terminate function started!
[2025-09-25T14:21:37.734+0000] {docker.py:438} INFO - Selecting pods with label_selector: app=post-storage-service
[2025-09-25T14:21:37.734+0000] {docker.py:438} INFO - Found 1 pods initially
[2025-09-25T14:21:37.735+0000] {docker.py:438} INFO - Random selection: 1 pods
[2025-09-25T14:21:37.736+0000] {docker.py:438} INFO - Deleting pod: post-storage-service-5bdd66889f-5f5dp
[2025-09-25T14:21:37.736+0000] {docker.py:438} INFO - Deleted 1 pods: ['post-storage-service-5bdd66889f-5f5dp']
[2025-09-25T14:21:37.736+0000] {docker.py:438} INFO - ✅ Successfully restarted pods: ['post-storage-service-5bdd66889f-5f5dp']
[2025-09-25T14:21:37.736+0000] {docker.py:438} INFO - ⏳ Waiting 20 seconds until next restart...
[2025-09-25T14:21:37.736+0000] {docker.py:438} INFO - 📊 Time remaining: 255 seconds
[2025-09-25T14:21:37.736+0000] {docker.py:438} INFO - 
[2025-09-25T14:21:37.737+0000] {docker.py:438} INFO - ==================================================
[2025-09-25T14:21:37.737+0000] {docker.py:438} INFO - 🔄 Restart #4 at 2025-09-25 14:17:55
[2025-09-25T14:21:37.737+0000] {docker.py:438} INFO - ==================================================
[2025-09-25T14:21:37.737+0000] {docker.py:438} INFO - Hello world - terminate function started!
[2025-09-25T14:21:37.737+0000] {docker.py:438} INFO - Selecting pods with label_selector: app=post-storage-service
[2025-09-25T14:21:37.738+0000] {docker.py:438} INFO - Found 1 pods initially
[2025-09-25T14:21:37.738+0000] {docker.py:438} INFO - Random selection: 1 pods
[2025-09-25T14:21:37.738+0000] {docker.py:438} INFO - Deleting pod: post-storage-service-5bdd66889f-9ncwq
[2025-09-25T14:21:37.738+0000] {docker.py:438} INFO - Deleted 1 pods: ['post-storage-service-5bdd66889f-9ncwq']
[2025-09-25T14:21:37.738+0000] {docker.py:438} INFO - ✅ Successfully restarted pods: ['post-storage-service-5bdd66889f-9ncwq']
[2025-09-25T14:21:37.738+0000] {docker.py:438} INFO - ⏳ Waiting 20 seconds until next restart...
[2025-09-25T14:21:37.739+0000] {docker.py:438} INFO - 📊 Time remaining: 233 seconds
[2025-09-25T14:21:37.739+0000] {docker.py:438} INFO - 
[2025-09-25T14:21:37.739+0000] {docker.py:438} INFO - ==================================================
[2025-09-25T14:21:37.739+0000] {docker.py:438} INFO - 🔄 Restart #5 at 2025-09-25 14:18:17
[2025-09-25T14:21:37.739+0000] {docker.py:438} INFO - ==================================================
[2025-09-25T14:21:37.739+0000] {docker.py:438} INFO - Hello world - terminate function started!
[2025-09-25T14:21:37.740+0000] {docker.py:438} INFO - Selecting pods with label_selector: app=post-storage-service
[2025-09-25T14:21:37.740+0000] {docker.py:438} INFO - Found 1 pods initially
[2025-09-25T14:21:37.740+0000] {docker.py:438} INFO - Random selection: 1 pods
[2025-09-25T14:21:37.740+0000] {docker.py:438} INFO - Deleting pod: post-storage-service-5bdd66889f-lmj95
[2025-09-25T14:21:37.740+0000] {docker.py:438} INFO - Deleted 1 pods: ['post-storage-service-5bdd66889f-lmj95']
[2025-09-25T14:21:37.740+0000] {docker.py:438} INFO - ✅ Successfully restarted pods: ['post-storage-service-5bdd66889f-lmj95']
[2025-09-25T14:21:37.741+0000] {docker.py:438} INFO - ⏳ Waiting 20 seconds until next restart...
[2025-09-25T14:21:37.741+0000] {docker.py:438} INFO - 📊 Time remaining: 212 seconds
[2025-09-25T14:21:37.741+0000] {docker.py:438} INFO - 
[2025-09-25T14:21:37.741+0000] {docker.py:438} INFO - ==================================================
[2025-09-25T14:21:37.741+0000] {docker.py:438} INFO - 🔄 Restart #6 at 2025-09-25 14:18:39
[2025-09-25T14:21:37.741+0000] {docker.py:438} INFO - ==================================================
[2025-09-25T14:21:37.742+0000] {docker.py:438} INFO - Hello world - terminate function started!
[2025-09-25T14:21:37.742+0000] {docker.py:438} INFO - Selecting pods with label_selector: app=post-storage-service
[2025-09-25T14:21:37.742+0000] {docker.py:438} INFO - Found 1 pods initially
[2025-09-25T14:21:37.742+0000] {docker.py:438} INFO - Random selection: 1 pods
[2025-09-25T14:21:37.742+0000] {docker.py:438} INFO - Deleting pod: post-storage-service-5bdd66889f-fzxzv
[2025-09-25T14:21:37.743+0000] {docker.py:438} INFO - Deleted 1 pods: ['post-storage-service-5bdd66889f-fzxzv']
[2025-09-25T14:21:37.743+0000] {docker.py:438} INFO - ✅ Successfully restarted pods: ['post-storage-service-5bdd66889f-fzxzv']
[2025-09-25T14:21:37.743+0000] {docker.py:438} INFO - ⏳ Waiting 20 seconds until next restart...
[2025-09-25T14:21:37.743+0000] {docker.py:438} INFO - 📊 Time remaining: 190 seconds
[2025-09-25T14:21:37.743+0000] {docker.py:438} INFO - 
[2025-09-25T14:21:37.744+0000] {docker.py:438} INFO - ==================================================
[2025-09-25T14:21:37.744+0000] {docker.py:438} INFO - 🔄 Restart #7 at 2025-09-25 14:19:00
[2025-09-25T14:21:37.744+0000] {docker.py:438} INFO - ==================================================
[2025-09-25T14:21:37.744+0000] {docker.py:438} INFO - Hello world - terminate function started!
[2025-09-25T14:21:37.745+0000] {docker.py:438} INFO - Selecting pods with label_selector: app=post-storage-service
[2025-09-25T14:21:37.745+0000] {docker.py:438} INFO - Found 1 pods initially
[2025-09-25T14:21:37.745+0000] {docker.py:438} INFO - Random selection: 1 pods
[2025-09-25T14:21:37.745+0000] {docker.py:438} INFO - Deleting pod: post-storage-service-5bdd66889f-lw62x
[2025-09-25T14:21:37.746+0000] {docker.py:438} INFO - Deleted 1 pods: ['post-storage-service-5bdd66889f-lw62x']
[2025-09-25T14:21:37.746+0000] {docker.py:438} INFO - ✅ Successfully restarted pods: ['post-storage-service-5bdd66889f-lw62x']
[2025-09-25T14:21:37.746+0000] {docker.py:438} INFO - ⏳ Waiting 20 seconds until next restart...
[2025-09-25T14:21:37.746+0000] {docker.py:438} INFO - 📊 Time remaining: 169 seconds
[2025-09-25T14:21:37.747+0000] {docker.py:438} INFO - 
[2025-09-25T14:21:37.747+0000] {docker.py:438} INFO - ==================================================
[2025-09-25T14:21:37.747+0000] {docker.py:438} INFO - 🔄 Restart #8 at 2025-09-25 14:19:22
[2025-09-25T14:21:37.747+0000] {docker.py:438} INFO - ==================================================
[2025-09-25T14:21:37.747+0000] {docker.py:438} INFO - Hello world - terminate function started!
[2025-09-25T14:21:37.748+0000] {docker.py:438} INFO - Selecting pods with label_selector: app=post-storage-service
[2025-09-25T14:21:37.748+0000] {docker.py:438} INFO - Found 1 pods initially
[2025-09-25T14:21:37.748+0000] {docker.py:438} INFO - Random selection: 1 pods
[2025-09-25T14:21:37.748+0000] {docker.py:438} INFO - Deleting pod: post-storage-service-5bdd66889f-wdtqs
[2025-09-25T14:21:37.748+0000] {docker.py:438} INFO - Deleted 1 pods: ['post-storage-service-5bdd66889f-wdtqs']
[2025-09-25T14:21:37.748+0000] {docker.py:438} INFO - ✅ Successfully restarted pods: ['post-storage-service-5bdd66889f-wdtqs']
[2025-09-25T14:21:37.749+0000] {docker.py:438} INFO - ⏳ Waiting 20 seconds until next restart...
[2025-09-25T14:21:37.749+0000] {docker.py:438} INFO - 📊 Time remaining: 147 seconds
[2025-09-25T14:21:37.749+0000] {docker.py:438} INFO - 
[2025-09-25T14:21:37.749+0000] {docker.py:438} INFO - ==================================================
[2025-09-25T14:21:37.749+0000] {docker.py:438} INFO - 🔄 Restart #9 at 2025-09-25 14:19:44
[2025-09-25T14:21:37.749+0000] {docker.py:438} INFO - ==================================================
[2025-09-25T14:21:37.750+0000] {docker.py:438} INFO - Hello world - terminate function started!
[2025-09-25T14:21:37.750+0000] {docker.py:438} INFO - Selecting pods with label_selector: app=post-storage-service
[2025-09-25T14:21:37.750+0000] {docker.py:438} INFO - Found 1 pods initially
[2025-09-25T14:21:37.750+0000] {docker.py:438} INFO - Random selection: 1 pods
[2025-09-25T14:21:37.750+0000] {docker.py:438} INFO - Deleting pod: post-storage-service-5bdd66889f-r48xm
[2025-09-25T14:21:37.750+0000] {docker.py:438} INFO - Deleted 1 pods: ['post-storage-service-5bdd66889f-r48xm']
[2025-09-25T14:21:37.750+0000] {docker.py:438} INFO - ✅ Successfully restarted pods: ['post-storage-service-5bdd66889f-r48xm']
[2025-09-25T14:21:37.751+0000] {docker.py:438} INFO - ⏳ Waiting 20 seconds until next restart...
[2025-09-25T14:21:37.751+0000] {docker.py:438} INFO - 📊 Time remaining: 125 seconds
[2025-09-25T14:21:37.751+0000] {docker.py:438} INFO - 
[2025-09-25T14:21:37.751+0000] {docker.py:438} INFO - ==================================================
[2025-09-25T14:21:37.751+0000] {docker.py:438} INFO - 🔄 Restart #10 at 2025-09-25 14:20:05
[2025-09-25T14:21:37.752+0000] {docker.py:438} INFO - ==================================================
[2025-09-25T14:21:37.752+0000] {docker.py:438} INFO - Hello world - terminate function started!
[2025-09-25T14:21:37.752+0000] {docker.py:438} INFO - Selecting pods with label_selector: app=post-storage-service
[2025-09-25T14:21:37.752+0000] {docker.py:438} INFO - Found 1 pods initially
[2025-09-25T14:21:37.752+0000] {docker.py:438} INFO - Random selection: 1 pods
[2025-09-25T14:21:37.752+0000] {docker.py:438} INFO - Deleting pod: post-storage-service-5bdd66889f-2kpr9
[2025-09-25T14:21:37.752+0000] {docker.py:438} INFO - Deleted 1 pods: ['post-storage-service-5bdd66889f-2kpr9']
[2025-09-25T14:21:37.753+0000] {docker.py:438} INFO - ✅ Successfully restarted pods: ['post-storage-service-5bdd66889f-2kpr9']
[2025-09-25T14:21:37.753+0000] {docker.py:438} INFO - ⏳ Waiting 20 seconds until next restart...
[2025-09-25T14:21:37.753+0000] {docker.py:438} INFO - 📊 Time remaining: 104 seconds
[2025-09-25T14:21:37.753+0000] {docker.py:438} INFO - 
[2025-09-25T14:21:37.753+0000] {docker.py:438} INFO - ==================================================
[2025-09-25T14:21:37.754+0000] {docker.py:438} INFO - 🔄 Restart #11 at 2025-09-25 14:20:27
[2025-09-25T14:21:37.754+0000] {docker.py:438} INFO - ==================================================
[2025-09-25T14:21:37.754+0000] {docker.py:438} INFO - Hello world - terminate function started!
[2025-09-25T14:21:37.754+0000] {docker.py:438} INFO - Selecting pods with label_selector: app=post-storage-service
[2025-09-25T14:21:37.754+0000] {docker.py:438} INFO - Found 1 pods initially
[2025-09-25T14:21:37.754+0000] {docker.py:438} INFO - Random selection: 1 pods
[2025-09-25T14:21:37.754+0000] {docker.py:438} INFO - Deleting pod: post-storage-service-5bdd66889f-kwzgv
[2025-09-25T14:21:37.755+0000] {docker.py:438} INFO - Deleted 1 pods: ['post-storage-service-5bdd66889f-kwzgv']
[2025-09-25T14:21:37.755+0000] {docker.py:438} INFO - ✅ Successfully restarted pods: ['post-storage-service-5bdd66889f-kwzgv']
[2025-09-25T14:21:37.755+0000] {docker.py:438} INFO - ⏳ Waiting 20 seconds until next restart...
[2025-09-25T14:21:37.755+0000] {docker.py:438} INFO - 📊 Time remaining: 82 seconds
[2025-09-25T14:21:37.755+0000] {docker.py:438} INFO - 
[2025-09-25T14:21:37.755+0000] {docker.py:438} INFO - ==================================================
[2025-09-25T14:21:37.755+0000] {docker.py:438} INFO - 🔄 Restart #12 at 2025-09-25 14:20:48
[2025-09-25T14:21:37.755+0000] {docker.py:438} INFO - ==================================================
[2025-09-25T14:21:37.756+0000] {docker.py:438} INFO - Hello world - terminate function started!
[2025-09-25T14:21:37.756+0000] {docker.py:438} INFO - Selecting pods with label_selector: app=post-storage-service
[2025-09-25T14:21:37.756+0000] {docker.py:438} INFO - Found 1 pods initially
[2025-09-25T14:21:37.756+0000] {docker.py:438} INFO - Random selection: 1 pods
[2025-09-25T14:21:37.756+0000] {docker.py:438} INFO - Deleting pod: post-storage-service-5bdd66889f-zt7x4
[2025-09-25T14:21:37.756+0000] {docker.py:438} INFO - Deleted 1 pods: ['post-storage-service-5bdd66889f-zt7x4']
[2025-09-25T14:21:37.756+0000] {docker.py:438} INFO - ✅ Successfully restarted pods: ['post-storage-service-5bdd66889f-zt7x4']
[2025-09-25T14:21:37.757+0000] {docker.py:438} INFO - ⏳ Waiting 20 seconds until next restart...
[2025-09-25T14:21:37.757+0000] {docker.py:438} INFO - 📊 Time remaining: 61 seconds
[2025-09-25T14:21:37.757+0000] {docker.py:438} INFO - 
[2025-09-25T14:21:37.757+0000] {docker.py:438} INFO - ==================================================
[2025-09-25T14:21:37.757+0000] {docker.py:438} INFO - 🔄 Restart #13 at 2025-09-25 14:21:10
[2025-09-25T14:21:37.757+0000] {docker.py:438} INFO - ==================================================
[2025-09-25T14:21:37.757+0000] {docker.py:438} INFO - Hello world - terminate function started!
[2025-09-25T14:21:37.757+0000] {docker.py:438} INFO - Selecting pods with label_selector: app=post-storage-service
[2025-09-25T14:21:37.758+0000] {docker.py:438} INFO - Found 1 pods initially
[2025-09-25T14:21:37.758+0000] {docker.py:438} INFO - Random selection: 1 pods
[2025-09-25T14:21:37.758+0000] {docker.py:438} INFO - Deleting pod: post-storage-service-5bdd66889f-w6gkz
[2025-09-25T14:21:37.758+0000] {docker.py:438} INFO - Deleted 1 pods: ['post-storage-service-5bdd66889f-w6gkz']
[2025-09-25T14:21:37.758+0000] {docker.py:438} INFO - ✅ Successfully restarted pods: ['post-storage-service-5bdd66889f-w6gkz']
[2025-09-25T14:21:37.758+0000] {docker.py:438} INFO - ⏳ Waiting 20 seconds until next restart...
[2025-09-25T14:21:37.758+0000] {docker.py:438} INFO - 📊 Time remaining: 39 seconds
[2025-09-25T14:21:37.758+0000] {docker.py:438} INFO - 
[2025-09-25T14:21:37.759+0000] {docker.py:438} INFO - ==================================================
[2025-09-25T14:21:37.759+0000] {docker.py:438} INFO - 🔄 Restart #14 at 2025-09-25 14:21:31
[2025-09-25T14:21:37.759+0000] {docker.py:438} INFO - ==================================================
[2025-09-25T14:21:37.759+0000] {docker.py:438} INFO - Hello world - terminate function started!
[2025-09-25T14:21:37.759+0000] {docker.py:438} INFO - Selecting pods with label_selector: app=post-storage-service
[2025-09-25T14:21:37.759+0000] {docker.py:438} INFO - Found 1 pods initially
[2025-09-25T14:21:37.759+0000] {docker.py:438} INFO - Random selection: 1 pods
[2025-09-25T14:21:37.760+0000] {docker.py:438} INFO - Deleting pod: post-storage-service-5bdd66889f-8nzss
[2025-09-25T14:21:37.760+0000] {docker.py:438} INFO - Deleted 1 pods: ['post-storage-service-5bdd66889f-8nzss']
[2025-09-25T14:21:37.760+0000] {docker.py:438} INFO - ✅ Successfully restarted pods: ['post-storage-service-5bdd66889f-8nzss']
[2025-09-25T14:21:37.760+0000] {docker.py:438} INFO - ⏰ Less than 20 seconds remaining, stopping experiment
[2025-09-25T14:21:37.760+0000] {docker.py:438} INFO - 
[2025-09-25T14:21:37.760+0000] {docker.py:438} INFO - ==================================================
[2025-09-25T14:21:37.760+0000] {docker.py:438} INFO - 🏁 Experiment Completed!
[2025-09-25T14:21:37.761+0000] {docker.py:438} INFO - ==================================================
[2025-09-25T14:21:37.761+0000] {docker.py:438} INFO - 📈 Total restarts performed: 14
[2025-09-25T14:21:37.761+0000] {docker.py:438} INFO - ⏱️  Total duration: 283 seconds
[2025-09-25T14:21:37.761+0000] {docker.py:438} INFO - 📊 Average interval: 20.2 seconds
[2025-09-25T14:21:38.139+0000] {taskinstance.py:340} INFO - ::group::Post task execution logs
[2025-09-25T14:21:38.139+0000] {taskinstance.py:352} INFO - Marking task as SUCCESS. dag_id=Cordon_Uncordon_Node, task_id=apply_cordon_uncordon_node, run_id=scheduled__2025-01-10T00:00:00+00:00, execution_date=20250110T000000, start_date=20250925T141634, end_date=20250925T142138
[2025-09-25T14:21:38.183+0000] {local_task_job_runner.py:266} INFO - Task exited with return code 0
[2025-09-25T14:21:38.199+0000] {taskinstance.py:3900} INFO - 0 downstream tasks scheduled from follow-on schedule check
[2025-09-25T14:21:38.201+0000] {local_task_job_runner.py:245} INFO - ::endgroup::
