[2025-10-03T07:10:05.159+0000] {local_task_job_runner.py:123} INFO - ::group::Pre task execution logs
[2025-10-03T07:10:05.197+0000] {taskinstance.py:2612} INFO - Dependencies all met for dep_context=non-requeueable deps ti=<TaskInstance: Chaos_Node_DAG.taskB manual__2025-10-03T07:09:56.208808+00:00 [queued]>
[2025-10-03T07:10:05.218+0000] {taskinstance.py:2612} INFO - Dependencies all met for dep_context=requeueable deps ti=<TaskInstance: Chaos_Node_DAG.taskB manual__2025-10-03T07:09:56.208808+00:00 [queued]>
[2025-10-03T07:10:05.219+0000] {taskinstance.py:2865} INFO - Starting attempt 1 of 1
[2025-10-03T07:10:05.255+0000] {taskinstance.py:2888} INFO - Executing <Task(DockerOperator): taskB> on 2025-10-03 07:09:56.208808+00:00
[2025-10-03T07:10:05.272+0000] {standard_task_runner.py:72} INFO - Started process 54 to run task
[2025-10-03T07:10:05.287+0000] {standard_task_runner.py:104} INFO - Running: ['***', 'tasks', 'run', 'Chaos_Node_DAG', 'taskB', 'manual__2025-10-03T07:09:56.208808+00:00', '--job-id', '349', '--raw', '--subdir', 'DAGS_FOLDER/dag_factory.py', '--cfg-path', '/tmp/tmpk481o220']
[2025-10-03T07:10:05.294+0000] {standard_task_runner.py:105} INFO - Job 349: Subtask taskB
[2025-10-03T07:10:05.713+0000] {task_command.py:467} INFO - Running <TaskInstance: Chaos_Node_DAG.taskB manual__2025-10-03T07:09:56.208808+00:00 [running]> on host BNXL-80508-WL.India.XoriantCorp.com
[2025-10-03T07:10:06.218+0000] {taskinstance.py:3131} INFO - Exporting env vars: AIRFLOW_CTX_DAG_OWNER='***' AIRFLOW_CTX_DAG_ID='Chaos_Node_DAG' AIRFLOW_CTX_TASK_ID='taskB' AIRFLOW_CTX_EXECUTION_DATE='2025-10-03T07:09:56.208808+00:00' AIRFLOW_CTX_TRY_NUMBER='1' AIRFLOW_CTX_DAG_RUN_ID='manual__2025-10-03T07:09:56.208808+00:00'
[2025-10-03T07:10:06.225+0000] {taskinstance.py:731} INFO - ::endgroup::
[2025-10-03T07:10:06.740+0000] {docker.py:367} INFO - Starting docker container from image ***_chaos:latest
[2025-10-03T07:10:09.832+0000] {docker.py:438} INFO - The container is run as root user. For security, consider using a regular user account.
[2025-10-03T07:10:36.553+0000] {local_task_job_runner.py:346} WARNING - State of this instance has been externally set to restarting. Terminating instance.
[2025-10-03T07:10:36.563+0000] {local_task_job_runner.py:245} INFO - ::endgroup::
[2025-10-03T07:10:36.572+0000] {process_utils.py:132} INFO - Sending 15 to group 54. PIDs of all processes in the group: [54]
[2025-10-03T07:10:36.573+0000] {process_utils.py:87} INFO - Sending the signal 15 to group 54
[2025-10-03T07:10:36.576+0000] {taskinstance.py:3092} ERROR - Received SIGTERM. Terminating subprocesses.
[2025-10-03T07:10:36.578+0000] {docker.py:533} INFO - Stopping docker container
[2025-10-03T07:10:37.264+0000] {taskinstance.py:3310} ERROR - Task failed with exception
Traceback (most recent call last):
  File "/home/airflow/.local/lib/python3.11/site-packages/airflow/models/taskinstance.py", line 767, in _execute_task
    result = _execute_callable(context=context, **execute_callable_kwargs)
             ^^^^^^^^^^^^^^^^^^^^^^^^^^^^^^^^^^^^^^^^^^^^^^^^^^^^^^^^^^^^^
  File "/home/airflow/.local/lib/python3.11/site-packages/airflow/models/taskinstance.py", line 733, in _execute_callable
    return ExecutionCallableRunner(
           ^^^^^^^^^^^^^^^^^^^^^^^^
  File "/home/airflow/.local/lib/python3.11/site-packages/airflow/utils/operator_helpers.py", line 252, in run
    return self.func(*args, **kwargs)
           ^^^^^^^^^^^^^^^^^^^^^^^^^^
  File "/home/airflow/.local/lib/python3.11/site-packages/airflow/models/baseoperator.py", line 406, in wrapper
    return func(self, *args, **kwargs)
           ^^^^^^^^^^^^^^^^^^^^^^^^^^^
  File "/home/airflow/.local/lib/python3.11/site-packages/airflow/providers/docker/operators/docker.py", line 513, in execute
    return self._run_image()
           ^^^^^^^^^^^^^^^^^
  File "/home/airflow/.local/lib/python3.11/site-packages/airflow/providers/docker/operators/docker.py", line 384, in _run_image
    return self._run_image_with_mounts(self.mounts, add_tmp_variable=False)
           ^^^^^^^^^^^^^^^^^^^^^^^^^^^^^^^^^^^^^^^^^^^^^^^^^^^^^^^^^^^^^^^^
  File "/home/airflow/.local/lib/python3.11/site-packages/airflow/providers/docker/operators/docker.py", line 434, in _run_image_with_mounts
    for log_chunk in logstream:
  File "/home/airflow/.local/lib/python3.11/site-packages/docker/types/daemon.py", line 29, in __next__
    return next(self._stream)
           ^^^^^^^^^^^^^^^^^^
  File "/home/airflow/.local/lib/python3.11/site-packages/docker/api/client.py", line 438, in <genexpr>
    gen = (data for (_, data) in gen)
          ^^^^^^^^^^^^^^^^^^^^^^^^^^^
  File "/home/airflow/.local/lib/python3.11/site-packages/docker/utils/socket.py", line 112, in frames_iter_no_tty
    (stream, n) = next_frame_header(socket)
                  ^^^^^^^^^^^^^^^^^^^^^^^^^
  File "/home/airflow/.local/lib/python3.11/site-packages/docker/utils/socket.py", line 84, in next_frame_header
    data = read_exactly(socket, 8)
           ^^^^^^^^^^^^^^^^^^^^^^^
  File "/home/airflow/.local/lib/python3.11/site-packages/docker/utils/socket.py", line 69, in read_exactly
    next_data = read(socket, n - len(data))
                ^^^^^^^^^^^^^^^^^^^^^^^^^^^
  File "/home/airflow/.local/lib/python3.11/site-packages/docker/utils/socket.py", line 40, in read
    poll.poll()
  File "/home/airflow/.local/lib/python3.11/site-packages/airflow/models/taskinstance.py", line 3094, in signal_handler
    raise AirflowTaskTerminated("Task received SIGTERM signal")
airflow.exceptions.AirflowTaskTerminated: Task received SIGTERM signal
[2025-10-03T07:10:37.281+0000] {taskinstance.py:1225} INFO - Marking task as UP_FOR_RETRY. dag_id=Chaos_Node_DAG, task_id=taskB, run_id=manual__2025-10-03T07:09:56.208808+00:00, execution_date=20251003T070956, start_date=20251003T071005, end_date=20251003T071037
[2025-10-03T07:10:37.352+0000] {taskinstance.py:340} INFO - ::group::Post task execution logs
[2025-10-03T07:10:37.400+0000] {process_utils.py:80} INFO - Process psutil.Process(pid=54, status='terminated', exitcode=2, started='07:10:04') (54) terminated with exit code 2
