[2025-10-06T08:39:14.289+0000] {local_task_job_runner.py:123} INFO - ::group::Pre task execution logs
[2025-10-06T08:39:14.304+0000] {taskinstance.py:2612} INFO - Dependencies all met for dep_context=non-requeueable deps ti=<TaskInstance: Mongo_DB_Container_Restart.run_mongo_container_restart manual__2025-10-06T08:39:13.013507+00:00 [queued]>
[2025-10-06T08:39:14.311+0000] {taskinstance.py:2612} INFO - Dependencies all met for dep_context=requeueable deps ti=<TaskInstance: Mongo_DB_Container_Restart.run_mongo_container_restart manual__2025-10-06T08:39:13.013507+00:00 [queued]>
[2025-10-06T08:39:14.312+0000] {taskinstance.py:2865} INFO - Starting attempt 1 of 1
[2025-10-06T08:39:14.325+0000] {taskinstance.py:2888} INFO - Executing <Task(DockerOperator): run_mongo_container_restart> on 2025-10-06 08:39:13.013507+00:00
[2025-10-06T08:39:14.332+0000] {standard_task_runner.py:72} INFO - Started process 58 to run task
[2025-10-06T08:39:14.335+0000] {standard_task_runner.py:104} INFO - Running: ['***', 'tasks', 'run', 'Mongo_DB_Container_Restart', 'run_mongo_container_restart', 'manual__2025-10-06T08:39:13.013507+00:00', '--job-id', '369', '--raw', '--subdir', 'DAGS_FOLDER/dag_factory.py', '--cfg-path', '/tmp/tmpivl_d71f']
[2025-10-06T08:39:14.336+0000] {standard_task_runner.py:105} INFO - Job 369: Subtask run_mongo_container_restart
[2025-10-06T08:39:14.394+0000] {task_command.py:467} INFO - Running <TaskInstance: Mongo_DB_Container_Restart.run_mongo_container_restart manual__2025-10-06T08:39:13.013507+00:00 [running]> on host BNXL-80508-WL.India.XoriantCorp.com
[2025-10-06T08:39:14.487+0000] {taskinstance.py:3131} INFO - Exporting env vars: AIRFLOW_CTX_DAG_OWNER='***' AIRFLOW_CTX_DAG_ID='Mongo_DB_Container_Restart' AIRFLOW_CTX_TASK_ID='run_mongo_container_restart' AIRFLOW_CTX_EXECUTION_DATE='2025-10-06T08:39:13.013507+00:00' AIRFLOW_CTX_TRY_NUMBER='1' AIRFLOW_CTX_DAG_RUN_ID='manual__2025-10-06T08:39:13.013507+00:00'
[2025-10-06T08:39:14.488+0000] {taskinstance.py:731} INFO - ::endgroup::
[2025-10-06T08:39:14.536+0000] {docker.py:367} INFO - Starting docker container from image ***_chaos:latest
[2025-10-06T08:39:14.786+0000] {docker.py:438} INFO - The container is run as root user. For security, consider using a regular user account.
[2025-10-06T08:39:20.967+0000] {docker.py:438} INFO - 
[2025-10-06T08:39:20.971+0000] {docker.py:438} INFO - Starting MongoDB container restart experiment
[2025-10-06T08:39:21.764+0000] {docker.py:438} INFO - [32m[2025-10-06 08:39:21 INFO] Validating the experiment's syntax
[2025-10-06T08:39:22.020+0000] {docker.py:438} INFO - [32m[2025-10-06 08:39:22 INFO] Experiment looks valid
[2025-10-06T08:39:22.021+0000] {docker.py:438} INFO - [32m[2025-10-06 08:39:22 INFO] Running experiment: Continuous Container Restart Experiment
[2025-10-06T08:39:22.024+0000] {docker.py:438} INFO - [32m[2025-10-06 08:39:22 INFO] Steady-state strategy: default
[2025-10-06T08:39:22.024+0000] {docker.py:438} INFO - [32m[2025-10-06 08:39:22 INFO] Rollbacks strategy: default
[2025-10-06T08:39:22.024+0000] {docker.py:438} INFO - [32m[2025-10-06 08:39:22 INFO] No steady state hypothesis defined. That's ok, just exploring.
[2025-10-06T08:39:22.025+0000] {docker.py:438} INFO - [32m[2025-10-06 08:39:22 INFO] Playing your experiment's method now...
[2025-10-06T08:39:22.025+0000] {docker.py:438} INFO - [32m[2025-10-06 08:39:22 INFO] Action: continuous-container-restart
[2025-10-06T08:40:37.036+0000] {docker.py:438} INFO - 🚀 [DEBUG] Entered restart_containers_continuous()
[2025-10-06T08:40:37.037+0000] {docker.py:438} INFO -    Params => label_selector=app=post-storage-mongodb, interval=5, duration=200, ns=default, container_name=post-storage-mongodb
[2025-10-06T08:40:37.037+0000] {docker.py:438} INFO - 
[2025-10-06T08:40:37.037+0000] {docker.py:438} INFO - ============================================================
[2025-10-06T08:40:37.037+0000] {docker.py:438} INFO - 🔄 [DEBUG] Container Restart Cycle #1 at 2025-10-06 08:39:22
[2025-10-06T08:40:37.037+0000] {docker.py:438} INFO - ============================================================
[2025-10-06T08:40:37.038+0000] {docker.py:438} INFO - 🔄 [DEBUG] Entered restart_containers()
[2025-10-06T08:40:37.038+0000] {docker.py:438} INFO - ❌ [DEBUG] Failed to create k8s api client: Service host/port is not set.
[2025-10-06T08:40:37.038+0000] {docker.py:438} INFO - ❌ [DEBUG] Exception calling restart_containers in cycle #1: Service host/port is not set.
[2025-10-06T08:40:37.038+0000] {docker.py:438} INFO - ✅ [DEBUG] Successfully restarted this cycle: 0
[2025-10-06T08:40:37.038+0000] {docker.py:438} INFO - ⏳ [DEBUG] Waiting 5 seconds until next cycle. Time remaining: 200s
[2025-10-06T08:40:37.038+0000] {docker.py:438} INFO - 
[2025-10-06T08:40:37.039+0000] {docker.py:438} INFO - ============================================================
[2025-10-06T08:40:37.039+0000] {docker.py:438} INFO - 🔄 [DEBUG] Container Restart Cycle #2 at 2025-10-06 08:39:27
[2025-10-06T08:40:37.039+0000] {docker.py:438} INFO - ============================================================
[2025-10-06T08:40:37.039+0000] {docker.py:438} INFO - 🔄 [DEBUG] Entered restart_containers()
[2025-10-06T08:40:37.039+0000] {docker.py:438} INFO - ❌ [DEBUG] Failed to create k8s api client: Service host/port is not set.
[2025-10-06T08:40:37.039+0000] {docker.py:438} INFO - ❌ [DEBUG] Exception calling restart_containers in cycle #2: Service host/port is not set.
[2025-10-06T08:40:37.040+0000] {docker.py:438} INFO - ✅ [DEBUG] Successfully restarted this cycle: 0
[2025-10-06T08:40:37.040+0000] {docker.py:438} INFO - ⏳ [DEBUG] Waiting 5 seconds until next cycle. Time remaining: 195s
[2025-10-06T08:40:37.040+0000] {docker.py:438} INFO - 
[2025-10-06T08:40:37.040+0000] {docker.py:438} INFO - ============================================================
[2025-10-06T08:40:37.040+0000] {docker.py:438} INFO - 🔄 [DEBUG] Container Restart Cycle #3 at 2025-10-06 08:39:32
[2025-10-06T08:40:37.040+0000] {docker.py:438} INFO - ============================================================
[2025-10-06T08:40:37.040+0000] {docker.py:438} INFO - 🔄 [DEBUG] Entered restart_containers()
[2025-10-06T08:40:37.040+0000] {docker.py:438} INFO - ❌ [DEBUG] Failed to create k8s api client: Service host/port is not set.
[2025-10-06T08:40:37.041+0000] {docker.py:438} INFO - ❌ [DEBUG] Exception calling restart_containers in cycle #3: Service host/port is not set.
[2025-10-06T08:40:37.041+0000] {docker.py:438} INFO - ✅ [DEBUG] Successfully restarted this cycle: 0
[2025-10-06T08:40:37.041+0000] {docker.py:438} INFO - ⏳ [DEBUG] Waiting 5 seconds until next cycle. Time remaining: 190s
[2025-10-06T08:40:37.041+0000] {docker.py:438} INFO - 
[2025-10-06T08:40:37.041+0000] {docker.py:438} INFO - ============================================================
[2025-10-06T08:40:37.041+0000] {docker.py:438} INFO - 🔄 [DEBUG] Container Restart Cycle #4 at 2025-10-06 08:39:37
[2025-10-06T08:40:37.041+0000] {docker.py:438} INFO - ============================================================
[2025-10-06T08:40:37.042+0000] {docker.py:438} INFO - 🔄 [DEBUG] Entered restart_containers()
[2025-10-06T08:40:37.042+0000] {docker.py:438} INFO - ❌ [DEBUG] Failed to create k8s api client: Service host/port is not set.
[2025-10-06T08:40:37.042+0000] {docker.py:438} INFO - ❌ [DEBUG] Exception calling restart_containers in cycle #4: Service host/port is not set.
[2025-10-06T08:40:37.042+0000] {docker.py:438} INFO - ✅ [DEBUG] Successfully restarted this cycle: 0
[2025-10-06T08:40:37.042+0000] {docker.py:438} INFO - ⏳ [DEBUG] Waiting 5 seconds until next cycle. Time remaining: 185s
[2025-10-06T08:40:37.042+0000] {docker.py:438} INFO - 
[2025-10-06T08:40:37.042+0000] {docker.py:438} INFO - ============================================================
[2025-10-06T08:40:37.042+0000] {docker.py:438} INFO - 🔄 [DEBUG] Container Restart Cycle #5 at 2025-10-06 08:39:42
[2025-10-06T08:40:37.043+0000] {docker.py:438} INFO - ============================================================
[2025-10-06T08:40:37.043+0000] {docker.py:438} INFO - 🔄 [DEBUG] Entered restart_containers()
[2025-10-06T08:40:37.043+0000] {docker.py:438} INFO - ❌ [DEBUG] Failed to create k8s api client: Service host/port is not set.
[2025-10-06T08:40:37.043+0000] {docker.py:438} INFO - ❌ [DEBUG] Exception calling restart_containers in cycle #5: Service host/port is not set.
[2025-10-06T08:40:37.043+0000] {docker.py:438} INFO - ✅ [DEBUG] Successfully restarted this cycle: 0
[2025-10-06T08:40:37.043+0000] {docker.py:438} INFO - ⏳ [DEBUG] Waiting 5 seconds until next cycle. Time remaining: 180s
[2025-10-06T08:40:37.043+0000] {docker.py:438} INFO - 
[2025-10-06T08:40:37.043+0000] {docker.py:438} INFO - ============================================================
[2025-10-06T08:40:37.044+0000] {docker.py:438} INFO - 🔄 [DEBUG] Container Restart Cycle #6 at 2025-10-06 08:39:47
[2025-10-06T08:40:37.044+0000] {docker.py:438} INFO - ============================================================
[2025-10-06T08:40:37.044+0000] {docker.py:438} INFO - 🔄 [DEBUG] Entered restart_containers()
[2025-10-06T08:40:37.044+0000] {docker.py:438} INFO - ❌ [DEBUG] Failed to create k8s api client: Service host/port is not set.
[2025-10-06T08:40:37.044+0000] {docker.py:438} INFO - ❌ [DEBUG] Exception calling restart_containers in cycle #6: Service host/port is not set.
[2025-10-06T08:40:37.044+0000] {docker.py:438} INFO - ✅ [DEBUG] Successfully restarted this cycle: 0
[2025-10-06T08:40:37.044+0000] {docker.py:438} INFO - ⏳ [DEBUG] Waiting 5 seconds until next cycle. Time remaining: 175s
[2025-10-06T08:40:37.044+0000] {docker.py:438} INFO - 
[2025-10-06T08:40:37.045+0000] {docker.py:438} INFO - ============================================================
[2025-10-06T08:40:37.045+0000] {docker.py:438} INFO - 🔄 [DEBUG] Container Restart Cycle #7 at 2025-10-06 08:39:52
[2025-10-06T08:40:37.045+0000] {docker.py:438} INFO - ============================================================
[2025-10-06T08:40:37.045+0000] {docker.py:438} INFO - 🔄 [DEBUG] Entered restart_containers()
[2025-10-06T08:40:37.045+0000] {docker.py:438} INFO - ❌ [DEBUG] Failed to create k8s api client: Service host/port is not set.
[2025-10-06T08:40:37.045+0000] {docker.py:438} INFO - ❌ [DEBUG] Exception calling restart_containers in cycle #7: Service host/port is not set.
[2025-10-06T08:40:37.045+0000] {docker.py:438} INFO - ✅ [DEBUG] Successfully restarted this cycle: 0
[2025-10-06T08:40:37.046+0000] {docker.py:438} INFO - ⏳ [DEBUG] Waiting 5 seconds until next cycle. Time remaining: 170s
[2025-10-06T08:40:37.046+0000] {docker.py:438} INFO - 
[2025-10-06T08:40:37.046+0000] {docker.py:438} INFO - ============================================================
[2025-10-06T08:40:37.046+0000] {docker.py:438} INFO - 🔄 [DEBUG] Container Restart Cycle #8 at 2025-10-06 08:39:57
[2025-10-06T08:40:37.046+0000] {docker.py:438} INFO - ============================================================
[2025-10-06T08:40:37.046+0000] {docker.py:438} INFO - 🔄 [DEBUG] Entered restart_containers()
[2025-10-06T08:40:37.046+0000] {docker.py:438} INFO - ❌ [DEBUG] Failed to create k8s api client: Service host/port is not set.
[2025-10-06T08:40:37.046+0000] {docker.py:438} INFO - ❌ [DEBUG] Exception calling restart_containers in cycle #8: Service host/port is not set.
[2025-10-06T08:40:37.047+0000] {docker.py:438} INFO - ✅ [DEBUG] Successfully restarted this cycle: 0
[2025-10-06T08:40:37.047+0000] {docker.py:438} INFO - ⏳ [DEBUG] Waiting 5 seconds until next cycle. Time remaining: 165s
[2025-10-06T08:40:37.047+0000] {docker.py:438} INFO - 
[2025-10-06T08:40:37.047+0000] {docker.py:438} INFO - ============================================================
[2025-10-06T08:40:37.047+0000] {docker.py:438} INFO - 🔄 [DEBUG] Container Restart Cycle #9 at 2025-10-06 08:40:02
[2025-10-06T08:40:37.047+0000] {docker.py:438} INFO - ============================================================
[2025-10-06T08:40:37.047+0000] {docker.py:438} INFO - 🔄 [DEBUG] Entered restart_containers()
[2025-10-06T08:40:37.047+0000] {docker.py:438} INFO - ❌ [DEBUG] Failed to create k8s api client: Service host/port is not set.
[2025-10-06T08:40:37.048+0000] {docker.py:438} INFO - ❌ [DEBUG] Exception calling restart_containers in cycle #9: Service host/port is not set.
[2025-10-06T08:40:37.048+0000] {docker.py:438} INFO - ✅ [DEBUG] Successfully restarted this cycle: 0
[2025-10-06T08:40:37.048+0000] {docker.py:438} INFO - ⏳ [DEBUG] Waiting 5 seconds until next cycle. Time remaining: 160s
[2025-10-06T08:40:37.048+0000] {docker.py:438} INFO - 
[2025-10-06T08:40:37.048+0000] {docker.py:438} INFO - ============================================================
[2025-10-06T08:40:37.048+0000] {docker.py:438} INFO - 🔄 [DEBUG] Container Restart Cycle #10 at 2025-10-06 08:40:07
[2025-10-06T08:40:37.048+0000] {docker.py:438} INFO - ============================================================
[2025-10-06T08:40:37.048+0000] {docker.py:438} INFO - 🔄 [DEBUG] Entered restart_containers()
[2025-10-06T08:40:37.049+0000] {docker.py:438} INFO - ❌ [DEBUG] Failed to create k8s api client: Service host/port is not set.
[2025-10-06T08:40:37.049+0000] {docker.py:438} INFO - ❌ [DEBUG] Exception calling restart_containers in cycle #10: Service host/port is not set.
[2025-10-06T08:40:37.049+0000] {docker.py:438} INFO - ✅ [DEBUG] Successfully restarted this cycle: 0
[2025-10-06T08:40:37.049+0000] {docker.py:438} INFO - ⏳ [DEBUG] Waiting 5 seconds until next cycle. Time remaining: 155s
[2025-10-06T08:40:37.049+0000] {docker.py:438} INFO - 
[2025-10-06T08:40:37.049+0000] {docker.py:438} INFO - ============================================================
[2025-10-06T08:40:37.049+0000] {docker.py:438} INFO - 🔄 [DEBUG] Container Restart Cycle #11 at 2025-10-06 08:40:12
[2025-10-06T08:40:37.050+0000] {docker.py:438} INFO - ============================================================
[2025-10-06T08:40:37.050+0000] {docker.py:438} INFO - 🔄 [DEBUG] Entered restart_containers()
[2025-10-06T08:40:37.050+0000] {docker.py:438} INFO - ❌ [DEBUG] Failed to create k8s api client: Service host/port is not set.
[2025-10-06T08:40:37.050+0000] {docker.py:438} INFO - ❌ [DEBUG] Exception calling restart_containers in cycle #11: Service host/port is not set.
[2025-10-06T08:40:37.050+0000] {docker.py:438} INFO - ✅ [DEBUG] Successfully restarted this cycle: 0
[2025-10-06T08:40:37.050+0000] {docker.py:438} INFO - ⏳ [DEBUG] Waiting 5 seconds until next cycle. Time remaining: 150s
[2025-10-06T08:40:37.050+0000] {docker.py:438} INFO - 
[2025-10-06T08:40:37.050+0000] {docker.py:438} INFO - ============================================================
[2025-10-06T08:40:37.050+0000] {docker.py:438} INFO - 🔄 [DEBUG] Container Restart Cycle #12 at 2025-10-06 08:40:17
[2025-10-06T08:40:37.051+0000] {docker.py:438} INFO - ============================================================
[2025-10-06T08:40:37.051+0000] {docker.py:438} INFO - 🔄 [DEBUG] Entered restart_containers()
[2025-10-06T08:40:37.051+0000] {docker.py:438} INFO - ❌ [DEBUG] Failed to create k8s api client: Service host/port is not set.
[2025-10-06T08:40:37.051+0000] {docker.py:438} INFO - ❌ [DEBUG] Exception calling restart_containers in cycle #12: Service host/port is not set.
[2025-10-06T08:40:37.051+0000] {docker.py:438} INFO - ✅ [DEBUG] Successfully restarted this cycle: 0
[2025-10-06T08:40:37.051+0000] {docker.py:438} INFO - ⏳ [DEBUG] Waiting 5 seconds until next cycle. Time remaining: 145s
[2025-10-06T08:40:37.052+0000] {docker.py:438} INFO - 
[2025-10-06T08:40:37.052+0000] {docker.py:438} INFO - ============================================================
[2025-10-06T08:40:37.052+0000] {docker.py:438} INFO - 🔄 [DEBUG] Container Restart Cycle #13 at 2025-10-06 08:40:22
[2025-10-06T08:40:37.052+0000] {docker.py:438} INFO - ============================================================
[2025-10-06T08:40:37.052+0000] {docker.py:438} INFO - 🔄 [DEBUG] Entered restart_containers()
[2025-10-06T08:40:37.052+0000] {docker.py:438} INFO - ❌ [DEBUG] Failed to create k8s api client: Service host/port is not set.
[2025-10-06T08:40:37.052+0000] {docker.py:438} INFO - ❌ [DEBUG] Exception calling restart_containers in cycle #13: Service host/port is not set.
[2025-10-06T08:40:37.053+0000] {docker.py:438} INFO - ✅ [DEBUG] Successfully restarted this cycle: 0
[2025-10-06T08:40:37.053+0000] {docker.py:438} INFO - ⏳ [DEBUG] Waiting 5 seconds until next cycle. Time remaining: 140s
[2025-10-06T08:40:37.053+0000] {docker.py:438} INFO - 
[2025-10-06T08:40:37.053+0000] {docker.py:438} INFO - ============================================================
[2025-10-06T08:40:37.053+0000] {docker.py:438} INFO - 🔄 [DEBUG] Container Restart Cycle #14 at 2025-10-06 08:40:27
[2025-10-06T08:40:37.053+0000] {docker.py:438} INFO - ============================================================
[2025-10-06T08:40:37.053+0000] {docker.py:438} INFO - 🔄 [DEBUG] Entered restart_containers()
[2025-10-06T08:40:37.053+0000] {docker.py:438} INFO - ❌ [DEBUG] Failed to create k8s api client: Service host/port is not set.
[2025-10-06T08:40:37.054+0000] {docker.py:438} INFO - ❌ [DEBUG] Exception calling restart_containers in cycle #14: Service host/port is not set.
[2025-10-06T08:40:37.054+0000] {docker.py:438} INFO - ✅ [DEBUG] Successfully restarted this cycle: 0
[2025-10-06T08:40:37.054+0000] {docker.py:438} INFO - ⏳ [DEBUG] Waiting 5 seconds until next cycle. Time remaining: 135s
[2025-10-06T08:40:37.054+0000] {docker.py:438} INFO - 
[2025-10-06T08:40:37.054+0000] {docker.py:438} INFO - ============================================================
[2025-10-06T08:40:37.055+0000] {docker.py:438} INFO - 🔄 [DEBUG] Container Restart Cycle #15 at 2025-10-06 08:40:32
[2025-10-06T08:40:37.055+0000] {docker.py:438} INFO - ============================================================
[2025-10-06T08:40:37.055+0000] {docker.py:438} INFO - 🔄 [DEBUG] Entered restart_containers()
[2025-10-06T08:40:37.055+0000] {docker.py:438} INFO - ❌ [DEBUG] Failed to create k8s api client: Service host/port is not set.
[2025-10-06T08:40:37.055+0000] {docker.py:438} INFO - ❌ [DEBUG] Exception calling restart_containers in cycle #15: Service host/port is not set.
[2025-10-06T08:40:37.055+0000] {docker.py:438} INFO - ✅ [DEBUG] Successfully restarted this cycle: 0
[2025-10-06T08:40:37.055+0000] {docker.py:438} INFO - ⏳ [DEBUG] Waiting 5 seconds until next cycle. Time remaining: 130s
[2025-10-06T08:40:37.056+0000] {docker.py:438} INFO - 
[2025-10-06T08:40:37.056+0000] {docker.py:438} INFO - ============================================================
[2025-10-06T08:40:37.056+0000] {docker.py:438} INFO - 🔄 [DEBUG] Container Restart Cycle #16 at 2025-10-06 08:40:37
[2025-10-06T08:40:37.056+0000] {docker.py:438} INFO - ============================================================
[2025-10-06T08:40:37.056+0000] {docker.py:438} INFO - 🔄 [DEBUG] Entered restart_containers()
[2025-10-06T08:40:37.056+0000] {docker.py:438} INFO - ❌ [DEBUG] Failed to create k8s api client: Service host/port is not set.
[2025-10-06T08:41:57.043+0000] {docker.py:438} INFO - ❌ [DEBUG] Exception calling restart_containers in cycle #16: Service host/port is not set.
[2025-10-06T08:41:57.044+0000] {docker.py:438} INFO - ✅ [DEBUG] Successfully restarted this cycle: 0
[2025-10-06T08:41:57.044+0000] {docker.py:438} INFO - ⏳ [DEBUG] Waiting 5 seconds until next cycle. Time remaining: 125s
[2025-10-06T08:41:57.044+0000] {docker.py:438} INFO - 
[2025-10-06T08:41:57.044+0000] {docker.py:438} INFO - ============================================================
[2025-10-06T08:41:57.045+0000] {docker.py:438} INFO - 🔄 [DEBUG] Container Restart Cycle #17 at 2025-10-06 08:40:42
[2025-10-06T08:41:57.045+0000] {docker.py:438} INFO - ============================================================
[2025-10-06T08:41:57.045+0000] {docker.py:438} INFO - 🔄 [DEBUG] Entered restart_containers()
[2025-10-06T08:41:57.045+0000] {docker.py:438} INFO - ❌ [DEBUG] Failed to create k8s api client: Service host/port is not set.
[2025-10-06T08:41:57.045+0000] {docker.py:438} INFO - ❌ [DEBUG] Exception calling restart_containers in cycle #17: Service host/port is not set.
[2025-10-06T08:41:57.045+0000] {docker.py:438} INFO - ✅ [DEBUG] Successfully restarted this cycle: 0
[2025-10-06T08:41:57.046+0000] {docker.py:438} INFO - ⏳ [DEBUG] Waiting 5 seconds until next cycle. Time remaining: 120s
[2025-10-06T08:41:57.046+0000] {docker.py:438} INFO - 
[2025-10-06T08:41:57.046+0000] {docker.py:438} INFO - ============================================================
[2025-10-06T08:41:57.046+0000] {docker.py:438} INFO - 🔄 [DEBUG] Container Restart Cycle #18 at 2025-10-06 08:40:47
[2025-10-06T08:41:57.046+0000] {docker.py:438} INFO - ============================================================
[2025-10-06T08:41:57.046+0000] {docker.py:438} INFO - 🔄 [DEBUG] Entered restart_containers()
[2025-10-06T08:41:57.046+0000] {docker.py:438} INFO - ❌ [DEBUG] Failed to create k8s api client: Service host/port is not set.
[2025-10-06T08:41:57.047+0000] {docker.py:438} INFO - ❌ [DEBUG] Exception calling restart_containers in cycle #18: Service host/port is not set.
[2025-10-06T08:41:57.047+0000] {docker.py:438} INFO - ✅ [DEBUG] Successfully restarted this cycle: 0
[2025-10-06T08:41:57.047+0000] {docker.py:438} INFO - ⏳ [DEBUG] Waiting 5 seconds until next cycle. Time remaining: 115s
[2025-10-06T08:41:57.047+0000] {docker.py:438} INFO - 
[2025-10-06T08:41:57.047+0000] {docker.py:438} INFO - ============================================================
[2025-10-06T08:41:57.047+0000] {docker.py:438} INFO - 🔄 [DEBUG] Container Restart Cycle #19 at 2025-10-06 08:40:52
[2025-10-06T08:41:57.047+0000] {docker.py:438} INFO - ============================================================
[2025-10-06T08:41:57.047+0000] {docker.py:438} INFO - 🔄 [DEBUG] Entered restart_containers()
[2025-10-06T08:41:57.048+0000] {docker.py:438} INFO - ❌ [DEBUG] Failed to create k8s api client: Service host/port is not set.
[2025-10-06T08:41:57.048+0000] {docker.py:438} INFO - ❌ [DEBUG] Exception calling restart_containers in cycle #19: Service host/port is not set.
[2025-10-06T08:41:57.048+0000] {docker.py:438} INFO - ✅ [DEBUG] Successfully restarted this cycle: 0
[2025-10-06T08:41:57.048+0000] {docker.py:438} INFO - ⏳ [DEBUG] Waiting 5 seconds until next cycle. Time remaining: 110s
[2025-10-06T08:41:57.048+0000] {docker.py:438} INFO - 
[2025-10-06T08:41:57.048+0000] {docker.py:438} INFO - ============================================================
[2025-10-06T08:41:57.048+0000] {docker.py:438} INFO - 🔄 [DEBUG] Container Restart Cycle #20 at 2025-10-06 08:40:57
[2025-10-06T08:41:57.048+0000] {docker.py:438} INFO - ============================================================
[2025-10-06T08:41:57.049+0000] {docker.py:438} INFO - 🔄 [DEBUG] Entered restart_containers()
[2025-10-06T08:41:57.049+0000] {docker.py:438} INFO - ❌ [DEBUG] Failed to create k8s api client: Service host/port is not set.
[2025-10-06T08:41:57.049+0000] {docker.py:438} INFO - ❌ [DEBUG] Exception calling restart_containers in cycle #20: Service host/port is not set.
[2025-10-06T08:41:57.049+0000] {docker.py:438} INFO - ✅ [DEBUG] Successfully restarted this cycle: 0
[2025-10-06T08:41:57.049+0000] {docker.py:438} INFO - ⏳ [DEBUG] Waiting 5 seconds until next cycle. Time remaining: 105s
[2025-10-06T08:41:57.049+0000] {docker.py:438} INFO - 
[2025-10-06T08:41:57.049+0000] {docker.py:438} INFO - ============================================================
[2025-10-06T08:41:57.050+0000] {docker.py:438} INFO - 🔄 [DEBUG] Container Restart Cycle #21 at 2025-10-06 08:41:02
[2025-10-06T08:41:57.050+0000] {docker.py:438} INFO - ============================================================
[2025-10-06T08:41:57.050+0000] {docker.py:438} INFO - 🔄 [DEBUG] Entered restart_containers()
[2025-10-06T08:41:57.050+0000] {docker.py:438} INFO - ❌ [DEBUG] Failed to create k8s api client: Service host/port is not set.
[2025-10-06T08:41:57.050+0000] {docker.py:438} INFO - ❌ [DEBUG] Exception calling restart_containers in cycle #21: Service host/port is not set.
[2025-10-06T08:41:57.050+0000] {docker.py:438} INFO - ✅ [DEBUG] Successfully restarted this cycle: 0
[2025-10-06T08:41:57.050+0000] {docker.py:438} INFO - ⏳ [DEBUG] Waiting 5 seconds until next cycle. Time remaining: 100s
[2025-10-06T08:41:57.050+0000] {docker.py:438} INFO - 
[2025-10-06T08:41:57.051+0000] {docker.py:438} INFO - ============================================================
[2025-10-06T08:41:57.051+0000] {docker.py:438} INFO - 🔄 [DEBUG] Container Restart Cycle #22 at 2025-10-06 08:41:07
[2025-10-06T08:41:57.051+0000] {docker.py:438} INFO - ============================================================
[2025-10-06T08:41:57.051+0000] {docker.py:438} INFO - 🔄 [DEBUG] Entered restart_containers()
[2025-10-06T08:41:57.051+0000] {docker.py:438} INFO - ❌ [DEBUG] Failed to create k8s api client: Service host/port is not set.
[2025-10-06T08:41:57.051+0000] {docker.py:438} INFO - ❌ [DEBUG] Exception calling restart_containers in cycle #22: Service host/port is not set.
[2025-10-06T08:41:57.052+0000] {docker.py:438} INFO - ✅ [DEBUG] Successfully restarted this cycle: 0
[2025-10-06T08:41:57.052+0000] {docker.py:438} INFO - ⏳ [DEBUG] Waiting 5 seconds until next cycle. Time remaining: 95s
[2025-10-06T08:41:57.052+0000] {docker.py:438} INFO - 
[2025-10-06T08:41:57.052+0000] {docker.py:438} INFO - ============================================================
[2025-10-06T08:41:57.052+0000] {docker.py:438} INFO - 🔄 [DEBUG] Container Restart Cycle #23 at 2025-10-06 08:41:12
[2025-10-06T08:41:57.052+0000] {docker.py:438} INFO - ============================================================
[2025-10-06T08:41:57.052+0000] {docker.py:438} INFO - 🔄 [DEBUG] Entered restart_containers()
[2025-10-06T08:41:57.052+0000] {docker.py:438} INFO - ❌ [DEBUG] Failed to create k8s api client: Service host/port is not set.
[2025-10-06T08:41:57.053+0000] {docker.py:438} INFO - ❌ [DEBUG] Exception calling restart_containers in cycle #23: Service host/port is not set.
[2025-10-06T08:41:57.053+0000] {docker.py:438} INFO - ✅ [DEBUG] Successfully restarted this cycle: 0
[2025-10-06T08:41:57.053+0000] {docker.py:438} INFO - ⏳ [DEBUG] Waiting 5 seconds until next cycle. Time remaining: 90s
[2025-10-06T08:41:57.053+0000] {docker.py:438} INFO - 
[2025-10-06T08:41:57.053+0000] {docker.py:438} INFO - ============================================================
[2025-10-06T08:41:57.053+0000] {docker.py:438} INFO - 🔄 [DEBUG] Container Restart Cycle #24 at 2025-10-06 08:41:17
[2025-10-06T08:41:57.053+0000] {docker.py:438} INFO - ============================================================
[2025-10-06T08:41:57.053+0000] {docker.py:438} INFO - 🔄 [DEBUG] Entered restart_containers()
[2025-10-06T08:41:57.054+0000] {docker.py:438} INFO - ❌ [DEBUG] Failed to create k8s api client: Service host/port is not set.
[2025-10-06T08:41:57.054+0000] {docker.py:438} INFO - ❌ [DEBUG] Exception calling restart_containers in cycle #24: Service host/port is not set.
[2025-10-06T08:41:57.054+0000] {docker.py:438} INFO - ✅ [DEBUG] Successfully restarted this cycle: 0
[2025-10-06T08:41:57.054+0000] {docker.py:438} INFO - ⏳ [DEBUG] Waiting 5 seconds until next cycle. Time remaining: 85s
[2025-10-06T08:41:57.054+0000] {docker.py:438} INFO - 
[2025-10-06T08:41:57.054+0000] {docker.py:438} INFO - ============================================================
[2025-10-06T08:41:57.055+0000] {docker.py:438} INFO - 🔄 [DEBUG] Container Restart Cycle #25 at 2025-10-06 08:41:22
[2025-10-06T08:41:57.055+0000] {docker.py:438} INFO - ============================================================
[2025-10-06T08:41:57.055+0000] {docker.py:438} INFO - 🔄 [DEBUG] Entered restart_containers()
[2025-10-06T08:41:57.055+0000] {docker.py:438} INFO - ❌ [DEBUG] Failed to create k8s api client: Service host/port is not set.
[2025-10-06T08:41:57.055+0000] {docker.py:438} INFO - ❌ [DEBUG] Exception calling restart_containers in cycle #25: Service host/port is not set.
[2025-10-06T08:41:57.055+0000] {docker.py:438} INFO - ✅ [DEBUG] Successfully restarted this cycle: 0
[2025-10-06T08:41:57.055+0000] {docker.py:438} INFO - ⏳ [DEBUG] Waiting 5 seconds until next cycle. Time remaining: 80s
[2025-10-06T08:41:57.055+0000] {docker.py:438} INFO - 
[2025-10-06T08:41:57.056+0000] {docker.py:438} INFO - ============================================================
[2025-10-06T08:41:57.056+0000] {docker.py:438} INFO - 🔄 [DEBUG] Container Restart Cycle #26 at 2025-10-06 08:41:27
[2025-10-06T08:41:57.056+0000] {docker.py:438} INFO - ============================================================
[2025-10-06T08:41:57.056+0000] {docker.py:438} INFO - 🔄 [DEBUG] Entered restart_containers()
[2025-10-06T08:41:57.056+0000] {docker.py:438} INFO - ❌ [DEBUG] Failed to create k8s api client: Service host/port is not set.
[2025-10-06T08:41:57.056+0000] {docker.py:438} INFO - ❌ [DEBUG] Exception calling restart_containers in cycle #26: Service host/port is not set.
[2025-10-06T08:41:57.056+0000] {docker.py:438} INFO - ✅ [DEBUG] Successfully restarted this cycle: 0
[2025-10-06T08:41:57.057+0000] {docker.py:438} INFO - ⏳ [DEBUG] Waiting 5 seconds until next cycle. Time remaining: 75s
[2025-10-06T08:41:57.057+0000] {docker.py:438} INFO - 
[2025-10-06T08:41:57.057+0000] {docker.py:438} INFO - ============================================================
[2025-10-06T08:41:57.057+0000] {docker.py:438} INFO - 🔄 [DEBUG] Container Restart Cycle #27 at 2025-10-06 08:41:32
[2025-10-06T08:41:57.057+0000] {docker.py:438} INFO - ============================================================
[2025-10-06T08:41:57.057+0000] {docker.py:438} INFO - 🔄 [DEBUG] Entered restart_containers()
[2025-10-06T08:41:57.057+0000] {docker.py:438} INFO - ❌ [DEBUG] Failed to create k8s api client: Service host/port is not set.
[2025-10-06T08:41:57.057+0000] {docker.py:438} INFO - ❌ [DEBUG] Exception calling restart_containers in cycle #27: Service host/port is not set.
[2025-10-06T08:41:57.058+0000] {docker.py:438} INFO - ✅ [DEBUG] Successfully restarted this cycle: 0
[2025-10-06T08:41:57.058+0000] {docker.py:438} INFO - ⏳ [DEBUG] Waiting 5 seconds until next cycle. Time remaining: 70s
[2025-10-06T08:41:57.058+0000] {docker.py:438} INFO - 
[2025-10-06T08:41:57.058+0000] {docker.py:438} INFO - ============================================================
[2025-10-06T08:41:57.058+0000] {docker.py:438} INFO - 🔄 [DEBUG] Container Restart Cycle #28 at 2025-10-06 08:41:37
[2025-10-06T08:41:57.058+0000] {docker.py:438} INFO - ============================================================
[2025-10-06T08:41:57.058+0000] {docker.py:438} INFO - 🔄 [DEBUG] Entered restart_containers()
[2025-10-06T08:41:57.058+0000] {docker.py:438} INFO - ❌ [DEBUG] Failed to create k8s api client: Service host/port is not set.
[2025-10-06T08:41:57.059+0000] {docker.py:438} INFO - ❌ [DEBUG] Exception calling restart_containers in cycle #28: Service host/port is not set.
[2025-10-06T08:41:57.059+0000] {docker.py:438} INFO - ✅ [DEBUG] Successfully restarted this cycle: 0
[2025-10-06T08:41:57.059+0000] {docker.py:438} INFO - ⏳ [DEBUG] Waiting 5 seconds until next cycle. Time remaining: 65s
[2025-10-06T08:41:57.059+0000] {docker.py:438} INFO - 
[2025-10-06T08:41:57.059+0000] {docker.py:438} INFO - ============================================================
[2025-10-06T08:41:57.059+0000] {docker.py:438} INFO - 🔄 [DEBUG] Container Restart Cycle #29 at 2025-10-06 08:41:42
[2025-10-06T08:41:57.059+0000] {docker.py:438} INFO - ============================================================
[2025-10-06T08:41:57.059+0000] {docker.py:438} INFO - 🔄 [DEBUG] Entered restart_containers()
[2025-10-06T08:41:57.060+0000] {docker.py:438} INFO - ❌ [DEBUG] Failed to create k8s api client: Service host/port is not set.
[2025-10-06T08:41:57.060+0000] {docker.py:438} INFO - ❌ [DEBUG] Exception calling restart_containers in cycle #29: Service host/port is not set.
[2025-10-06T08:41:57.060+0000] {docker.py:438} INFO - ✅ [DEBUG] Successfully restarted this cycle: 0
[2025-10-06T08:41:57.060+0000] {docker.py:438} INFO - ⏳ [DEBUG] Waiting 5 seconds until next cycle. Time remaining: 60s
[2025-10-06T08:41:57.060+0000] {docker.py:438} INFO - 
[2025-10-06T08:41:57.060+0000] {docker.py:438} INFO - ============================================================
[2025-10-06T08:41:57.060+0000] {docker.py:438} INFO - 🔄 [DEBUG] Container Restart Cycle #30 at 2025-10-06 08:41:47
[2025-10-06T08:41:57.060+0000] {docker.py:438} INFO - ============================================================
[2025-10-06T08:41:57.061+0000] {docker.py:438} INFO - 🔄 [DEBUG] Entered restart_containers()
[2025-10-06T08:41:57.061+0000] {docker.py:438} INFO - ❌ [DEBUG] Failed to create k8s api client: Service host/port is not set.
[2025-10-06T08:41:57.061+0000] {docker.py:438} INFO - ❌ [DEBUG] Exception calling restart_containers in cycle #30: Service host/port is not set.
[2025-10-06T08:41:57.061+0000] {docker.py:438} INFO - ✅ [DEBUG] Successfully restarted this cycle: 0
[2025-10-06T08:41:57.061+0000] {docker.py:438} INFO - ⏳ [DEBUG] Waiting 5 seconds until next cycle. Time remaining: 55s
[2025-10-06T08:41:57.061+0000] {docker.py:438} INFO - 
[2025-10-06T08:41:57.061+0000] {docker.py:438} INFO - ============================================================
[2025-10-06T08:41:57.061+0000] {docker.py:438} INFO - 🔄 [DEBUG] Container Restart Cycle #31 at 2025-10-06 08:41:52
[2025-10-06T08:41:57.062+0000] {docker.py:438} INFO - ============================================================
[2025-10-06T08:41:57.062+0000] {docker.py:438} INFO - 🔄 [DEBUG] Entered restart_containers()
[2025-10-06T08:41:57.062+0000] {docker.py:438} INFO - ❌ [DEBUG] Failed to create k8s api client: Service host/port is not set.
[2025-10-06T08:41:57.062+0000] {docker.py:438} INFO - ❌ [DEBUG] Exception calling restart_containers in cycle #31: Service host/port is not set.
[2025-10-06T08:41:57.062+0000] {docker.py:438} INFO - ✅ [DEBUG] Successfully restarted this cycle: 0
[2025-10-06T08:41:57.062+0000] {docker.py:438} INFO - ⏳ [DEBUG] Waiting 5 seconds until next cycle. Time remaining: 50s
[2025-10-06T08:41:57.062+0000] {docker.py:438} INFO - 
[2025-10-06T08:41:57.062+0000] {docker.py:438} INFO - ============================================================
[2025-10-06T08:41:57.063+0000] {docker.py:438} INFO - 🔄 [DEBUG] Container Restart Cycle #32 at 2025-10-06 08:41:57
[2025-10-06T08:41:57.063+0000] {docker.py:438} INFO - ============================================================
[2025-10-06T08:41:57.063+0000] {docker.py:438} INFO - 🔄 [DEBUG] Entered restart_containers()
[2025-10-06T08:41:57.063+0000] {docker.py:438} INFO - ❌ [DEBUG] Failed to create k8s api client: Service host/port is not set.
[2025-10-06T08:42:37.048+0000] {docker.py:438} INFO - [32m[2025-10-06 08:42:37 INFO] Let's rollback...
[2025-10-06T08:42:37.048+0000] {docker.py:438} INFO - [32m[2025-10-06 08:42:37 INFO] Rollback: verify-pods-running
[2025-10-06T08:42:37.048+0000] {docker.py:438} INFO - [32m[2025-10-06 08:42:37 INFO] Probe: verify-pods-running
[2025-10-06T08:42:38.418+0000] {docker.py:438} INFO - [32m[2025-10-06 08:42:38 INFO] Experiment ended with status: completed
[2025-10-06T08:42:38.420+0000] {docker.py:438} INFO - ❌ [DEBUG] Exception calling restart_containers in cycle #32: Service host/port is not set.
[2025-10-06T08:42:38.420+0000] {docker.py:438} INFO - ✅ [DEBUG] Successfully restarted this cycle: 0
[2025-10-06T08:42:38.420+0000] {docker.py:438} INFO - ⏳ [DEBUG] Waiting 5 seconds until next cycle. Time remaining: 45s
[2025-10-06T08:42:38.421+0000] {docker.py:438} INFO - 
[2025-10-06T08:42:38.421+0000] {docker.py:438} INFO - ============================================================
[2025-10-06T08:42:38.421+0000] {docker.py:438} INFO - 🔄 [DEBUG] Container Restart Cycle #33 at 2025-10-06 08:42:02
[2025-10-06T08:42:38.421+0000] {docker.py:438} INFO - ============================================================
[2025-10-06T08:42:38.422+0000] {docker.py:438} INFO - 🔄 [DEBUG] Entered restart_containers()
[2025-10-06T08:42:38.422+0000] {docker.py:438} INFO - ❌ [DEBUG] Failed to create k8s api client: Service host/port is not set.
[2025-10-06T08:42:38.422+0000] {docker.py:438} INFO - ❌ [DEBUG] Exception calling restart_containers in cycle #33: Service host/port is not set.
[2025-10-06T08:42:38.422+0000] {docker.py:438} INFO - ✅ [DEBUG] Successfully restarted this cycle: 0
[2025-10-06T08:42:38.422+0000] {docker.py:438} INFO - ⏳ [DEBUG] Waiting 5 seconds until next cycle. Time remaining: 40s
[2025-10-06T08:42:38.423+0000] {docker.py:438} INFO - 
[2025-10-06T08:42:38.423+0000] {docker.py:438} INFO - ============================================================
[2025-10-06T08:42:38.423+0000] {docker.py:438} INFO - 🔄 [DEBUG] Container Restart Cycle #34 at 2025-10-06 08:42:07
[2025-10-06T08:42:38.423+0000] {docker.py:438} INFO - ============================================================
[2025-10-06T08:42:38.423+0000] {docker.py:438} INFO - 🔄 [DEBUG] Entered restart_containers()
[2025-10-06T08:42:38.424+0000] {docker.py:438} INFO - ❌ [DEBUG] Failed to create k8s api client: Service host/port is not set.
[2025-10-06T08:42:38.424+0000] {docker.py:438} INFO - ❌ [DEBUG] Exception calling restart_containers in cycle #34: Service host/port is not set.
[2025-10-06T08:42:38.424+0000] {docker.py:438} INFO - ✅ [DEBUG] Successfully restarted this cycle: 0
[2025-10-06T08:42:38.424+0000] {docker.py:438} INFO - ⏳ [DEBUG] Waiting 5 seconds until next cycle. Time remaining: 35s
[2025-10-06T08:42:38.424+0000] {docker.py:438} INFO - 
[2025-10-06T08:42:38.425+0000] {docker.py:438} INFO - ============================================================
[2025-10-06T08:42:38.425+0000] {docker.py:438} INFO - 🔄 [DEBUG] Container Restart Cycle #35 at 2025-10-06 08:42:12
[2025-10-06T08:42:38.425+0000] {docker.py:438} INFO - ============================================================
[2025-10-06T08:42:38.425+0000] {docker.py:438} INFO - 🔄 [DEBUG] Entered restart_containers()
[2025-10-06T08:42:38.425+0000] {docker.py:438} INFO - ❌ [DEBUG] Failed to create k8s api client: Service host/port is not set.
[2025-10-06T08:42:38.426+0000] {docker.py:438} INFO - ❌ [DEBUG] Exception calling restart_containers in cycle #35: Service host/port is not set.
[2025-10-06T08:42:38.426+0000] {docker.py:438} INFO - ✅ [DEBUG] Successfully restarted this cycle: 0
[2025-10-06T08:42:38.426+0000] {docker.py:438} INFO - ⏳ [DEBUG] Waiting 5 seconds until next cycle. Time remaining: 30s
[2025-10-06T08:42:38.426+0000] {docker.py:438} INFO - 
[2025-10-06T08:42:38.427+0000] {docker.py:438} INFO - ============================================================
[2025-10-06T08:42:38.427+0000] {docker.py:438} INFO - 🔄 [DEBUG] Container Restart Cycle #36 at 2025-10-06 08:42:17
[2025-10-06T08:42:38.427+0000] {docker.py:438} INFO - ============================================================
[2025-10-06T08:42:38.427+0000] {docker.py:438} INFO - 🔄 [DEBUG] Entered restart_containers()
[2025-10-06T08:42:38.428+0000] {docker.py:438} INFO - ❌ [DEBUG] Failed to create k8s api client: Service host/port is not set.
[2025-10-06T08:42:38.428+0000] {docker.py:438} INFO - ❌ [DEBUG] Exception calling restart_containers in cycle #36: Service host/port is not set.
[2025-10-06T08:42:38.428+0000] {docker.py:438} INFO - ✅ [DEBUG] Successfully restarted this cycle: 0
[2025-10-06T08:42:38.428+0000] {docker.py:438} INFO - ⏳ [DEBUG] Waiting 5 seconds until next cycle. Time remaining: 25s
[2025-10-06T08:42:38.428+0000] {docker.py:438} INFO - 
[2025-10-06T08:42:38.428+0000] {docker.py:438} INFO - ============================================================
[2025-10-06T08:42:38.428+0000] {docker.py:438} INFO - 🔄 [DEBUG] Container Restart Cycle #37 at 2025-10-06 08:42:22
[2025-10-06T08:42:38.429+0000] {docker.py:438} INFO - ============================================================
[2025-10-06T08:42:38.429+0000] {docker.py:438} INFO - 🔄 [DEBUG] Entered restart_containers()
[2025-10-06T08:42:38.429+0000] {docker.py:438} INFO - ❌ [DEBUG] Failed to create k8s api client: Service host/port is not set.
[2025-10-06T08:42:38.429+0000] {docker.py:438} INFO - ❌ [DEBUG] Exception calling restart_containers in cycle #37: Service host/port is not set.
[2025-10-06T08:42:38.429+0000] {docker.py:438} INFO - ✅ [DEBUG] Successfully restarted this cycle: 0
[2025-10-06T08:42:38.429+0000] {docker.py:438} INFO - ⏳ [DEBUG] Waiting 5 seconds until next cycle. Time remaining: 20s
[2025-10-06T08:42:38.429+0000] {docker.py:438} INFO - 
[2025-10-06T08:42:38.429+0000] {docker.py:438} INFO - ============================================================
[2025-10-06T08:42:38.429+0000] {docker.py:438} INFO - 🔄 [DEBUG] Container Restart Cycle #38 at 2025-10-06 08:42:27
[2025-10-06T08:42:38.430+0000] {docker.py:438} INFO - ============================================================
[2025-10-06T08:42:38.430+0000] {docker.py:438} INFO - 🔄 [DEBUG] Entered restart_containers()
[2025-10-06T08:42:38.430+0000] {docker.py:438} INFO - ❌ [DEBUG] Failed to create k8s api client: Service host/port is not set.
[2025-10-06T08:42:38.430+0000] {docker.py:438} INFO - ❌ [DEBUG] Exception calling restart_containers in cycle #38: Service host/port is not set.
[2025-10-06T08:42:38.430+0000] {docker.py:438} INFO - ✅ [DEBUG] Successfully restarted this cycle: 0
[2025-10-06T08:42:38.430+0000] {docker.py:438} INFO - ⏳ [DEBUG] Waiting 5 seconds until next cycle. Time remaining: 15s
[2025-10-06T08:42:38.430+0000] {docker.py:438} INFO - 
[2025-10-06T08:42:38.430+0000] {docker.py:438} INFO - ============================================================
[2025-10-06T08:42:38.431+0000] {docker.py:438} INFO - 🔄 [DEBUG] Container Restart Cycle #39 at 2025-10-06 08:42:32
[2025-10-06T08:42:38.431+0000] {docker.py:438} INFO - ============================================================
[2025-10-06T08:42:38.431+0000] {docker.py:438} INFO - 🔄 [DEBUG] Entered restart_containers()
[2025-10-06T08:42:38.431+0000] {docker.py:438} INFO - ❌ [DEBUG] Failed to create k8s api client: Service host/port is not set.
[2025-10-06T08:42:38.431+0000] {docker.py:438} INFO - ❌ [DEBUG] Exception calling restart_containers in cycle #39: Service host/port is not set.
[2025-10-06T08:42:38.431+0000] {docker.py:438} INFO - ✅ [DEBUG] Successfully restarted this cycle: 0
[2025-10-06T08:42:38.431+0000] {docker.py:438} INFO - ⏳ [DEBUG] Waiting 5 seconds until next cycle. Time remaining: 10s
[2025-10-06T08:42:38.431+0000] {docker.py:438} INFO - 
[2025-10-06T08:42:38.432+0000] {docker.py:438} INFO - ============================================================
[2025-10-06T08:42:38.432+0000] {docker.py:438} INFO - 🔄 [DEBUG] Container Restart Cycle #40 at 2025-10-06 08:42:37
[2025-10-06T08:42:38.432+0000] {docker.py:438} INFO - ============================================================
[2025-10-06T08:42:38.432+0000] {docker.py:438} INFO - 🔄 [DEBUG] Entered restart_containers()
[2025-10-06T08:42:38.432+0000] {docker.py:438} INFO - ❌ [DEBUG] Failed to create k8s api client: Service host/port is not set.
[2025-10-06T08:42:38.432+0000] {docker.py:438} INFO - ❌ [DEBUG] Exception calling restart_containers in cycle #40: Service host/port is not set.
[2025-10-06T08:42:38.432+0000] {docker.py:438} INFO - ✅ [DEBUG] Successfully restarted this cycle: 0
[2025-10-06T08:42:38.432+0000] {docker.py:438} INFO - ⏰ [DEBUG] Less than 5 seconds remaining (5s). Stopping continuous run.
[2025-10-06T08:42:38.433+0000] {docker.py:438} INFO - 
[2025-10-06T08:42:38.433+0000] {docker.py:438} INFO - ============================================================
[2025-10-06T08:42:38.433+0000] {docker.py:438} INFO - 🏁 [DEBUG] Continuous restart experiment completed
[2025-10-06T08:42:38.433+0000] {docker.py:438} INFO - 📈 Total cycles: 40
[2025-10-06T08:42:38.433+0000] {docker.py:438} INFO - 📦 Total containers restarted: 0
[2025-10-06T08:42:38.434+0000] {docker.py:438} INFO - ⏱️ Total duration: 195 seconds
[2025-10-06T08:42:38.434+0000] {docker.py:438} INFO - 📊 Average cycle time: 4.9 seconds
[2025-10-06T08:42:38.574+0000] {docker.py:438} INFO - MongoDB container restart experiment completed successfully
[2025-10-06T08:42:38.758+0000] {taskinstance.py:340} INFO - ::group::Post task execution logs
[2025-10-06T08:42:38.758+0000] {taskinstance.py:352} INFO - Marking task as SUCCESS. dag_id=Mongo_DB_Container_Restart, task_id=run_mongo_container_restart, run_id=manual__2025-10-06T08:39:13.013507+00:00, execution_date=20251006T083913, start_date=20251006T083914, end_date=20251006T084238
[2025-10-06T08:42:38.815+0000] {local_task_job_runner.py:266} INFO - Task exited with return code 0
[2025-10-06T08:42:38.834+0000] {taskinstance.py:3900} INFO - 0 downstream tasks scheduled from follow-on schedule check
[2025-10-06T08:42:38.837+0000] {local_task_job_runner.py:245} INFO - ::endgroup::
