[2025-09-25T14:03:41.108+0000] {local_task_job_runner.py:123} INFO - ::group::Pre task execution logs
[2025-09-25T14:03:41.123+0000] {taskinstance.py:2612} INFO - Dependencies all met for dep_context=non-requeueable deps ti=<TaskInstance: Container_Restart.apply_container_restart_docker manual__2025-09-25T14:03:36.807558+00:00 [queued]>
[2025-09-25T14:03:41.136+0000] {taskinstance.py:2612} INFO - Dependencies all met for dep_context=requeueable deps ti=<TaskInstance: Container_Restart.apply_container_restart_docker manual__2025-09-25T14:03:36.807558+00:00 [queued]>
[2025-09-25T14:03:41.137+0000] {taskinstance.py:2865} INFO - Starting attempt 1 of 1
[2025-09-25T14:03:41.151+0000] {taskinstance.py:2888} INFO - Executing <Task(DockerOperator): apply_container_restart_docker> on 2025-09-25 14:03:36.807558+00:00
[2025-09-25T14:03:41.157+0000] {standard_task_runner.py:72} INFO - Started process 125 to run task
[2025-09-25T14:03:41.161+0000] {standard_task_runner.py:104} INFO - Running: ['***', 'tasks', 'run', 'Container_Restart', 'apply_container_restart_docker', 'manual__2025-09-25T14:03:36.807558+00:00', '--job-id', '301', '--raw', '--subdir', 'DAGS_FOLDER/dag_factory.py', '--cfg-path', '/tmp/tmpka8kgbnx']
[2025-09-25T14:03:41.163+0000] {standard_task_runner.py:105} INFO - Job 301: Subtask apply_container_restart_docker
[2025-09-25T14:03:41.225+0000] {task_command.py:467} INFO - Running <TaskInstance: Container_Restart.apply_container_restart_docker manual__2025-09-25T14:03:36.807558+00:00 [running]> on host BNXL-80508-WL.India.XoriantCorp.com
[2025-09-25T14:03:41.321+0000] {taskinstance.py:3131} INFO - Exporting env vars: AIRFLOW_CTX_DAG_OWNER='***' AIRFLOW_CTX_DAG_ID='Container_Restart' AIRFLOW_CTX_TASK_ID='apply_container_restart_docker' AIRFLOW_CTX_EXECUTION_DATE='2025-09-25T14:03:36.807558+00:00' AIRFLOW_CTX_TRY_NUMBER='1' AIRFLOW_CTX_DAG_RUN_ID='manual__2025-09-25T14:03:36.807558+00:00'
[2025-09-25T14:03:41.322+0000] {taskinstance.py:731} INFO - ::endgroup::
[2025-09-25T14:03:41.467+0000] {docker.py:367} INFO - Starting docker container from image priyanshu01ce/***_chaos:latest
[2025-09-25T14:03:42.018+0000] {docker.py:438} INFO - The container is run as root user. For security, consider using a regular user account.
[2025-09-25T14:03:54.830+0000] {docker.py:438} INFO - 
[2025-09-25T14:03:54.861+0000] {docker.py:438} INFO - total 10952
[2025-09-25T14:03:54.861+0000] {docker.py:438} INFO - drwxr-xr-x 4    1000 1000     4096 Sep 25 11:14 .
[2025-09-25T14:03:54.862+0000] {docker.py:438} INFO - drwxr-xr-x 1 *** root     4096 Sep 24 12:24 ..
[2025-09-25T14:03:54.862+0000] {docker.py:438} INFO - -rw-r--r-- 1    1000 1000     1193 Sep  8 07:02 API_Latency.json
[2025-09-25T14:03:54.863+0000] {docker.py:438} INFO - -rw-r--r-- 1    1000 1000      729 Sep  9 10:30 API_Timeout.json
[2025-09-25T14:03:54.863+0000] {docker.py:438} INFO - -rw-r--r-- 1    1000 1000     1333 Sep 25 12:12 Continuous_Load_Test.yaml
[2025-09-25T14:03:54.863+0000] {docker.py:438} INFO - -rw-r--r-- 1    1000 1000     1241 Sep 25 11:21 Load_Test.yaml
[2025-09-25T14:03:54.863+0000] {docker.py:438} INFO - -rw-r--r-- 1    1000 1000     1177 Sep 25 10:49 Stress_test.yaml
[2025-09-25T14:03:54.863+0000] {docker.py:438} INFO - -rw-r--r-- 1    1000 1000     1017 Sep 24 10:45 Stress_test_kube.yaml
[2025-09-25T14:03:54.863+0000] {docker.py:438} INFO - drwxr-xr-x 2 root    root     4096 Sep 25 10:19 __pycache__
[2025-09-25T14:03:54.864+0000] {docker.py:438} INFO - -rw-r--r-- 1    1000 1000     8875 Sep 22 09:04 chaosk6_actions.py
[2025-09-25T14:03:54.864+0000] {docker.py:438} INFO - -rw-rw-r-- 1 root    root    55674 Sep 25 13:53 chaostoolkit.log
[2025-09-25T14:03:54.864+0000] {docker.py:438} INFO - -rw-r--r-- 1    1000 1000     3213 Sep  9 09:11 combined-sequential.json
[2025-09-25T14:03:54.865+0000] {docker.py:438} INFO - -rw-r--r-- 1    1000 1000      502 Sep 16 05:31 connection_test_experiment.json
[2025-09-25T14:03:54.865+0000] {docker.py:438} INFO - -rw-r--r-- 1    1000 1000     1420 Sep 24 06:53 container_restart.json
[2025-09-25T14:03:54.865+0000] {docker.py:438} INFO - -rw-r--r-- 1    1000 1000    13551 Sep 25 05:07 container_restart.py
[2025-09-25T14:03:54.865+0000] {docker.py:438} INFO - -rw-r--r-- 1    1000 1000     1315 Sep 25 11:12 container_restart.yaml
[2025-09-25T14:03:54.866+0000] {docker.py:438} INFO - -rw-r--r-- 1    1000 1000     1031 Sep 24 07:37 container_restart_kube.yaml
[2025-09-25T14:03:54.866+0000] {docker.py:438} INFO - -rw-r--r-- 1    1000 1000     1409 Sep 18 12:30 continuous_load_test.json
[2025-09-25T14:03:54.866+0000] {docker.py:438} INFO - -rw-r--r-- 1    1000 1000     1637 Sep 25 10:13 cordon-uncordon-node.json
[2025-09-25T14:03:54.866+0000] {docker.py:438} INFO - -rw-r--r-- 1    1000 1000     1637 Sep 25 04:39 cordon_test.json
[2025-09-25T14:03:54.866+0000] {docker.py:438} INFO - -rw-r--r-- 1    1000 1000     1037 Sep 25 11:18 cordon_uncordon_node.yaml
[2025-09-25T14:03:54.867+0000] {docker.py:438} INFO - -rw-r--r-- 1    1000 1000     1214 Sep 24 17:12 cordon_uncordon_node_kube.yaml
[2025-09-25T14:03:54.867+0000] {docker.py:438} INFO - -rw-r--r-- 1    1000 1000     1771 Sep 24 07:40 db_cleanup.json
[2025-09-25T14:03:54.867+0000] {docker.py:438} INFO - -rw-r--r-- 1    1000 1000     6399 Sep 24 07:40 db_cleanup.py
[2025-09-25T14:03:54.867+0000] {docker.py:438} INFO - -rw-r--r-- 1    1000 1000     1172 Sep 24 07:40 db_cleanup_docker.yaml
[2025-09-25T14:03:54.867+0000] {docker.py:438} INFO - -rw-r--r-- 1    1000 1000     1097 Sep 24 10:43 db_cleanup_kube.yaml
[2025-09-25T14:03:54.867+0000] {docker.py:438} INFO - -rw-r--r-- 1 root    root     3318 Sep 25 13:53 journal.json
[2025-09-25T14:03:54.868+0000] {docker.py:438} INFO - -rw-rw-r-- 1 root    root     9834 Sep 25 09:01 k6_continuous_load.log
[2025-09-25T14:03:54.868+0000] {docker.py:438} INFO - -rw-r--r-- 1 root    root     3970 Sep 20 09:39 k6_continuous_summary.json
[2025-09-25T14:03:54.868+0000] {docker.py:438} INFO - -rw-rw-r-- 1 root    root 10911089 Sep 25 09:28 k6_post_api.log
[2025-09-25T14:03:54.868+0000] {docker.py:438} INFO - -rw-r--r-- 1 root    root     3433 Sep 25 09:28 k6_summary.json
[2025-09-25T14:03:54.868+0000] {docker.py:438} INFO - -rw-r--r-- 1    1000 1000      945 Sep 21 16:40 load_test.json
[2025-09-25T14:03:54.869+0000] {docker.py:438} INFO - -rw-r--r-- 1    1000 1000      879 Sep 24 07:14 load_test_kube.yaml
[2025-09-25T14:03:54.869+0000] {docker.py:438} INFO - -rw-r--r-- 1    1000 1000      528 Sep 17 12:13 max_connection_experiment.json
[2025-09-25T14:03:54.869+0000] {docker.py:438} INFO - -rw-r--r-- 1    1000 1000     1227 Sep 13 15:20 memory-stress-rollback.json
[2025-09-25T14:03:54.869+0000] {docker.py:438} INFO - -rw-r--r-- 1    1000 1000     7586 Sep 18 05:54 mongodb_actions.py
[2025-09-25T14:03:54.869+0000] {docker.py:438} INFO - -rw-r--r-- 1    1000 1000     2136 Sep 18 11:23 mongodb_connection.json
[2025-09-25T14:03:54.869+0000] {docker.py:438} INFO - -rw-r--r-- 1    1000 1000      597 Sep 16 09:17 mongodb_network_latency_experiment.json
[2025-09-25T14:03:54.870+0000] {docker.py:438} INFO - -rw-r--r-- 1    1000 1000     3657 Sep 18 05:42 mongodb_probes.py
[2025-09-25T14:03:54.870+0000] {docker.py:438} INFO - -rw-r--r-- 1    1000 1000     6161 Sep 12 08:04 pod_restart.py
[2025-09-25T14:03:54.870+0000] {docker.py:438} INFO - -rw-r--r-- 1    1000 1000     1632 Sep 16 08:57 redis_config_faults.py
[2025-09-25T14:03:54.870+0000] {docker.py:438} INFO - -rw-r--r-- 1    1000 1000      902 Sep 18 08:24 redis_experiment.json
[2025-09-25T14:03:54.870+0000] {docker.py:438} INFO - -rw-r--r-- 1    1000 1000     1251 Sep 18 09:25 redis_experiment.yaml
[2025-09-25T14:03:54.870+0000] {docker.py:438} INFO - -rw-r--r-- 1    1000 1000      929 Sep 24 07:35 redis_experiment_kube.yaml
[2025-09-25T14:03:54.871+0000] {docker.py:438} INFO - -rw-r--r-- 1    1000 1000      945 Sep 18 06:53 redis_load.json
[2025-09-25T14:03:54.871+0000] {docker.py:438} INFO - -rw-r--r-- 1    1000 1000     1255 Sep 25 11:19 redis_memory_stress.yaml
[2025-09-25T14:03:54.871+0000] {docker.py:438} INFO - -rw-r--r-- 1    1000 1000     1284 Sep 25 10:53 run_load_test_with_cleanup.py
[2025-09-25T14:03:54.871+0000] {docker.py:438} INFO - drwxr-xr-x 2    1000 1000     4096 Sep 18 09:09 scripts
[2025-09-25T14:03:54.871+0000] {docker.py:438} INFO - -rw-r--r-- 1    1000 1000     2034 Sep 25 10:52 stress_test.json
[2025-09-25T14:03:54.872+0000] {docker.py:438} INFO - -rw-r--r-- 1    1000 1000      367 Sep 17 07:24 test_params.json
[2025-09-25T14:03:54.872+0000] {docker.py:438} INFO - Starting continuous container restart experiment...
[2025-09-25T14:03:55.990+0000] {docker.py:438} INFO - [32m[2025-09-25 14:03:55 INFO] Validating the experiment's syntax
[2025-09-25T14:03:56.935+0000] {docker.py:438} INFO - [32m[2025-09-25 14:03:56 INFO] Experiment looks valid
[2025-09-25T14:03:56.937+0000] {docker.py:438} INFO - [32m[2025-09-25 14:03:56 INFO] Running experiment: Continuous Container Restart Experiment
[2025-09-25T14:03:56.942+0000] {docker.py:438} INFO - [32m[2025-09-25 14:03:56 INFO] Steady-state strategy: default
[2025-09-25T14:03:56.943+0000] {docker.py:438} INFO - [32m[2025-09-25 14:03:56 INFO] Rollbacks strategy: default
[2025-09-25T14:03:56.943+0000] {docker.py:438} INFO - [32m[2025-09-25 14:03:56 INFO] No steady state hypothesis defined. That's ok, just exploring.
[2025-09-25T14:03:56.944+0000] {docker.py:438} INFO - [32m[2025-09-25 14:03:56 INFO] Playing your experiment's method now...
[2025-09-25T14:03:56.944+0000] {docker.py:438} INFO - [32m[2025-09-25 14:03:56 INFO] Action: continuous-container-restart
[2025-09-25T14:07:36.236+0000] {docker.py:438} INFO - 🚀 Starting continuous container restart experiment
[2025-09-25T14:07:36.237+0000] {docker.py:438} INFO - 📅 Interval: 5 seconds
[2025-09-25T14:07:36.237+0000] {docker.py:438} INFO - ⏱️  Duration: 400 seconds
[2025-09-25T14:07:36.237+0000] {docker.py:438} INFO - 🎯 Target: app=compose-post-service
[2025-09-25T14:07:36.238+0000] {docker.py:438} INFO - 📍 Namespace: default
[2025-09-25T14:07:36.238+0000] {docker.py:438} INFO - 📦 Container: compose-post-service
[2025-09-25T14:07:36.238+0000] {docker.py:438} INFO - 
[2025-09-25T14:07:36.238+0000] {docker.py:438} INFO - ============================================================
[2025-09-25T14:07:36.239+0000] {docker.py:438} INFO - 🔄 Container Restart #1 at 2025-09-25 14:03:56
[2025-09-25T14:07:36.239+0000] {docker.py:438} INFO - ============================================================
[2025-09-25T14:07:36.239+0000] {docker.py:438} INFO - 🔄 Container restart function started!
[2025-09-25T14:07:36.239+0000] {docker.py:438} INFO - 🔍 Selecting pods with label_selector: app=compose-post-service
[2025-09-25T14:07:36.239+0000] {docker.py:438} INFO - 📋 Found 1 pods initially
[2025-09-25T14:07:36.240+0000] {docker.py:438} INFO - 🎲 Random selection: 1 pods
[2025-09-25T14:07:36.240+0000] {docker.py:438} INFO - ✅ Selected pods: ['compose-post-service-6dff877d56-h99zt']
[2025-09-25T14:07:36.240+0000] {docker.py:438} INFO - 🎯 Restarting container in pod: compose-post-service-6dff877d56-h99zt
[2025-09-25T14:07:36.240+0000] {docker.py:438} INFO - 📊 Current restart count: 6
[2025-09-25T14:07:36.240+0000] {docker.py:438} INFO - 🔧 Trying restart strategy 1: sh -c kill -INT 1
[2025-09-25T14:07:36.241+0000] {docker.py:438} INFO - ✅ Signal sent successfully to container in pod compose-post-service-6dff877d56-h99zt
[2025-09-25T14:07:36.241+0000] {docker.py:438} INFO - ⏳ Waiting for container restart (up to 60 seconds)...
[2025-09-25T14:07:36.241+0000] {docker.py:438} INFO - ✅ Container restart verified! Count: 6 → 7
[2025-09-25T14:07:36.241+0000] {docker.py:438} INFO - 🏁 Restart operation completed for 1 containers
[2025-09-25T14:07:36.241+0000] {docker.py:438} INFO - ✅ Successfully restarted: 1 containers
[2025-09-25T14:07:36.241+0000] {docker.py:438} INFO - ✅ Successfully restarted 1 containers
[2025-09-25T14:07:36.242+0000] {docker.py:438} INFO -    📦 compose-post-service-6dff877d56-h99zt: restart_verified
[2025-09-25T14:07:36.242+0000] {docker.py:438} INFO - ⏳ Waiting 5 seconds until next restart...
[2025-09-25T14:07:36.242+0000] {docker.py:438} INFO - 📊 Time remaining: 393 seconds
[2025-09-25T14:07:36.242+0000] {docker.py:438} INFO - 📈 Total containers restarted so far: 1
[2025-09-25T14:07:36.242+0000] {docker.py:438} INFO - 
[2025-09-25T14:07:36.243+0000] {docker.py:438} INFO - ============================================================
[2025-09-25T14:07:36.243+0000] {docker.py:438} INFO - 🔄 Container Restart #2 at 2025-09-25 14:04:09
[2025-09-25T14:07:36.243+0000] {docker.py:438} INFO - ============================================================
[2025-09-25T14:07:36.243+0000] {docker.py:438} INFO - 🔄 Container restart function started!
[2025-09-25T14:07:36.243+0000] {docker.py:438} INFO - 🔍 Selecting pods with label_selector: app=compose-post-service
[2025-09-25T14:07:36.243+0000] {docker.py:438} INFO - 📋 Found 1 pods initially
[2025-09-25T14:07:36.244+0000] {docker.py:438} INFO - 🎲 Random selection: 1 pods
[2025-09-25T14:07:36.244+0000] {docker.py:438} INFO - ✅ Selected pods: ['compose-post-service-6dff877d56-h99zt']
[2025-09-25T14:07:36.244+0000] {docker.py:438} INFO - 🎯 Restarting container in pod: compose-post-service-6dff877d56-h99zt
[2025-09-25T14:07:36.244+0000] {docker.py:438} INFO - 📊 Current restart count: 7
[2025-09-25T14:07:36.244+0000] {docker.py:438} INFO - 🔧 Trying restart strategy 1: sh -c kill -INT 1
[2025-09-25T14:07:36.244+0000] {docker.py:438} INFO - ✅ Signal sent successfully to container in pod compose-post-service-6dff877d56-h99zt
[2025-09-25T14:07:36.245+0000] {docker.py:438} INFO - ⏳ Waiting for container restart (up to 60 seconds)...
[2025-09-25T14:07:36.245+0000] {docker.py:438} INFO - ✅ Container restart verified! Count: 7 → 8
[2025-09-25T14:07:36.245+0000] {docker.py:438} INFO - 🏁 Restart operation completed for 1 containers
[2025-09-25T14:07:36.245+0000] {docker.py:438} INFO - ✅ Successfully restarted: 1 containers
[2025-09-25T14:07:36.245+0000] {docker.py:438} INFO - ✅ Successfully restarted 1 containers
[2025-09-25T14:07:36.245+0000] {docker.py:438} INFO -    📦 compose-post-service-6dff877d56-h99zt: restart_verified
[2025-09-25T14:07:36.246+0000] {docker.py:438} INFO - ⏳ Waiting 5 seconds until next restart...
[2025-09-25T14:07:36.246+0000] {docker.py:438} INFO - 📊 Time remaining: 370 seconds
[2025-09-25T14:07:36.246+0000] {docker.py:438} INFO - 📈 Total containers restarted so far: 2
[2025-09-25T14:07:36.246+0000] {docker.py:438} INFO - 
[2025-09-25T14:07:36.246+0000] {docker.py:438} INFO - ============================================================
[2025-09-25T14:07:36.247+0000] {docker.py:438} INFO - 🔄 Container Restart #3 at 2025-09-25 14:04:32
[2025-09-25T14:07:36.247+0000] {docker.py:438} INFO - ============================================================
[2025-09-25T14:07:36.247+0000] {docker.py:438} INFO - 🔄 Container restart function started!
[2025-09-25T14:07:36.247+0000] {docker.py:438} INFO - 🔍 Selecting pods with label_selector: app=compose-post-service
[2025-09-25T14:07:36.247+0000] {docker.py:438} INFO - 📋 Found 1 pods initially
[2025-09-25T14:07:36.247+0000] {docker.py:438} INFO - 🎲 Random selection: 1 pods
[2025-09-25T14:07:36.248+0000] {docker.py:438} INFO - ✅ Selected pods: ['compose-post-service-6dff877d56-h99zt']
[2025-09-25T14:07:36.248+0000] {docker.py:438} INFO - 🎯 Restarting container in pod: compose-post-service-6dff877d56-h99zt
[2025-09-25T14:07:36.248+0000] {docker.py:438} INFO - 📊 Current restart count: 8
[2025-09-25T14:07:36.248+0000] {docker.py:438} INFO - 🔧 Trying restart strategy 1: sh -c kill -INT 1
[2025-09-25T14:07:36.248+0000] {docker.py:438} INFO - ✅ Signal sent successfully to container in pod compose-post-service-6dff877d56-h99zt
[2025-09-25T14:07:36.248+0000] {docker.py:438} INFO - ⏳ Waiting for container restart (up to 60 seconds)...
[2025-09-25T14:07:36.249+0000] {docker.py:438} INFO - ✅ Container restart verified! Count: 8 → 9
[2025-09-25T14:07:36.249+0000] {docker.py:438} INFO - 🏁 Restart operation completed for 1 containers
[2025-09-25T14:07:36.249+0000] {docker.py:438} INFO - ✅ Successfully restarted: 1 containers
[2025-09-25T14:07:36.249+0000] {docker.py:438} INFO - ✅ Successfully restarted 1 containers
[2025-09-25T14:07:36.249+0000] {docker.py:438} INFO -    📦 compose-post-service-6dff877d56-h99zt: restart_verified
[2025-09-25T14:07:36.249+0000] {docker.py:438} INFO - ⏳ Waiting 5 seconds until next restart...
[2025-09-25T14:07:36.250+0000] {docker.py:438} INFO - 📊 Time remaining: 333 seconds
[2025-09-25T14:07:36.250+0000] {docker.py:438} INFO - 📈 Total containers restarted so far: 3
[2025-09-25T14:07:36.250+0000] {docker.py:438} INFO - 
[2025-09-25T14:07:36.250+0000] {docker.py:438} INFO - ============================================================
[2025-09-25T14:07:36.250+0000] {docker.py:438} INFO - 🔄 Container Restart #4 at 2025-09-25 14:05:09
[2025-09-25T14:07:36.250+0000] {docker.py:438} INFO - ============================================================
[2025-09-25T14:07:36.251+0000] {docker.py:438} INFO - 🔄 Container restart function started!
[2025-09-25T14:07:36.251+0000] {docker.py:438} INFO - 🔍 Selecting pods with label_selector: app=compose-post-service
[2025-09-25T14:07:36.251+0000] {docker.py:438} INFO - 📋 Found 1 pods initially
[2025-09-25T14:07:36.251+0000] {docker.py:438} INFO - 🎲 Random selection: 1 pods
[2025-09-25T14:07:36.251+0000] {docker.py:438} INFO - ✅ Selected pods: ['compose-post-service-6dff877d56-h99zt']
[2025-09-25T14:07:36.252+0000] {docker.py:438} INFO - 🎯 Restarting container in pod: compose-post-service-6dff877d56-h99zt
[2025-09-25T14:07:36.252+0000] {docker.py:438} INFO - 📊 Current restart count: 9
[2025-09-25T14:07:36.252+0000] {docker.py:438} INFO - 🔧 Trying restart strategy 1: sh -c kill -INT 1
[2025-09-25T14:07:36.252+0000] {docker.py:438} INFO - ✅ Signal sent successfully to container in pod compose-post-service-6dff877d56-h99zt
[2025-09-25T14:07:36.252+0000] {docker.py:438} INFO - ⏳ Waiting for container restart (up to 60 seconds)...
[2025-09-25T14:07:36.252+0000] {docker.py:438} INFO - ✅ Container restart verified! Count: 9 → 10
[2025-09-25T14:07:36.253+0000] {docker.py:438} INFO - 🏁 Restart operation completed for 1 containers
[2025-09-25T14:07:36.253+0000] {docker.py:438} INFO - ✅ Successfully restarted: 1 containers
[2025-09-25T14:07:36.253+0000] {docker.py:438} INFO - ✅ Successfully restarted 1 containers
[2025-09-25T14:07:36.253+0000] {docker.py:438} INFO -    📦 compose-post-service-6dff877d56-h99zt: restart_verified
[2025-09-25T14:07:36.254+0000] {docker.py:438} INFO - ⏳ Waiting 5 seconds until next restart...
[2025-09-25T14:07:36.254+0000] {docker.py:438} INFO - 📊 Time remaining: 273 seconds
[2025-09-25T14:07:36.254+0000] {docker.py:438} INFO - 📈 Total containers restarted so far: 4
[2025-09-25T14:07:36.254+0000] {docker.py:438} INFO - 
[2025-09-25T14:07:36.254+0000] {docker.py:438} INFO - ============================================================
[2025-09-25T14:07:36.254+0000] {docker.py:438} INFO - 🔄 Container Restart #5 at 2025-09-25 14:06:09
[2025-09-25T14:07:36.254+0000] {docker.py:438} INFO - ============================================================
[2025-09-25T14:07:36.254+0000] {docker.py:438} INFO - 🔄 Container restart function started!
[2025-09-25T14:07:36.255+0000] {docker.py:438} INFO - 🔍 Selecting pods with label_selector: app=compose-post-service
[2025-09-25T14:07:36.255+0000] {docker.py:438} INFO - 📋 Found 1 pods initially
[2025-09-25T14:07:36.255+0000] {docker.py:438} INFO - 🎲 Random selection: 1 pods
[2025-09-25T14:07:36.255+0000] {docker.py:438} INFO - ✅ Selected pods: ['compose-post-service-6dff877d56-h99zt']
[2025-09-25T14:07:36.255+0000] {docker.py:438} INFO - 🎯 Restarting container in pod: compose-post-service-6dff877d56-h99zt
[2025-09-25T14:07:36.255+0000] {docker.py:438} INFO - 📊 Current restart count: 10
[2025-09-25T14:07:36.255+0000] {docker.py:438} INFO - 🔧 Trying restart strategy 1: sh -c kill -INT 1
[2025-09-25T14:07:36.256+0000] {docker.py:438} INFO - ✅ Signal sent successfully to container in pod compose-post-service-6dff877d56-h99zt
[2025-09-25T14:07:36.256+0000] {docker.py:438} INFO - ⏳ Waiting for container restart (up to 60 seconds)...
[2025-09-25T14:07:36.256+0000] {docker.py:438} INFO - ⚠️  Strategy 1 didn't cause restart, trying next...
[2025-09-25T14:07:36.256+0000] {docker.py:438} INFO - 🔧 Trying restart strategy 2: sh -c kill -2 1
[2025-09-25T14:07:36.256+0000] {docker.py:438} INFO - ❌ Strategy 2 failed: (0)
[2025-09-25T14:07:36.256+0000] {docker.py:438} INFO - Reason: Handshake status 500 Internal Server Error -+-+- {'date': 'Thu, 25 Sep 2025 14:07:16 GMT', 'connection': 'close', 'content-length': '0'} -+-+- b''
[2025-09-25T14:07:36.256+0000] {docker.py:438} INFO - 
[2025-09-25T14:07:36.256+0000] {docker.py:438} INFO - 🔧 Trying restart strategy 3: sh -c kill -TERM 1
[2025-09-25T14:07:36.257+0000] {docker.py:438} INFO - ❌ Strategy 3 failed: (0)
[2025-09-25T14:07:36.257+0000] {docker.py:438} INFO - Reason: Handshake status 500 Internal Server Error -+-+- {'date': 'Thu, 25 Sep 2025 14:07:17 GMT', 'connection': 'close', 'content-length': '0'} -+-+- b''
[2025-09-25T14:07:36.257+0000] {docker.py:438} INFO - 
[2025-09-25T14:07:36.257+0000] {docker.py:438} INFO - 🔧 Trying restart strategy 4: sh -c kill -9 1
[2025-09-25T14:07:36.257+0000] {docker.py:438} INFO - ❌ Strategy 4 failed: (0)
[2025-09-25T14:07:36.257+0000] {docker.py:438} INFO - Reason: Handshake status 500 Internal Server Error -+-+- {'date': 'Thu, 25 Sep 2025 14:07:18 GMT', 'connection': 'close', 'content-length': '0'} -+-+- b''
[2025-09-25T14:07:36.258+0000] {docker.py:438} INFO - 
[2025-09-25T14:07:36.258+0000] {docker.py:438} INFO - ❌ All restart strategies failed - container restart not verified
[2025-09-25T14:07:36.258+0000] {docker.py:438} INFO - 🏁 Restart operation completed for 1 containers
[2025-09-25T14:07:36.258+0000] {docker.py:438} INFO - ✅ Successfully restarted: 0 containers
[2025-09-25T14:07:36.258+0000] {docker.py:438} INFO - ✅ Successfully restarted 1 containers
[2025-09-25T14:07:36.258+0000] {docker.py:438} INFO -    📦 compose-post-service-6dff877d56-h99zt: restart_failed
[2025-09-25T14:07:36.258+0000] {docker.py:438} INFO - ⏳ Waiting 5 seconds until next restart...
[2025-09-25T14:07:36.258+0000] {docker.py:438} INFO - 📊 Time remaining: 198 seconds
[2025-09-25T14:07:36.258+0000] {docker.py:438} INFO - 📈 Total containers restarted so far: 5
[2025-09-25T14:07:36.259+0000] {docker.py:438} INFO - 
[2025-09-25T14:07:36.259+0000] {docker.py:438} INFO - ============================================================
[2025-09-25T14:07:36.259+0000] {docker.py:438} INFO - 🔄 Container Restart #6 at 2025-09-25 14:07:23
[2025-09-25T14:07:36.259+0000] {docker.py:438} INFO - ============================================================
[2025-09-25T14:07:36.259+0000] {docker.py:438} INFO - 🔄 Container restart function started!
[2025-09-25T14:07:36.259+0000] {docker.py:438} INFO - 🔍 Selecting pods with label_selector: app=compose-post-service
[2025-09-25T14:07:36.259+0000] {docker.py:438} INFO - 📋 Found 1 pods initially
[2025-09-25T14:07:36.259+0000] {docker.py:438} INFO - 🎲 Random selection: 1 pods
[2025-09-25T14:07:36.260+0000] {docker.py:438} INFO - ✅ Selected pods: ['compose-post-service-6dff877d56-h99zt']
[2025-09-25T14:07:36.260+0000] {docker.py:438} INFO - 🎯 Restarting container in pod: compose-post-service-6dff877d56-h99zt
[2025-09-25T14:07:36.260+0000] {docker.py:438} INFO - 📊 Current restart count: 10
[2025-09-25T14:07:36.260+0000] {docker.py:438} INFO - 🔧 Trying restart strategy 1: sh -c kill -INT 1
[2025-09-25T14:07:36.260+0000] {docker.py:438} INFO - ❌ Strategy 1 failed: (0)
[2025-09-25T14:07:36.260+0000] {docker.py:438} INFO - Reason: Handshake status 500 Internal Server Error -+-+- {'date': 'Thu, 25 Sep 2025 14:07:26 GMT', 'connection': 'close', 'content-length': '0'} -+-+- b''
[2025-09-25T14:07:36.260+0000] {docker.py:438} INFO - 
[2025-09-25T14:07:36.260+0000] {docker.py:438} INFO - 🔧 Trying restart strategy 2: sh -c kill -2 1
[2025-09-25T14:07:36.261+0000] {docker.py:438} INFO - ❌ Strategy 2 failed: (0)
[2025-09-25T14:07:36.261+0000] {docker.py:438} INFO - Reason: Handshake status 500 Internal Server Error -+-+- {'date': 'Thu, 25 Sep 2025 14:07:28 GMT', 'connection': 'close', 'content-length': '0'} -+-+- b''
[2025-09-25T14:07:36.261+0000] {docker.py:438} INFO - 
[2025-09-25T14:07:36.261+0000] {docker.py:438} INFO - 🔧 Trying restart strategy 3: sh -c kill -TERM 1
[2025-09-25T14:07:36.261+0000] {docker.py:438} INFO - ❌ Strategy 3 failed: (0)
[2025-09-25T14:07:36.261+0000] {docker.py:438} INFO - Reason: Handshake status 500 Internal Server Error -+-+- {'date': 'Thu, 25 Sep 2025 14:07:29 GMT', 'connection': 'close', 'content-length': '0'} -+-+- b''
[2025-09-25T14:07:36.261+0000] {docker.py:438} INFO - 
[2025-09-25T14:07:36.261+0000] {docker.py:438} INFO - 🔧 Trying restart strategy 4: sh -c kill -9 1
[2025-09-25T14:07:36.262+0000] {docker.py:438} INFO - ❌ Strategy 4 failed: (0)
[2025-09-25T14:07:36.262+0000] {docker.py:438} INFO - Reason: Handshake status 500 Internal Server Error -+-+- {'date': 'Thu, 25 Sep 2025 14:07:31 GMT', 'connection': 'close', 'content-length': '0'} -+-+- b''
[2025-09-25T14:07:36.262+0000] {docker.py:438} INFO - 
[2025-09-25T14:07:36.262+0000] {docker.py:438} INFO - ❌ All restart strategies failed - container restart not verified
[2025-09-25T14:07:36.262+0000] {docker.py:438} INFO - 🏁 Restart operation completed for 1 containers
[2025-09-25T14:07:36.262+0000] {docker.py:438} INFO - ✅ Successfully restarted: 0 containers
[2025-09-25T14:07:36.262+0000] {docker.py:438} INFO - ✅ Successfully restarted 1 containers
[2025-09-25T14:07:36.262+0000] {docker.py:438} INFO -    📦 compose-post-service-6dff877d56-h99zt: restart_failed
[2025-09-25T14:07:36.262+0000] {docker.py:438} INFO - ⏳ Waiting 5 seconds until next restart...
[2025-09-25T14:07:36.263+0000] {docker.py:438} INFO - 📊 Time remaining: 186 seconds
[2025-09-25T14:07:36.263+0000] {docker.py:438} INFO - 📈 Total containers restarted so far: 6
[2025-09-25T14:07:36.263+0000] {docker.py:438} INFO - 
[2025-09-25T14:07:36.263+0000] {docker.py:438} INFO - ============================================================
[2025-09-25T14:07:36.263+0000] {docker.py:438} INFO - 🔄 Container Restart #7 at 2025-09-25 14:07:36
[2025-09-25T14:07:36.263+0000] {docker.py:438} INFO - ============================================================
[2025-09-25T14:08:36.445+0000] {docker.py:438} INFO - 🔄 Container restart function started!
[2025-09-25T14:08:36.445+0000] {docker.py:438} INFO - 🔍 Selecting pods with label_selector: app=compose-post-service
[2025-09-25T14:08:36.445+0000] {docker.py:438} INFO - 📋 Found 1 pods initially
[2025-09-25T14:08:36.446+0000] {docker.py:438} INFO - 🎲 Random selection: 1 pods
[2025-09-25T14:08:36.446+0000] {docker.py:438} INFO - ✅ Selected pods: ['compose-post-service-6dff877d56-h99zt']
[2025-09-25T14:08:36.446+0000] {docker.py:438} INFO - 🎯 Restarting container in pod: compose-post-service-6dff877d56-h99zt
[2025-09-25T14:08:36.446+0000] {docker.py:438} INFO - 📊 Current restart count: 10
[2025-09-25T14:08:36.446+0000] {docker.py:438} INFO - 🔧 Trying restart strategy 1: sh -c kill -INT 1
[2025-09-25T14:08:36.447+0000] {docker.py:438} INFO - ✅ Signal sent successfully to container in pod compose-post-service-6dff877d56-h99zt
[2025-09-25T14:08:36.447+0000] {docker.py:438} INFO - ⏳ Waiting for container restart (up to 60 seconds)...
[2025-09-25T14:08:36.447+0000] {docker.py:438} INFO - ✅ Container restart verified! Count: 10 → 11
[2025-09-25T14:08:36.447+0000] {docker.py:438} INFO - 🏁 Restart operation completed for 1 containers
[2025-09-25T14:08:36.447+0000] {docker.py:438} INFO - ✅ Successfully restarted: 1 containers
[2025-09-25T14:08:36.448+0000] {docker.py:438} INFO - ✅ Successfully restarted 1 containers
[2025-09-25T14:08:36.448+0000] {docker.py:438} INFO -    📦 compose-post-service-6dff877d56-h99zt: restart_verified
[2025-09-25T14:08:36.448+0000] {docker.py:438} INFO - ⏳ Waiting 5 seconds until next restart...
[2025-09-25T14:08:36.448+0000] {docker.py:438} INFO - 📊 Time remaining: 176 seconds
[2025-09-25T14:08:36.448+0000] {docker.py:438} INFO - 📈 Total containers restarted so far: 7
[2025-09-25T14:08:36.448+0000] {docker.py:438} INFO - 
[2025-09-25T14:08:36.449+0000] {docker.py:438} INFO - ============================================================
[2025-09-25T14:08:36.449+0000] {docker.py:438} INFO - 🔄 Container Restart #8 at 2025-09-25 14:07:46
[2025-09-25T14:08:36.449+0000] {docker.py:438} INFO - ============================================================
[2025-09-25T14:08:36.449+0000] {docker.py:438} INFO - 🔄 Container restart function started!
[2025-09-25T14:08:36.449+0000] {docker.py:438} INFO - 🔍 Selecting pods with label_selector: app=compose-post-service
[2025-09-25T14:08:36.450+0000] {docker.py:438} INFO - 📋 Found 1 pods initially
[2025-09-25T14:08:36.450+0000] {docker.py:438} INFO - 🎲 Random selection: 1 pods
[2025-09-25T14:08:36.450+0000] {docker.py:438} INFO - ✅ Selected pods: ['compose-post-service-6dff877d56-h99zt']
[2025-09-25T14:08:36.450+0000] {docker.py:438} INFO - 🎯 Restarting container in pod: compose-post-service-6dff877d56-h99zt
[2025-09-25T14:08:36.450+0000] {docker.py:438} INFO - 📊 Current restart count: 11
[2025-09-25T14:08:36.450+0000] {docker.py:438} INFO - 🔧 Trying restart strategy 1: sh -c kill -INT 1
[2025-09-25T14:08:36.451+0000] {docker.py:438} INFO - ❌ Strategy 1 failed: (0)
[2025-09-25T14:08:36.451+0000] {docker.py:438} INFO - Reason: Handshake status 500 Internal Server Error -+-+- {'date': 'Thu, 25 Sep 2025 14:07:49 GMT', 'connection': 'close', 'content-length': '0'} -+-+- b''
[2025-09-25T14:08:36.451+0000] {docker.py:438} INFO - 
[2025-09-25T14:08:36.451+0000] {docker.py:438} INFO - 🔧 Trying restart strategy 2: sh -c kill -2 1
[2025-09-25T14:08:36.451+0000] {docker.py:438} INFO - ❌ Strategy 2 failed: (0)
[2025-09-25T14:08:36.452+0000] {docker.py:438} INFO - Reason: Handshake status 500 Internal Server Error -+-+- {'date': 'Thu, 25 Sep 2025 14:07:50 GMT', 'connection': 'close', 'content-length': '0'} -+-+- b''
[2025-09-25T14:08:36.452+0000] {docker.py:438} INFO - 
[2025-09-25T14:08:36.452+0000] {docker.py:438} INFO - 🔧 Trying restart strategy 3: sh -c kill -TERM 1
[2025-09-25T14:08:36.452+0000] {docker.py:438} INFO - ❌ Strategy 3 failed: (0)
[2025-09-25T14:08:36.452+0000] {docker.py:438} INFO - Reason: Handshake status 500 Internal Server Error -+-+- {'date': 'Thu, 25 Sep 2025 14:07:52 GMT', 'connection': 'close', 'content-length': '0'} -+-+- b''
[2025-09-25T14:08:36.453+0000] {docker.py:438} INFO - 
[2025-09-25T14:08:36.453+0000] {docker.py:438} INFO - 🔧 Trying restart strategy 4: sh -c kill -9 1
[2025-09-25T14:08:36.453+0000] {docker.py:438} INFO - ❌ Strategy 4 failed: (0)
[2025-09-25T14:08:36.453+0000] {docker.py:438} INFO - Reason: Handshake status 500 Internal Server Error -+-+- {'date': 'Thu, 25 Sep 2025 14:07:53 GMT', 'connection': 'close', 'content-length': '0'} -+-+- b''
[2025-09-25T14:08:36.453+0000] {docker.py:438} INFO - 
[2025-09-25T14:08:36.453+0000] {docker.py:438} INFO - ❌ All restart strategies failed - container restart not verified
[2025-09-25T14:08:36.454+0000] {docker.py:438} INFO - 🏁 Restart operation completed for 1 containers
[2025-09-25T14:08:36.454+0000] {docker.py:438} INFO - ✅ Successfully restarted: 0 containers
[2025-09-25T14:08:36.454+0000] {docker.py:438} INFO - ✅ Successfully restarted 1 containers
[2025-09-25T14:08:36.454+0000] {docker.py:438} INFO -    📦 compose-post-service-6dff877d56-h99zt: restart_failed
[2025-09-25T14:08:36.454+0000] {docker.py:438} INFO - ⏳ Waiting 5 seconds until next restart...
[2025-09-25T14:08:36.454+0000] {docker.py:438} INFO - 📊 Time remaining: 163 seconds
[2025-09-25T14:08:36.455+0000] {docker.py:438} INFO - 📈 Total containers restarted so far: 8
[2025-09-25T14:08:36.455+0000] {docker.py:438} INFO - 
[2025-09-25T14:08:36.455+0000] {docker.py:438} INFO - ============================================================
[2025-09-25T14:08:36.455+0000] {docker.py:438} INFO - 🔄 Container Restart #9 at 2025-09-25 14:07:59
[2025-09-25T14:08:36.455+0000] {docker.py:438} INFO - ============================================================
[2025-09-25T14:08:36.456+0000] {docker.py:438} INFO - 🔄 Container restart function started!
[2025-09-25T14:08:36.456+0000] {docker.py:438} INFO - 🔍 Selecting pods with label_selector: app=compose-post-service
[2025-09-25T14:08:36.456+0000] {docker.py:438} INFO - 📋 Found 1 pods initially
[2025-09-25T14:08:36.456+0000] {docker.py:438} INFO - 🎲 Random selection: 1 pods
[2025-09-25T14:08:36.456+0000] {docker.py:438} INFO - ✅ Selected pods: ['compose-post-service-6dff877d56-h99zt']
[2025-09-25T14:08:36.456+0000] {docker.py:438} INFO - 🎯 Restarting container in pod: compose-post-service-6dff877d56-h99zt
[2025-09-25T14:08:36.457+0000] {docker.py:438} INFO - 📊 Current restart count: 11
[2025-09-25T14:08:36.457+0000] {docker.py:438} INFO - 🔧 Trying restart strategy 1: sh -c kill -INT 1
[2025-09-25T14:08:36.457+0000] {docker.py:438} INFO - ❌ Strategy 1 failed: (0)
[2025-09-25T14:08:36.457+0000] {docker.py:438} INFO - Reason: Handshake status 500 Internal Server Error -+-+- {'date': 'Thu, 25 Sep 2025 14:08:02 GMT', 'connection': 'close', 'content-length': '0'} -+-+- b''
[2025-09-25T14:08:36.457+0000] {docker.py:438} INFO - 
[2025-09-25T14:08:36.458+0000] {docker.py:438} INFO - 🔧 Trying restart strategy 2: sh -c kill -2 1
[2025-09-25T14:08:36.458+0000] {docker.py:438} INFO - ❌ Strategy 2 failed: (0)
[2025-09-25T14:08:36.458+0000] {docker.py:438} INFO - Reason: Handshake status 500 Internal Server Error -+-+- {'date': 'Thu, 25 Sep 2025 14:08:03 GMT', 'connection': 'close', 'content-length': '0'} -+-+- b''
[2025-09-25T14:08:36.458+0000] {docker.py:438} INFO - 
[2025-09-25T14:08:36.458+0000] {docker.py:438} INFO - 🔧 Trying restart strategy 3: sh -c kill -TERM 1
[2025-09-25T14:08:36.458+0000] {docker.py:438} INFO - ❌ Strategy 3 failed: (0)
[2025-09-25T14:08:36.459+0000] {docker.py:438} INFO - Reason: Handshake status 500 Internal Server Error -+-+- {'date': 'Thu, 25 Sep 2025 14:08:05 GMT', 'connection': 'close', 'content-length': '0'} -+-+- b''
[2025-09-25T14:08:36.459+0000] {docker.py:438} INFO - 
[2025-09-25T14:08:36.459+0000] {docker.py:438} INFO - 🔧 Trying restart strategy 4: sh -c kill -9 1
[2025-09-25T14:08:36.459+0000] {docker.py:438} INFO - ❌ Strategy 4 failed: (0)
[2025-09-25T14:08:36.459+0000] {docker.py:438} INFO - Reason: Handshake status 500 Internal Server Error -+-+- {'date': 'Thu, 25 Sep 2025 14:08:06 GMT', 'connection': 'close', 'content-length': '0'} -+-+- b''
[2025-09-25T14:08:36.459+0000] {docker.py:438} INFO - 
[2025-09-25T14:08:36.460+0000] {docker.py:438} INFO - ❌ All restart strategies failed - container restart not verified
[2025-09-25T14:08:36.460+0000] {docker.py:438} INFO - 🏁 Restart operation completed for 1 containers
[2025-09-25T14:08:36.460+0000] {docker.py:438} INFO - ✅ Successfully restarted: 0 containers
[2025-09-25T14:08:36.460+0000] {docker.py:438} INFO - ✅ Successfully restarted 1 containers
[2025-09-25T14:08:36.460+0000] {docker.py:438} INFO -    📦 compose-post-service-6dff877d56-h99zt: restart_failed
[2025-09-25T14:08:36.460+0000] {docker.py:438} INFO - ⏳ Waiting 5 seconds until next restart...
[2025-09-25T14:08:36.461+0000] {docker.py:438} INFO - 📊 Time remaining: 150 seconds
[2025-09-25T14:08:36.461+0000] {docker.py:438} INFO - 📈 Total containers restarted so far: 9
[2025-09-25T14:08:36.461+0000] {docker.py:438} INFO - 
[2025-09-25T14:08:36.461+0000] {docker.py:438} INFO - ============================================================
[2025-09-25T14:08:36.461+0000] {docker.py:438} INFO - 🔄 Container Restart #10 at 2025-09-25 14:08:11
[2025-09-25T14:08:36.462+0000] {docker.py:438} INFO - ============================================================
[2025-09-25T14:08:36.462+0000] {docker.py:438} INFO - 🔄 Container restart function started!
[2025-09-25T14:08:36.462+0000] {docker.py:438} INFO - 🔍 Selecting pods with label_selector: app=compose-post-service
[2025-09-25T14:08:36.462+0000] {docker.py:438} INFO - 📋 Found 1 pods initially
[2025-09-25T14:08:36.462+0000] {docker.py:438} INFO - 🎲 Random selection: 1 pods
[2025-09-25T14:08:36.463+0000] {docker.py:438} INFO - ✅ Selected pods: ['compose-post-service-6dff877d56-h99zt']
[2025-09-25T14:08:36.463+0000] {docker.py:438} INFO - 🎯 Restarting container in pod: compose-post-service-6dff877d56-h99zt
[2025-09-25T14:08:36.463+0000] {docker.py:438} INFO - 📊 Current restart count: 11
[2025-09-25T14:08:36.463+0000] {docker.py:438} INFO - 🔧 Trying restart strategy 1: sh -c kill -INT 1
[2025-09-25T14:08:36.463+0000] {docker.py:438} INFO - ❌ Strategy 1 failed: (0)
[2025-09-25T14:08:36.464+0000] {docker.py:438} INFO - Reason: Handshake status 500 Internal Server Error -+-+- {'date': 'Thu, 25 Sep 2025 14:08:14 GMT', 'connection': 'close', 'content-length': '0'} -+-+- b''
[2025-09-25T14:08:36.464+0000] {docker.py:438} INFO - 
[2025-09-25T14:08:36.464+0000] {docker.py:438} INFO - 🔧 Trying restart strategy 2: sh -c kill -2 1
[2025-09-25T14:08:36.464+0000] {docker.py:438} INFO - ❌ Strategy 2 failed: (0)
[2025-09-25T14:08:36.464+0000] {docker.py:438} INFO - Reason: Handshake status 500 Internal Server Error -+-+- {'date': 'Thu, 25 Sep 2025 14:08:16 GMT', 'connection': 'close', 'content-length': '0'} -+-+- b''
[2025-09-25T14:08:36.464+0000] {docker.py:438} INFO - 
[2025-09-25T14:08:36.465+0000] {docker.py:438} INFO - 🔧 Trying restart strategy 3: sh -c kill -TERM 1
[2025-09-25T14:08:36.465+0000] {docker.py:438} INFO - ❌ Strategy 3 failed: (0)
[2025-09-25T14:08:36.465+0000] {docker.py:438} INFO - Reason: Handshake status 500 Internal Server Error -+-+- {'date': 'Thu, 25 Sep 2025 14:08:17 GMT', 'connection': 'close', 'content-length': '0'} -+-+- b''
[2025-09-25T14:08:36.465+0000] {docker.py:438} INFO - 
[2025-09-25T14:08:36.466+0000] {docker.py:438} INFO - 🔧 Trying restart strategy 4: sh -c kill -9 1
[2025-09-25T14:08:36.466+0000] {docker.py:438} INFO - ❌ Strategy 4 failed: (0)
[2025-09-25T14:08:36.466+0000] {docker.py:438} INFO - Reason: Handshake status 500 Internal Server Error -+-+- {'date': 'Thu, 25 Sep 2025 14:08:19 GMT', 'connection': 'close', 'content-length': '0'} -+-+- b''
[2025-09-25T14:08:36.466+0000] {docker.py:438} INFO - 
[2025-09-25T14:08:36.466+0000] {docker.py:438} INFO - ❌ All restart strategies failed - container restart not verified
[2025-09-25T14:08:36.467+0000] {docker.py:438} INFO - 🏁 Restart operation completed for 1 containers
[2025-09-25T14:08:36.467+0000] {docker.py:438} INFO - ✅ Successfully restarted: 0 containers
[2025-09-25T14:08:36.467+0000] {docker.py:438} INFO - ✅ Successfully restarted 1 containers
[2025-09-25T14:08:36.467+0000] {docker.py:438} INFO -    📦 compose-post-service-6dff877d56-h99zt: restart_failed
[2025-09-25T14:08:36.467+0000] {docker.py:438} INFO - ⏳ Waiting 5 seconds until next restart...
[2025-09-25T14:08:36.468+0000] {docker.py:438} INFO - 📊 Time remaining: 138 seconds
[2025-09-25T14:08:36.468+0000] {docker.py:438} INFO - 📈 Total containers restarted so far: 10
[2025-09-25T14:08:36.468+0000] {docker.py:438} INFO - 
[2025-09-25T14:08:36.468+0000] {docker.py:438} INFO - ============================================================
[2025-09-25T14:08:36.469+0000] {docker.py:438} INFO - 🔄 Container Restart #11 at 2025-09-25 14:08:24
[2025-09-25T14:08:36.469+0000] {docker.py:438} INFO - ============================================================
[2025-09-25T14:08:36.469+0000] {docker.py:438} INFO - 🔄 Container restart function started!
[2025-09-25T14:08:36.469+0000] {docker.py:438} INFO - 🔍 Selecting pods with label_selector: app=compose-post-service
[2025-09-25T14:08:36.469+0000] {docker.py:438} INFO - 📋 Found 1 pods initially
[2025-09-25T14:08:36.469+0000] {docker.py:438} INFO - 🎲 Random selection: 1 pods
[2025-09-25T14:08:36.469+0000] {docker.py:438} INFO - ✅ Selected pods: ['compose-post-service-6dff877d56-h99zt']
[2025-09-25T14:08:36.470+0000] {docker.py:438} INFO - 🎯 Restarting container in pod: compose-post-service-6dff877d56-h99zt
[2025-09-25T14:08:36.470+0000] {docker.py:438} INFO - 📊 Current restart count: 11
[2025-09-25T14:08:36.470+0000] {docker.py:438} INFO - 🔧 Trying restart strategy 1: sh -c kill -INT 1
[2025-09-25T14:08:36.470+0000] {docker.py:438} INFO - ❌ Strategy 1 failed: (0)
[2025-09-25T14:08:36.470+0000] {docker.py:438} INFO - Reason: Handshake status 500 Internal Server Error -+-+- {'date': 'Thu, 25 Sep 2025 14:08:27 GMT', 'connection': 'close', 'content-length': '0'} -+-+- b''
[2025-09-25T14:08:36.470+0000] {docker.py:438} INFO - 
[2025-09-25T14:08:36.470+0000] {docker.py:438} INFO - 🔧 Trying restart strategy 2: sh -c kill -2 1
[2025-09-25T14:08:36.471+0000] {docker.py:438} INFO - ❌ Strategy 2 failed: (0)
[2025-09-25T14:08:36.471+0000] {docker.py:438} INFO - Reason: Handshake status 500 Internal Server Error -+-+- {'date': 'Thu, 25 Sep 2025 14:08:28 GMT', 'connection': 'close', 'content-length': '0'} -+-+- b''
[2025-09-25T14:08:36.471+0000] {docker.py:438} INFO - 
[2025-09-25T14:08:36.471+0000] {docker.py:438} INFO - 🔧 Trying restart strategy 3: sh -c kill -TERM 1
[2025-09-25T14:08:36.471+0000] {docker.py:438} INFO - ❌ Strategy 3 failed: (0)
[2025-09-25T14:08:36.471+0000] {docker.py:438} INFO - Reason: Handshake status 500 Internal Server Error -+-+- {'date': 'Thu, 25 Sep 2025 14:08:30 GMT', 'connection': 'close', 'content-length': '0'} -+-+- b''
[2025-09-25T14:08:36.471+0000] {docker.py:438} INFO - 
[2025-09-25T14:08:36.472+0000] {docker.py:438} INFO - 🔧 Trying restart strategy 4: sh -c kill -9 1
[2025-09-25T14:08:36.472+0000] {docker.py:438} INFO - ❌ Strategy 4 failed: (0)
[2025-09-25T14:08:36.472+0000] {docker.py:438} INFO - Reason: Handshake status 500 Internal Server Error -+-+- {'date': 'Thu, 25 Sep 2025 14:08:31 GMT', 'connection': 'close', 'content-length': '0'} -+-+- b''
[2025-09-25T14:08:36.472+0000] {docker.py:438} INFO - 
[2025-09-25T14:08:36.472+0000] {docker.py:438} INFO - ❌ All restart strategies failed - container restart not verified
[2025-09-25T14:08:36.472+0000] {docker.py:438} INFO - 🏁 Restart operation completed for 1 containers
[2025-09-25T14:08:36.472+0000] {docker.py:438} INFO - ✅ Successfully restarted: 0 containers
[2025-09-25T14:08:36.472+0000] {docker.py:438} INFO - ✅ Successfully restarted 1 containers
[2025-09-25T14:08:36.473+0000] {docker.py:438} INFO -    📦 compose-post-service-6dff877d56-h99zt: restart_failed
[2025-09-25T14:08:36.473+0000] {docker.py:438} INFO - ⏳ Waiting 5 seconds until next restart...
[2025-09-25T14:08:36.473+0000] {docker.py:438} INFO - 📊 Time remaining: 125 seconds
[2025-09-25T14:08:36.473+0000] {docker.py:438} INFO - 📈 Total containers restarted so far: 11
[2025-09-25T14:08:36.473+0000] {docker.py:438} INFO - 
[2025-09-25T14:08:36.473+0000] {docker.py:438} INFO - ============================================================
[2025-09-25T14:08:36.474+0000] {docker.py:438} INFO - 🔄 Container Restart #12 at 2025-09-25 14:08:36
[2025-09-25T14:09:35.406+0000] {docker.py:438} INFO - ============================================================
[2025-09-25T14:09:35.432+0000] {docker.py:438} INFO - 🔄 Container restart function started!
[2025-09-25T14:09:35.433+0000] {docker.py:438} INFO - 🔍 Selecting pods with label_selector: app=compose-post-service
[2025-09-25T14:09:35.433+0000] {docker.py:438} INFO - 📋 Found 1 pods initially
[2025-09-25T14:09:35.433+0000] {docker.py:438} INFO - 🎲 Random selection: 1 pods
[2025-09-25T14:09:35.434+0000] {docker.py:438} INFO - ✅ Selected pods: ['compose-post-service-6dff877d56-h99zt']
[2025-09-25T14:09:35.434+0000] {docker.py:438} INFO - 🎯 Restarting container in pod: compose-post-service-6dff877d56-h99zt
[2025-09-25T14:09:35.434+0000] {docker.py:438} INFO - 📊 Current restart count: 11
[2025-09-25T14:09:35.435+0000] {docker.py:438} INFO - 🔧 Trying restart strategy 1: sh -c kill -INT 1
[2025-09-25T14:09:35.435+0000] {docker.py:438} INFO - ❌ Strategy 1 failed: (0)
[2025-09-25T14:09:35.435+0000] {docker.py:438} INFO - Reason: Handshake status 500 Internal Server Error -+-+- {'date': 'Thu, 25 Sep 2025 14:08:39 GMT', 'connection': 'close', 'content-length': '0'} -+-+- b''
[2025-09-25T14:09:35.436+0000] {docker.py:438} INFO - 
[2025-09-25T14:09:35.436+0000] {docker.py:438} INFO - 🔧 Trying restart strategy 2: sh -c kill -2 1
[2025-09-25T14:09:35.436+0000] {docker.py:438} INFO - ❌ Strategy 2 failed: (0)
[2025-09-25T14:09:35.437+0000] {docker.py:438} INFO - Reason: Handshake status 500 Internal Server Error -+-+- {'date': 'Thu, 25 Sep 2025 14:08:41 GMT', 'connection': 'close', 'content-length': '0'} -+-+- b''
[2025-09-25T14:09:35.437+0000] {docker.py:438} INFO - 
[2025-09-25T14:09:35.437+0000] {docker.py:438} INFO - 🔧 Trying restart strategy 3: sh -c kill -TERM 1
[2025-09-25T14:09:35.437+0000] {docker.py:438} INFO - ❌ Strategy 3 failed: (0)
[2025-09-25T14:09:35.438+0000] {docker.py:438} INFO - Reason: Handshake status 500 Internal Server Error -+-+- {'date': 'Thu, 25 Sep 2025 14:08:42 GMT', 'connection': 'close', 'content-length': '0'} -+-+- b''
[2025-09-25T14:09:35.438+0000] {docker.py:438} INFO - 
[2025-09-25T14:09:35.438+0000] {docker.py:438} INFO - 🔧 Trying restart strategy 4: sh -c kill -9 1
[2025-09-25T14:09:35.438+0000] {docker.py:438} INFO - ❌ Strategy 4 failed: (0)
[2025-09-25T14:09:35.439+0000] {docker.py:438} INFO - Reason: Handshake status 500 Internal Server Error -+-+- {'date': 'Thu, 25 Sep 2025 14:08:44 GMT', 'connection': 'close', 'content-length': '0'} -+-+- b''
[2025-09-25T14:09:35.439+0000] {docker.py:438} INFO - 
[2025-09-25T14:09:35.439+0000] {docker.py:438} INFO - ❌ All restart strategies failed - container restart not verified
[2025-09-25T14:09:35.440+0000] {docker.py:438} INFO - 🏁 Restart operation completed for 1 containers
[2025-09-25T14:09:35.440+0000] {docker.py:438} INFO - ✅ Successfully restarted: 0 containers
[2025-09-25T14:09:35.440+0000] {docker.py:438} INFO - ✅ Successfully restarted 1 containers
[2025-09-25T14:09:35.440+0000] {docker.py:438} INFO -    📦 compose-post-service-6dff877d56-h99zt: restart_failed
[2025-09-25T14:09:35.441+0000] {docker.py:438} INFO - ⏳ Waiting 5 seconds until next restart...
[2025-09-25T14:09:35.441+0000] {docker.py:438} INFO - 📊 Time remaining: 113 seconds
[2025-09-25T14:09:35.441+0000] {docker.py:438} INFO - 📈 Total containers restarted so far: 12
[2025-09-25T14:09:35.441+0000] {docker.py:438} INFO - 
[2025-09-25T14:09:35.442+0000] {docker.py:438} INFO - ============================================================
[2025-09-25T14:09:35.442+0000] {docker.py:438} INFO - 🔄 Container Restart #13 at 2025-09-25 14:08:49
[2025-09-25T14:09:35.442+0000] {docker.py:438} INFO - ============================================================
[2025-09-25T14:09:35.442+0000] {docker.py:438} INFO - 🔄 Container restart function started!
[2025-09-25T14:09:35.443+0000] {docker.py:438} INFO - 🔍 Selecting pods with label_selector: app=compose-post-service
[2025-09-25T14:09:35.443+0000] {docker.py:438} INFO - 📋 Found 1 pods initially
[2025-09-25T14:09:35.443+0000] {docker.py:438} INFO - 🎲 Random selection: 1 pods
[2025-09-25T14:09:35.443+0000] {docker.py:438} INFO - ✅ Selected pods: ['compose-post-service-6dff877d56-h99zt']
[2025-09-25T14:09:35.444+0000] {docker.py:438} INFO - 🎯 Restarting container in pod: compose-post-service-6dff877d56-h99zt
[2025-09-25T14:09:35.444+0000] {docker.py:438} INFO - 📊 Current restart count: 11
[2025-09-25T14:09:35.444+0000] {docker.py:438} INFO - 🔧 Trying restart strategy 1: sh -c kill -INT 1
[2025-09-25T14:09:35.444+0000] {docker.py:438} INFO - ❌ Strategy 1 failed: (0)
[2025-09-25T14:09:35.445+0000] {docker.py:438} INFO - Reason: Handshake status 500 Internal Server Error -+-+- {'date': 'Thu, 25 Sep 2025 14:08:52 GMT', 'connection': 'close', 'content-length': '0'} -+-+- b''
[2025-09-25T14:09:35.445+0000] {docker.py:438} INFO - 
[2025-09-25T14:09:35.445+0000] {docker.py:438} INFO - 🔧 Trying restart strategy 2: sh -c kill -2 1
[2025-09-25T14:09:35.446+0000] {docker.py:438} INFO - ❌ Strategy 2 failed: (0)
[2025-09-25T14:09:35.455+0000] {docker.py:438} INFO - Reason: Handshake status 500 Internal Server Error -+-+- {'date': 'Thu, 25 Sep 2025 14:08:53 GMT', 'connection': 'close', 'content-length': '0'} -+-+- b''
[2025-09-25T14:09:35.456+0000] {docker.py:438} INFO - 
[2025-09-25T14:09:35.456+0000] {docker.py:438} INFO - 🔧 Trying restart strategy 3: sh -c kill -TERM 1
[2025-09-25T14:09:35.456+0000] {docker.py:438} INFO - ❌ Strategy 3 failed: (0)
[2025-09-25T14:09:35.457+0000] {docker.py:438} INFO - Reason: Handshake status 500 Internal Server Error -+-+- {'date': 'Thu, 25 Sep 2025 14:08:55 GMT', 'connection': 'close', 'content-length': '0'} -+-+- b''
[2025-09-25T14:09:35.457+0000] {docker.py:438} INFO - 
[2025-09-25T14:09:35.457+0000] {docker.py:438} INFO - 🔧 Trying restart strategy 4: sh -c kill -9 1
[2025-09-25T14:09:35.458+0000] {docker.py:438} INFO - ❌ Strategy 4 failed: (0)
[2025-09-25T14:09:35.458+0000] {docker.py:438} INFO - Reason: Handshake status 500 Internal Server Error -+-+- {'date': 'Thu, 25 Sep 2025 14:08:56 GMT', 'connection': 'close', 'content-length': '0'} -+-+- b''
[2025-09-25T14:09:35.458+0000] {docker.py:438} INFO - 
[2025-09-25T14:09:35.458+0000] {docker.py:438} INFO - ❌ All restart strategies failed - container restart not verified
[2025-09-25T14:09:35.459+0000] {docker.py:438} INFO - 🏁 Restart operation completed for 1 containers
[2025-09-25T14:09:35.459+0000] {docker.py:438} INFO - ✅ Successfully restarted: 0 containers
[2025-09-25T14:09:35.459+0000] {docker.py:438} INFO - ✅ Successfully restarted 1 containers
[2025-09-25T14:09:35.459+0000] {docker.py:438} INFO -    📦 compose-post-service-6dff877d56-h99zt: restart_failed
[2025-09-25T14:09:35.460+0000] {docker.py:438} INFO - ⏳ Waiting 5 seconds until next restart...
[2025-09-25T14:09:35.460+0000] {docker.py:438} INFO - 📊 Time remaining: 100 seconds
[2025-09-25T14:09:35.460+0000] {docker.py:438} INFO - 📈 Total containers restarted so far: 13
[2025-09-25T14:09:35.460+0000] {docker.py:438} INFO - 
[2025-09-25T14:09:35.461+0000] {docker.py:438} INFO - ============================================================
[2025-09-25T14:09:35.461+0000] {docker.py:438} INFO - 🔄 Container Restart #14 at 2025-09-25 14:09:01
[2025-09-25T14:09:35.461+0000] {docker.py:438} INFO - ============================================================
[2025-09-25T14:09:35.462+0000] {docker.py:438} INFO - 🔄 Container restart function started!
[2025-09-25T14:09:35.462+0000] {docker.py:438} INFO - 🔍 Selecting pods with label_selector: app=compose-post-service
[2025-09-25T14:09:35.471+0000] {docker.py:438} INFO - 📋 Found 1 pods initially
[2025-09-25T14:09:35.472+0000] {docker.py:438} INFO - 🎲 Random selection: 1 pods
[2025-09-25T14:09:35.472+0000] {docker.py:438} INFO - ✅ Selected pods: ['compose-post-service-6dff877d56-h99zt']
[2025-09-25T14:09:35.472+0000] {docker.py:438} INFO - 🎯 Restarting container in pod: compose-post-service-6dff877d56-h99zt
[2025-09-25T14:09:35.473+0000] {docker.py:438} INFO - 📊 Current restart count: 11
[2025-09-25T14:09:35.473+0000] {docker.py:438} INFO - 🔧 Trying restart strategy 1: sh -c kill -INT 1
[2025-09-25T14:09:35.473+0000] {docker.py:438} INFO - ❌ Strategy 1 failed: (0)
[2025-09-25T14:09:35.474+0000] {docker.py:438} INFO - Reason: Handshake status 500 Internal Server Error -+-+- {'date': 'Thu, 25 Sep 2025 14:09:04 GMT', 'connection': 'close', 'content-length': '0'} -+-+- b''
[2025-09-25T14:09:35.474+0000] {docker.py:438} INFO - 
[2025-09-25T14:09:35.474+0000] {docker.py:438} INFO - 🔧 Trying restart strategy 2: sh -c kill -2 1
[2025-09-25T14:09:35.475+0000] {docker.py:438} INFO - ❌ Strategy 2 failed: (0)
[2025-09-25T14:09:35.475+0000] {docker.py:438} INFO - Reason: Handshake status 500 Internal Server Error -+-+- {'date': 'Thu, 25 Sep 2025 14:09:06 GMT', 'connection': 'close', 'content-length': '0'} -+-+- b''
[2025-09-25T14:09:35.475+0000] {docker.py:438} INFO - 
[2025-09-25T14:09:35.475+0000] {docker.py:438} INFO - 🔧 Trying restart strategy 3: sh -c kill -TERM 1
[2025-09-25T14:09:35.476+0000] {docker.py:438} INFO - ❌ Strategy 3 failed: (0)
[2025-09-25T14:09:35.476+0000] {docker.py:438} INFO - Reason: Handshake status 500 Internal Server Error -+-+- {'date': 'Thu, 25 Sep 2025 14:09:07 GMT', 'connection': 'close', 'content-length': '0'} -+-+- b''
[2025-09-25T14:09:35.476+0000] {docker.py:438} INFO - 
[2025-09-25T14:09:35.476+0000] {docker.py:438} INFO - 🔧 Trying restart strategy 4: sh -c kill -9 1
[2025-09-25T14:09:35.488+0000] {docker.py:438} INFO - ❌ Strategy 4 failed: (0)
[2025-09-25T14:09:35.488+0000] {docker.py:438} INFO - Reason: Handshake status 500 Internal Server Error -+-+- {'date': 'Thu, 25 Sep 2025 14:09:08 GMT', 'connection': 'close', 'content-length': '0'} -+-+- b''
[2025-09-25T14:09:35.489+0000] {docker.py:438} INFO - 
[2025-09-25T14:09:35.489+0000] {docker.py:438} INFO - ❌ All restart strategies failed - container restart not verified
[2025-09-25T14:09:35.489+0000] {docker.py:438} INFO - 🏁 Restart operation completed for 1 containers
[2025-09-25T14:09:35.489+0000] {docker.py:438} INFO - ✅ Successfully restarted: 0 containers
[2025-09-25T14:09:35.490+0000] {docker.py:438} INFO - ✅ Successfully restarted 1 containers
[2025-09-25T14:09:35.490+0000] {docker.py:438} INFO -    📦 compose-post-service-6dff877d56-h99zt: restart_failed
[2025-09-25T14:09:35.490+0000] {docker.py:438} INFO - ⏳ Waiting 5 seconds until next restart...
[2025-09-25T14:09:35.491+0000] {docker.py:438} INFO - 📊 Time remaining: 88 seconds
[2025-09-25T14:09:35.491+0000] {docker.py:438} INFO - 📈 Total containers restarted so far: 14
[2025-09-25T14:09:35.491+0000] {docker.py:438} INFO - 
[2025-09-25T14:09:35.491+0000] {docker.py:438} INFO - ============================================================
[2025-09-25T14:09:35.492+0000] {docker.py:438} INFO - 🔄 Container Restart #15 at 2025-09-25 14:09:13
[2025-09-25T14:09:35.492+0000] {docker.py:438} INFO - ============================================================
[2025-09-25T14:09:35.492+0000] {docker.py:438} INFO - 🔄 Container restart function started!
[2025-09-25T14:09:35.504+0000] {docker.py:438} INFO - 🔍 Selecting pods with label_selector: app=compose-post-service
[2025-09-25T14:09:35.504+0000] {docker.py:438} INFO - 📋 Found 1 pods initially
[2025-09-25T14:09:35.504+0000] {docker.py:438} INFO - 🎲 Random selection: 1 pods
[2025-09-25T14:09:35.505+0000] {docker.py:438} INFO - ✅ Selected pods: ['compose-post-service-6dff877d56-h99zt']
[2025-09-25T14:09:35.505+0000] {docker.py:438} INFO - 🎯 Restarting container in pod: compose-post-service-6dff877d56-h99zt
[2025-09-25T14:09:35.505+0000] {docker.py:438} INFO - 📊 Current restart count: 11
[2025-09-25T14:09:35.505+0000] {docker.py:438} INFO - 🔧 Trying restart strategy 1: sh -c kill -INT 1
[2025-09-25T14:09:35.506+0000] {docker.py:438} INFO - ❌ Strategy 1 failed: (0)
[2025-09-25T14:09:35.506+0000] {docker.py:438} INFO - Reason: Handshake status 500 Internal Server Error -+-+- {'date': 'Thu, 25 Sep 2025 14:09:16 GMT', 'connection': 'close', 'content-length': '0'} -+-+- b''
[2025-09-25T14:09:35.506+0000] {docker.py:438} INFO - 
[2025-09-25T14:09:35.506+0000] {docker.py:438} INFO - 🔧 Trying restart strategy 2: sh -c kill -2 1
[2025-09-25T14:09:35.507+0000] {docker.py:438} INFO - ❌ Strategy 2 failed: (0)
[2025-09-25T14:09:35.507+0000] {docker.py:438} INFO - Reason: Handshake status 500 Internal Server Error -+-+- {'date': 'Thu, 25 Sep 2025 14:09:18 GMT', 'connection': 'close', 'content-length': '0'} -+-+- b''
[2025-09-25T14:09:35.507+0000] {docker.py:438} INFO - 
[2025-09-25T14:09:35.507+0000] {docker.py:438} INFO - 🔧 Trying restart strategy 3: sh -c kill -TERM 1
[2025-09-25T14:09:35.508+0000] {docker.py:438} INFO - ❌ Strategy 3 failed: (0)
[2025-09-25T14:09:35.508+0000] {docker.py:438} INFO - Reason: Handshake status 500 Internal Server Error -+-+- {'date': 'Thu, 25 Sep 2025 14:09:19 GMT', 'connection': 'close', 'content-length': '0'} -+-+- b''
[2025-09-25T14:09:35.508+0000] {docker.py:438} INFO - 
[2025-09-25T14:09:35.508+0000] {docker.py:438} INFO - 🔧 Trying restart strategy 4: sh -c kill -9 1
[2025-09-25T14:09:35.509+0000] {docker.py:438} INFO - ❌ Strategy 4 failed: (0)
[2025-09-25T14:09:35.509+0000] {docker.py:438} INFO - Reason: Handshake status 500 Internal Server Error -+-+- {'date': 'Thu, 25 Sep 2025 14:09:20 GMT', 'connection': 'close', 'content-length': '0'} -+-+- b''
[2025-09-25T14:09:35.509+0000] {docker.py:438} INFO - 
[2025-09-25T14:09:35.509+0000] {docker.py:438} INFO - ❌ All restart strategies failed - container restart not verified
[2025-09-25T14:09:35.510+0000] {docker.py:438} INFO - 🏁 Restart operation completed for 1 containers
[2025-09-25T14:09:35.520+0000] {docker.py:438} INFO - ✅ Successfully restarted: 0 containers
[2025-09-25T14:09:35.520+0000] {docker.py:438} INFO - ✅ Successfully restarted 1 containers
[2025-09-25T14:09:35.521+0000] {docker.py:438} INFO -    📦 compose-post-service-6dff877d56-h99zt: restart_failed
[2025-09-25T14:09:35.521+0000] {docker.py:438} INFO - ⏳ Waiting 5 seconds until next restart...
[2025-09-25T14:09:35.521+0000] {docker.py:438} INFO - 📊 Time remaining: 76 seconds
[2025-09-25T14:09:35.521+0000] {docker.py:438} INFO - 📈 Total containers restarted so far: 15
[2025-09-25T14:09:35.522+0000] {docker.py:438} INFO - 
[2025-09-25T14:09:35.522+0000] {docker.py:438} INFO - ============================================================
[2025-09-25T14:09:35.522+0000] {docker.py:438} INFO - 🔄 Container Restart #16 at 2025-09-25 14:09:25
[2025-09-25T14:09:35.522+0000] {docker.py:438} INFO - ============================================================
[2025-09-25T14:09:35.523+0000] {docker.py:438} INFO - 🔄 Container restart function started!
[2025-09-25T14:09:35.523+0000] {docker.py:438} INFO - 🔍 Selecting pods with label_selector: app=compose-post-service
[2025-09-25T14:09:35.523+0000] {docker.py:438} INFO - 📋 Found 1 pods initially
[2025-09-25T14:09:35.523+0000] {docker.py:438} INFO - 🎲 Random selection: 1 pods
[2025-09-25T14:09:35.524+0000] {docker.py:438} INFO - ✅ Selected pods: ['compose-post-service-6dff877d56-h99zt']
[2025-09-25T14:09:35.524+0000] {docker.py:438} INFO - 🎯 Restarting container in pod: compose-post-service-6dff877d56-h99zt
[2025-09-25T14:09:35.524+0000] {docker.py:438} INFO - 📊 Current restart count: 11
[2025-09-25T14:09:35.524+0000] {docker.py:438} INFO - 🔧 Trying restart strategy 1: sh -c kill -INT 1
[2025-09-25T14:09:35.525+0000] {docker.py:438} INFO - ❌ Strategy 1 failed: (0)
[2025-09-25T14:09:35.525+0000] {docker.py:438} INFO - Reason: Handshake status 500 Internal Server Error -+-+- {'date': 'Thu, 25 Sep 2025 14:09:32 GMT', 'connection': 'close', 'content-length': '0'} -+-+- b''
[2025-09-25T14:09:35.525+0000] {docker.py:438} INFO - 
[2025-09-25T14:09:35.525+0000] {docker.py:438} INFO - 🔧 Trying restart strategy 2: sh -c kill -2 1
[2025-09-25T14:09:35.526+0000] {docker.py:438} INFO - ❌ Strategy 2 failed: (0)
[2025-09-25T14:09:35.536+0000] {docker.py:438} INFO - Reason: Handshake status 500 Internal Server Error -+-+- {'date': 'Thu, 25 Sep 2025 14:09:34 GMT', 'connection': 'close', 'content-length': '0'} -+-+- b''
[2025-09-25T14:09:35.536+0000] {docker.py:438} INFO - 
[2025-09-25T14:09:35.536+0000] {docker.py:438} INFO - 🔧 Trying restart strategy 3: sh -c kill -TERM 1
[2025-09-25T14:09:35.537+0000] {docker.py:438} INFO - ❌ Strategy 3 failed: (0)
[2025-09-25T14:09:35.537+0000] {docker.py:438} INFO - Reason: Handshake status 500 Internal Server Error -+-+- {'date': 'Thu, 25 Sep 2025 14:09:35 GMT', 'connection': 'close', 'content-length': '0'} -+-+- b''
[2025-09-25T14:10:33.246+0000] {docker.py:438} INFO - 🔧 Trying restart strategy 4: sh -c kill -9 1
[2025-09-25T14:10:33.247+0000] {docker.py:438} INFO - ❌ Strategy 4 failed: (0)
[2025-09-25T14:10:33.247+0000] {docker.py:438} INFO - Reason: Handshake status 500 Internal Server Error -+-+- {'date': 'Thu, 25 Sep 2025 14:09:36 GMT', 'connection': 'close', 'content-length': '0'} -+-+- b''
[2025-09-25T14:10:33.247+0000] {docker.py:438} INFO - 
[2025-09-25T14:10:33.247+0000] {docker.py:438} INFO - ❌ All restart strategies failed - container restart not verified
[2025-09-25T14:10:33.247+0000] {docker.py:438} INFO - 🏁 Restart operation completed for 1 containers
[2025-09-25T14:10:33.248+0000] {docker.py:438} INFO - ✅ Successfully restarted: 0 containers
[2025-09-25T14:10:33.248+0000] {docker.py:438} INFO - ✅ Successfully restarted 1 containers
[2025-09-25T14:10:33.248+0000] {docker.py:438} INFO -    📦 compose-post-service-6dff877d56-h99zt: restart_failed
[2025-09-25T14:10:33.248+0000] {docker.py:438} INFO - ⏳ Waiting 5 seconds until next restart...
[2025-09-25T14:10:33.248+0000] {docker.py:438} INFO - 📊 Time remaining: 60 seconds
[2025-09-25T14:10:33.248+0000] {docker.py:438} INFO - 📈 Total containers restarted so far: 16
[2025-09-25T14:10:33.248+0000] {docker.py:438} INFO - 
[2025-09-25T14:10:33.249+0000] {docker.py:438} INFO - ============================================================
[2025-09-25T14:10:33.249+0000] {docker.py:438} INFO - 🔄 Container Restart #17 at 2025-09-25 14:09:41
[2025-09-25T14:10:33.249+0000] {docker.py:438} INFO - ============================================================
[2025-09-25T14:10:33.249+0000] {docker.py:438} INFO - 🔄 Container restart function started!
[2025-09-25T14:10:33.249+0000] {docker.py:438} INFO - 🔍 Selecting pods with label_selector: app=compose-post-service
[2025-09-25T14:10:33.249+0000] {docker.py:438} INFO - 📋 Found 1 pods initially
[2025-09-25T14:10:33.249+0000] {docker.py:438} INFO - 🎲 Random selection: 1 pods
[2025-09-25T14:10:33.249+0000] {docker.py:438} INFO - ✅ Selected pods: ['compose-post-service-6dff877d56-h99zt']
[2025-09-25T14:10:33.250+0000] {docker.py:438} INFO - 🎯 Restarting container in pod: compose-post-service-6dff877d56-h99zt
[2025-09-25T14:10:33.250+0000] {docker.py:438} INFO - 📊 Current restart count: 11
[2025-09-25T14:10:33.250+0000] {docker.py:438} INFO - 🔧 Trying restart strategy 1: sh -c kill -INT 1
[2025-09-25T14:10:33.250+0000] {docker.py:438} INFO - ❌ Strategy 1 failed: (0)
[2025-09-25T14:10:33.250+0000] {docker.py:438} INFO - Reason: Handshake status 500 Internal Server Error -+-+- {'date': 'Thu, 25 Sep 2025 14:09:44 GMT', 'connection': 'close', 'content-length': '0'} -+-+- b''
[2025-09-25T14:10:33.250+0000] {docker.py:438} INFO - 
[2025-09-25T14:10:33.250+0000] {docker.py:438} INFO - 🔧 Trying restart strategy 2: sh -c kill -2 1
[2025-09-25T14:10:33.250+0000] {docker.py:438} INFO - ❌ Strategy 2 failed: (0)
[2025-09-25T14:10:33.251+0000] {docker.py:438} INFO - Reason: Handshake status 500 Internal Server Error -+-+- {'date': 'Thu, 25 Sep 2025 14:09:46 GMT', 'connection': 'close', 'content-length': '0'} -+-+- b''
[2025-09-25T14:10:33.251+0000] {docker.py:438} INFO - 
[2025-09-25T14:10:33.251+0000] {docker.py:438} INFO - 🔧 Trying restart strategy 3: sh -c kill -TERM 1
[2025-09-25T14:10:33.251+0000] {docker.py:438} INFO - ❌ Strategy 3 failed: (0)
[2025-09-25T14:10:33.251+0000] {docker.py:438} INFO - Reason: Handshake status 500 Internal Server Error -+-+- {'date': 'Thu, 25 Sep 2025 14:09:48 GMT', 'connection': 'close', 'content-length': '0'} -+-+- b''
[2025-09-25T14:10:33.251+0000] {docker.py:438} INFO - 
[2025-09-25T14:10:33.251+0000] {docker.py:438} INFO - 🔧 Trying restart strategy 4: sh -c kill -9 1
[2025-09-25T14:10:33.252+0000] {docker.py:438} INFO - ❌ Strategy 4 failed: (0)
[2025-09-25T14:10:33.252+0000] {docker.py:438} INFO - Reason: Handshake status 500 Internal Server Error -+-+- {'date': 'Thu, 25 Sep 2025 14:09:49 GMT', 'connection': 'close', 'content-length': '0'} -+-+- b''
[2025-09-25T14:10:33.252+0000] {docker.py:438} INFO - 
[2025-09-25T14:10:33.252+0000] {docker.py:438} INFO - ❌ All restart strategies failed - container restart not verified
[2025-09-25T14:10:33.252+0000] {docker.py:438} INFO - 🏁 Restart operation completed for 1 containers
[2025-09-25T14:10:33.252+0000] {docker.py:438} INFO - ✅ Successfully restarted: 0 containers
[2025-09-25T14:10:33.252+0000] {docker.py:438} INFO - ✅ Successfully restarted 1 containers
[2025-09-25T14:10:33.252+0000] {docker.py:438} INFO -    📦 compose-post-service-6dff877d56-h99zt: restart_failed
[2025-09-25T14:10:33.253+0000] {docker.py:438} INFO - ⏳ Waiting 5 seconds until next restart...
[2025-09-25T14:10:33.253+0000] {docker.py:438} INFO - 📊 Time remaining: 47 seconds
[2025-09-25T14:10:33.253+0000] {docker.py:438} INFO - 📈 Total containers restarted so far: 17
[2025-09-25T14:10:33.253+0000] {docker.py:438} INFO - 
[2025-09-25T14:10:33.253+0000] {docker.py:438} INFO - ============================================================
[2025-09-25T14:10:33.253+0000] {docker.py:438} INFO - 🔄 Container Restart #18 at 2025-09-25 14:09:54
[2025-09-25T14:10:33.253+0000] {docker.py:438} INFO - ============================================================
[2025-09-25T14:10:33.254+0000] {docker.py:438} INFO - 🔄 Container restart function started!
[2025-09-25T14:10:33.254+0000] {docker.py:438} INFO - 🔍 Selecting pods with label_selector: app=compose-post-service
[2025-09-25T14:10:33.254+0000] {docker.py:438} INFO - 📋 Found 1 pods initially
[2025-09-25T14:10:33.254+0000] {docker.py:438} INFO - 🎲 Random selection: 1 pods
[2025-09-25T14:10:33.254+0000] {docker.py:438} INFO - ✅ Selected pods: ['compose-post-service-6dff877d56-h99zt']
[2025-09-25T14:10:33.254+0000] {docker.py:438} INFO - 🎯 Restarting container in pod: compose-post-service-6dff877d56-h99zt
[2025-09-25T14:10:33.254+0000] {docker.py:438} INFO - 📊 Current restart count: 11
[2025-09-25T14:10:33.254+0000] {docker.py:438} INFO - 🔧 Trying restart strategy 1: sh -c kill -INT 1
[2025-09-25T14:10:33.255+0000] {docker.py:438} INFO - ❌ Strategy 1 failed: (0)
[2025-09-25T14:10:33.255+0000] {docker.py:438} INFO - Reason: Handshake status 500 Internal Server Error -+-+- {'date': 'Thu, 25 Sep 2025 14:09:57 GMT', 'connection': 'close', 'content-length': '0'} -+-+- b''
[2025-09-25T14:10:33.255+0000] {docker.py:438} INFO - 
[2025-09-25T14:10:33.255+0000] {docker.py:438} INFO - 🔧 Trying restart strategy 2: sh -c kill -2 1
[2025-09-25T14:10:33.255+0000] {docker.py:438} INFO - ❌ Strategy 2 failed: (0)
[2025-09-25T14:10:33.255+0000] {docker.py:438} INFO - Reason: Handshake status 500 Internal Server Error -+-+- {'date': 'Thu, 25 Sep 2025 14:09:59 GMT', 'connection': 'close', 'content-length': '0'} -+-+- b''
[2025-09-25T14:10:33.255+0000] {docker.py:438} INFO - 
[2025-09-25T14:10:33.255+0000] {docker.py:438} INFO - 🔧 Trying restart strategy 3: sh -c kill -TERM 1
[2025-09-25T14:10:33.256+0000] {docker.py:438} INFO - ❌ Strategy 3 failed: (0)
[2025-09-25T14:10:33.256+0000] {docker.py:438} INFO - Reason: Handshake status 500 Internal Server Error -+-+- {'date': 'Thu, 25 Sep 2025 14:10:00 GMT', 'connection': 'close', 'content-length': '0'} -+-+- b''
[2025-09-25T14:10:33.256+0000] {docker.py:438} INFO - 
[2025-09-25T14:10:33.256+0000] {docker.py:438} INFO - 🔧 Trying restart strategy 4: sh -c kill -9 1
[2025-09-25T14:10:33.256+0000] {docker.py:438} INFO - ❌ Strategy 4 failed: (0)
[2025-09-25T14:10:33.256+0000] {docker.py:438} INFO - Reason: Handshake status 500 Internal Server Error -+-+- {'date': 'Thu, 25 Sep 2025 14:10:01 GMT', 'connection': 'close', 'content-length': '0'} -+-+- b''
[2025-09-25T14:10:33.256+0000] {docker.py:438} INFO - 
[2025-09-25T14:10:33.256+0000] {docker.py:438} INFO - ❌ All restart strategies failed - container restart not verified
[2025-09-25T14:10:33.257+0000] {docker.py:438} INFO - 🏁 Restart operation completed for 1 containers
[2025-09-25T14:10:33.257+0000] {docker.py:438} INFO - ✅ Successfully restarted: 0 containers
[2025-09-25T14:10:33.257+0000] {docker.py:438} INFO - ✅ Successfully restarted 1 containers
[2025-09-25T14:10:33.257+0000] {docker.py:438} INFO -    📦 compose-post-service-6dff877d56-h99zt: restart_failed
[2025-09-25T14:10:33.257+0000] {docker.py:438} INFO - ⏳ Waiting 5 seconds until next restart...
[2025-09-25T14:10:33.257+0000] {docker.py:438} INFO - 📊 Time remaining: 35 seconds
[2025-09-25T14:10:33.257+0000] {docker.py:438} INFO - 📈 Total containers restarted so far: 18
[2025-09-25T14:10:33.257+0000] {docker.py:438} INFO - 
[2025-09-25T14:10:33.257+0000] {docker.py:438} INFO - ============================================================
[2025-09-25T14:10:33.258+0000] {docker.py:438} INFO - 🔄 Container Restart #19 at 2025-09-25 14:10:06
[2025-09-25T14:10:33.258+0000] {docker.py:438} INFO - ============================================================
[2025-09-25T14:10:33.258+0000] {docker.py:438} INFO - 🔄 Container restart function started!
[2025-09-25T14:10:33.258+0000] {docker.py:438} INFO - 🔍 Selecting pods with label_selector: app=compose-post-service
[2025-09-25T14:10:33.258+0000] {docker.py:438} INFO - 📋 Found 1 pods initially
[2025-09-25T14:10:33.258+0000] {docker.py:438} INFO - 🎲 Random selection: 1 pods
[2025-09-25T14:10:33.258+0000] {docker.py:438} INFO - ✅ Selected pods: ['compose-post-service-6dff877d56-h99zt']
[2025-09-25T14:10:33.258+0000] {docker.py:438} INFO - 🎯 Restarting container in pod: compose-post-service-6dff877d56-h99zt
[2025-09-25T14:10:33.259+0000] {docker.py:438} INFO - 📊 Current restart count: 11
[2025-09-25T14:10:33.259+0000] {docker.py:438} INFO - 🔧 Trying restart strategy 1: sh -c kill -INT 1
[2025-09-25T14:10:33.259+0000] {docker.py:438} INFO - ❌ Strategy 1 failed: (0)
[2025-09-25T14:10:33.259+0000] {docker.py:438} INFO - Reason: Handshake status 500 Internal Server Error -+-+- {'date': 'Thu, 25 Sep 2025 14:10:10 GMT', 'connection': 'close', 'content-length': '0'} -+-+- b''
[2025-09-25T14:10:33.259+0000] {docker.py:438} INFO - 
[2025-09-25T14:10:33.259+0000] {docker.py:438} INFO - 🔧 Trying restart strategy 2: sh -c kill -2 1
[2025-09-25T14:10:33.259+0000] {docker.py:438} INFO - ❌ Strategy 2 failed: (0)
[2025-09-25T14:10:33.259+0000] {docker.py:438} INFO - Reason: Handshake status 500 Internal Server Error -+-+- {'date': 'Thu, 25 Sep 2025 14:10:11 GMT', 'connection': 'close', 'content-length': '0'} -+-+- b''
[2025-09-25T14:10:33.260+0000] {docker.py:438} INFO - 
[2025-09-25T14:10:33.260+0000] {docker.py:438} INFO - 🔧 Trying restart strategy 3: sh -c kill -TERM 1
[2025-09-25T14:10:33.260+0000] {docker.py:438} INFO - ❌ Strategy 3 failed: (0)
[2025-09-25T14:10:33.261+0000] {docker.py:438} INFO - Reason: Handshake status 500 Internal Server Error -+-+- {'date': 'Thu, 25 Sep 2025 14:10:12 GMT', 'connection': 'close', 'content-length': '0'} -+-+- b''
[2025-09-25T14:10:33.261+0000] {docker.py:438} INFO - 
[2025-09-25T14:10:33.261+0000] {docker.py:438} INFO - 🔧 Trying restart strategy 4: sh -c kill -9 1
[2025-09-25T14:10:33.261+0000] {docker.py:438} INFO - ❌ Strategy 4 failed: (0)
[2025-09-25T14:10:33.261+0000] {docker.py:438} INFO - Reason: Handshake status 500 Internal Server Error -+-+- {'date': 'Thu, 25 Sep 2025 14:10:14 GMT', 'connection': 'close', 'content-length': '0'} -+-+- b''
[2025-09-25T14:10:33.261+0000] {docker.py:438} INFO - 
[2025-09-25T14:10:33.261+0000] {docker.py:438} INFO - ❌ All restart strategies failed - container restart not verified
[2025-09-25T14:10:33.261+0000] {docker.py:438} INFO - 🏁 Restart operation completed for 1 containers
[2025-09-25T14:10:33.262+0000] {docker.py:438} INFO - ✅ Successfully restarted: 0 containers
[2025-09-25T14:10:33.262+0000] {docker.py:438} INFO - ✅ Successfully restarted 1 containers
[2025-09-25T14:10:33.262+0000] {docker.py:438} INFO -    📦 compose-post-service-6dff877d56-h99zt: restart_failed
[2025-09-25T14:10:33.262+0000] {docker.py:438} INFO - ⏳ Waiting 5 seconds until next restart...
[2025-09-25T14:10:33.262+0000] {docker.py:438} INFO - 📊 Time remaining: 23 seconds
[2025-09-25T14:10:33.262+0000] {docker.py:438} INFO - 📈 Total containers restarted so far: 19
[2025-09-25T14:10:33.262+0000] {docker.py:438} INFO - 
[2025-09-25T14:10:33.262+0000] {docker.py:438} INFO - ============================================================
[2025-09-25T14:10:33.263+0000] {docker.py:438} INFO - 🔄 Container Restart #20 at 2025-09-25 14:10:19
[2025-09-25T14:10:33.263+0000] {docker.py:438} INFO - ============================================================
[2025-09-25T14:10:33.263+0000] {docker.py:438} INFO - 🔄 Container restart function started!
[2025-09-25T14:10:33.263+0000] {docker.py:438} INFO - 🔍 Selecting pods with label_selector: app=compose-post-service
[2025-09-25T14:10:33.263+0000] {docker.py:438} INFO - 📋 Found 1 pods initially
[2025-09-25T14:10:33.263+0000] {docker.py:438} INFO - 🎲 Random selection: 1 pods
[2025-09-25T14:10:33.263+0000] {docker.py:438} INFO - ✅ Selected pods: ['compose-post-service-6dff877d56-h99zt']
[2025-09-25T14:10:33.263+0000] {docker.py:438} INFO - 🎯 Restarting container in pod: compose-post-service-6dff877d56-h99zt
[2025-09-25T14:10:33.263+0000] {docker.py:438} INFO - 📊 Current restart count: 11
[2025-09-25T14:10:33.264+0000] {docker.py:438} INFO - 🔧 Trying restart strategy 1: sh -c kill -INT 1
[2025-09-25T14:10:33.264+0000] {docker.py:438} INFO - ❌ Strategy 1 failed: (0)
[2025-09-25T14:10:33.264+0000] {docker.py:438} INFO - Reason: Handshake status 500 Internal Server Error -+-+- {'date': 'Thu, 25 Sep 2025 14:10:22 GMT', 'connection': 'close', 'content-length': '0'} -+-+- b''
[2025-09-25T14:10:33.264+0000] {docker.py:438} INFO - 
[2025-09-25T14:10:33.264+0000] {docker.py:438} INFO - 🔧 Trying restart strategy 2: sh -c kill -2 1
[2025-09-25T14:10:33.264+0000] {docker.py:438} INFO - ❌ Strategy 2 failed: (0)
[2025-09-25T14:10:33.264+0000] {docker.py:438} INFO - Reason: Handshake status 500 Internal Server Error -+-+- {'date': 'Thu, 25 Sep 2025 14:10:23 GMT', 'connection': 'close', 'content-length': '0'} -+-+- b''
[2025-09-25T14:10:33.264+0000] {docker.py:438} INFO - 
[2025-09-25T14:10:33.265+0000] {docker.py:438} INFO - 🔧 Trying restart strategy 3: sh -c kill -TERM 1
[2025-09-25T14:10:33.265+0000] {docker.py:438} INFO - ❌ Strategy 3 failed: (0)
[2025-09-25T14:10:33.265+0000] {docker.py:438} INFO - Reason: Handshake status 500 Internal Server Error -+-+- {'date': 'Thu, 25 Sep 2025 14:10:25 GMT', 'connection': 'close', 'content-length': '0'} -+-+- b''
[2025-09-25T14:10:33.265+0000] {docker.py:438} INFO - 
[2025-09-25T14:10:33.265+0000] {docker.py:438} INFO - 🔧 Trying restart strategy 4: sh -c kill -9 1
[2025-09-25T14:10:33.265+0000] {docker.py:438} INFO - ❌ Strategy 4 failed: (0)
[2025-09-25T14:10:33.265+0000] {docker.py:438} INFO - Reason: Handshake status 500 Internal Server Error -+-+- {'date': 'Thu, 25 Sep 2025 14:10:26 GMT', 'connection': 'close', 'content-length': '0'} -+-+- b''
[2025-09-25T14:10:33.266+0000] {docker.py:438} INFO - 
[2025-09-25T14:10:33.266+0000] {docker.py:438} INFO - ❌ All restart strategies failed - container restart not verified
[2025-09-25T14:10:33.266+0000] {docker.py:438} INFO - 🏁 Restart operation completed for 1 containers
[2025-09-25T14:10:33.266+0000] {docker.py:438} INFO - ✅ Successfully restarted: 0 containers
[2025-09-25T14:10:33.266+0000] {docker.py:438} INFO - ✅ Successfully restarted 1 containers
[2025-09-25T14:10:33.266+0000] {docker.py:438} INFO -    📦 compose-post-service-6dff877d56-h99zt: restart_failed
[2025-09-25T14:10:33.266+0000] {docker.py:438} INFO - ⏳ Waiting 5 seconds until next restart...
[2025-09-25T14:10:33.266+0000] {docker.py:438} INFO - 📊 Time remaining: 10 seconds
[2025-09-25T14:10:33.266+0000] {docker.py:438} INFO - 📈 Total containers restarted so far: 20
[2025-09-25T14:10:33.267+0000] {docker.py:438} INFO - 
[2025-09-25T14:10:33.267+0000] {docker.py:438} INFO - ============================================================
[2025-09-25T14:10:33.267+0000] {docker.py:438} INFO - 🔄 Container Restart #21 at 2025-09-25 14:10:31
[2025-09-25T14:10:33.267+0000] {docker.py:438} INFO - ============================================================
[2025-09-25T14:10:33.267+0000] {docker.py:438} INFO - 🔄 Container restart function started!
[2025-09-25T14:10:33.267+0000] {docker.py:438} INFO - 🔍 Selecting pods with label_selector: app=compose-post-service
[2025-09-25T14:10:33.267+0000] {docker.py:438} INFO - 📋 Found 1 pods initially
[2025-09-25T14:10:33.267+0000] {docker.py:438} INFO - 🎲 Random selection: 1 pods
[2025-09-25T14:10:33.268+0000] {docker.py:438} INFO - ✅ Selected pods: ['compose-post-service-6dff877d56-h99zt']
[2025-09-25T14:11:41.477+0000] {docker.py:438} INFO - [32m[2025-09-25 14:11:41 INFO] Let's rollback...
[2025-09-25T14:11:41.479+0000] {docker.py:438} INFO - [32m[2025-09-25 14:11:41 INFO] Rollback: verify-pods-running
[2025-09-25T14:11:41.480+0000] {docker.py:438} INFO - [32m[2025-09-25 14:11:41 INFO] Probe: verify-pods-running
[2025-09-25T14:11:42.938+0000] {docker.py:438} INFO - [32m[2025-09-25 14:11:42 INFO] Experiment ended with status: completed
[2025-09-25T14:11:42.940+0000] {docker.py:438} INFO - 🎯 Restarting container in pod: compose-post-service-6dff877d56-h99zt
[2025-09-25T14:11:42.940+0000] {docker.py:438} INFO - 📊 Current restart count: 12
[2025-09-25T14:11:42.940+0000] {docker.py:438} INFO - 🔧 Trying restart strategy 1: sh -c kill -INT 1
[2025-09-25T14:11:42.941+0000] {docker.py:438} INFO - ✅ Signal sent successfully to container in pod compose-post-service-6dff877d56-h99zt
[2025-09-25T14:11:42.941+0000] {docker.py:438} INFO - ⏳ Waiting for container restart (up to 60 seconds)...
[2025-09-25T14:11:42.941+0000] {docker.py:438} INFO - ⚠️  Strategy 1 didn't cause restart, trying next...
[2025-09-25T14:11:42.941+0000] {docker.py:438} INFO - 🔧 Trying restart strategy 2: sh -c kill -2 1
[2025-09-25T14:11:42.942+0000] {docker.py:438} INFO - ❌ Strategy 2 failed: (0)
[2025-09-25T14:11:42.942+0000] {docker.py:438} INFO - Reason: Handshake status 500 Internal Server Error -+-+- {'date': 'Thu, 25 Sep 2025 14:11:38 GMT', 'connection': 'close', 'content-length': '0'} -+-+- b''
[2025-09-25T14:11:42.942+0000] {docker.py:438} INFO - 
[2025-09-25T14:11:42.942+0000] {docker.py:438} INFO - 🔧 Trying restart strategy 3: sh -c kill -TERM 1
[2025-09-25T14:11:42.943+0000] {docker.py:438} INFO - ❌ Strategy 3 failed: (0)
[2025-09-25T14:11:42.943+0000] {docker.py:438} INFO - Reason: Handshake status 500 Internal Server Error -+-+- {'date': 'Thu, 25 Sep 2025 14:11:39 GMT', 'connection': 'close', 'content-length': '0'} -+-+- b''
[2025-09-25T14:11:42.943+0000] {docker.py:438} INFO - 
[2025-09-25T14:11:42.943+0000] {docker.py:438} INFO - 🔧 Trying restart strategy 4: sh -c kill -9 1
[2025-09-25T14:11:42.944+0000] {docker.py:438} INFO - ❌ Strategy 4 failed: (0)
[2025-09-25T14:11:42.944+0000] {docker.py:438} INFO - Reason: Handshake status 500 Internal Server Error -+-+- {'date': 'Thu, 25 Sep 2025 14:11:41 GMT', 'connection': 'close', 'content-length': '0'} -+-+- b''
[2025-09-25T14:11:42.944+0000] {docker.py:438} INFO - 
[2025-09-25T14:11:42.944+0000] {docker.py:438} INFO - ❌ All restart strategies failed - container restart not verified
[2025-09-25T14:11:42.945+0000] {docker.py:438} INFO - 🏁 Restart operation completed for 1 containers
[2025-09-25T14:11:42.945+0000] {docker.py:438} INFO - ✅ Successfully restarted: 0 containers
[2025-09-25T14:11:42.945+0000] {docker.py:438} INFO - ✅ Successfully restarted 1 containers
[2025-09-25T14:11:42.945+0000] {docker.py:438} INFO -    📦 compose-post-service-6dff877d56-h99zt: restart_failed
[2025-09-25T14:11:42.945+0000] {docker.py:438} INFO - ⏰ Less than 5 seconds remaining, stopping experiment
[2025-09-25T14:11:42.945+0000] {docker.py:438} INFO - 
[2025-09-25T14:11:42.946+0000] {docker.py:438} INFO - ============================================================
[2025-09-25T14:11:42.946+0000] {docker.py:438} INFO - 🏁 Container Restart Experiment Completed!
[2025-09-25T14:11:42.946+0000] {docker.py:438} INFO - ============================================================
[2025-09-25T14:11:42.946+0000] {docker.py:438} INFO - 📈 Total restart cycles: 21
[2025-09-25T14:11:42.946+0000] {docker.py:438} INFO - 📦 Total containers restarted: 21
[2025-09-25T14:11:42.946+0000] {docker.py:438} INFO - ⏱️  Total duration: 465 seconds
[2025-09-25T14:11:42.947+0000] {docker.py:438} INFO - 📊 Average cycle time: 22.1 seconds
[2025-09-25T14:11:42.947+0000] {docker.py:438} INFO - 🎯 Target selector: app=compose-post-service
[2025-09-25T14:11:42.947+0000] {docker.py:438} INFO - 📍 Namespace: default
[2025-09-25T14:11:43.117+0000] {docker.py:438} INFO - Container restart experiment completed successfully
[2025-09-25T14:11:43.383+0000] {taskinstance.py:340} INFO - ::group::Post task execution logs
[2025-09-25T14:11:43.383+0000] {taskinstance.py:352} INFO - Marking task as SUCCESS. dag_id=Container_Restart, task_id=apply_container_restart_docker, run_id=manual__2025-09-25T14:03:36.807558+00:00, execution_date=20250925T140336, start_date=20250925T140341, end_date=20250925T141143
[2025-09-25T14:11:43.434+0000] {local_task_job_runner.py:266} INFO - Task exited with return code 0
[2025-09-25T14:11:43.449+0000] {taskinstance.py:3900} INFO - 0 downstream tasks scheduled from follow-on schedule check
[2025-09-25T14:11:43.451+0000] {local_task_job_runner.py:245} INFO - ::endgroup::
