[2025-10-03T07:12:13.326+0000] {local_task_job_runner.py:123} INFO - ::group::Pre task execution logs
[2025-10-03T07:12:13.373+0000] {taskinstance.py:2612} INFO - Dependencies all met for dep_context=non-requeueable deps ti=<TaskInstance: Chaos_Node_DAG.taskC manual__2025-10-03T07:09:56.208808+00:00 [queued]>
[2025-10-03T07:12:13.404+0000] {taskinstance.py:2612} INFO - Dependencies all met for dep_context=requeueable deps ti=<TaskInstance: Chaos_Node_DAG.taskC manual__2025-10-03T07:09:56.208808+00:00 [queued]>
[2025-10-03T07:12:13.405+0000] {taskinstance.py:2865} INFO - Starting attempt 2 of 2
[2025-10-03T07:12:13.438+0000] {taskinstance.py:2888} INFO - Executing <Task(DockerOperator): taskC> on 2025-10-03 07:09:56.208808+00:00
[2025-10-03T07:12:13.452+0000] {standard_task_runner.py:72} INFO - Started process 73 to run task
[2025-10-03T07:12:13.461+0000] {standard_task_runner.py:104} INFO - Running: ['***', 'tasks', 'run', 'Chaos_Node_DAG', 'taskC', 'manual__2025-10-03T07:09:56.208808+00:00', '--job-id', '357', '--raw', '--subdir', 'DAGS_FOLDER/dag_factory.py', '--cfg-path', '/tmp/tmprhbbj28_']
[2025-10-03T07:12:13.464+0000] {standard_task_runner.py:105} INFO - Job 357: Subtask taskC
[2025-10-03T07:12:11.086+0000] {task_command.py:467} INFO - Running <TaskInstance: Chaos_Node_DAG.taskC manual__2025-10-03T07:09:56.208808+00:00 [running]> on host BNXL-80508-WL.India.XoriantCorp.com
[2025-10-03T07:12:11.339+0000] {taskinstance.py:3131} INFO - Exporting env vars: AIRFLOW_CTX_DAG_OWNER='***' AIRFLOW_CTX_DAG_ID='Chaos_Node_DAG' AIRFLOW_CTX_TASK_ID='taskC' AIRFLOW_CTX_EXECUTION_DATE='2025-10-03T07:09:56.208808+00:00' AIRFLOW_CTX_TRY_NUMBER='2' AIRFLOW_CTX_DAG_RUN_ID='manual__2025-10-03T07:09:56.208808+00:00'
[2025-10-03T07:12:11.340+0000] {taskinstance.py:731} INFO - ::endgroup::
[2025-10-03T07:12:11.585+0000] {docker.py:367} INFO - Starting docker container from image ***_chaos:latest
[2025-10-03T07:12:12.425+0000] {docker.py:438} INFO - The container is run as root user. For security, consider using a regular user account.
[2025-10-03T07:12:29.842+0000] {docker.py:438} INFO - 
[2025-10-03T07:12:31.541+0000] {docker.py:438} INFO - [32m[2025-10-03 07:12:31 INFO] Validating the experiment's syntax
[2025-10-03T07:12:32.716+0000] {docker.py:438} INFO - [32m[2025-10-03 07:12:32 INFO] Experiment looks valid
[2025-10-03T07:12:32.718+0000] {docker.py:438} INFO - [32m[2025-10-03 07:12:32 INFO] Running experiment: Memory Stress Test - Database Pod with Timed Rollback
[2025-10-03T07:12:32.721+0000] {docker.py:438} INFO - [32m[2025-10-03 07:12:32 INFO] Steady-state strategy: default
[2025-10-03T07:12:32.722+0000] {docker.py:438} INFO - [32m[2025-10-03 07:12:32 INFO] Rollbacks strategy: default
[2025-10-03T07:12:32.723+0000] {docker.py:438} INFO - [32m[2025-10-03 07:12:32 INFO] No steady state hypothesis defined. That's ok, just exploring.
[2025-10-03T07:12:32.724+0000] {docker.py:438} INFO - [32m[2025-10-03 07:12:32 INFO] Playing your experiment's method now...
[2025-10-03T07:12:32.724+0000] {docker.py:438} INFO - [32m[2025-10-03 07:12:32 INFO] Action: apply-cart-memory-stress
[2025-10-03T07:12:34.103+0000] {docker.py:438} INFO - [32m[2025-10-03 07:12:34 INFO] Probe: wait-for-memory-stress-duration
[2025-10-03T07:12:53.519+0000] {local_task_job_runner.py:346} WARNING - State of this instance has been externally set to queued. Terminating instance.
[2025-10-03T07:12:53.520+0000] {local_task_job_runner.py:245} INFO - ::endgroup::
[2025-10-03T07:12:53.522+0000] {process_utils.py:132} INFO - Sending 15 to group 73. PIDs of all processes in the group: [73]
[2025-10-03T07:12:53.523+0000] {process_utils.py:87} INFO - Sending the signal 15 to group 73
[2025-10-03T07:12:53.527+0000] {taskinstance.py:3092} ERROR - Received SIGTERM. Terminating subprocesses.
[2025-10-03T07:12:53.527+0000] {docker.py:533} INFO - Stopping docker container
[2025-10-03T07:12:54.345+0000] {taskinstance.py:3310} ERROR - Task failed with exception
Traceback (most recent call last):
  File "/home/airflow/.local/lib/python3.11/site-packages/airflow/models/taskinstance.py", line 767, in _execute_task
    result = _execute_callable(context=context, **execute_callable_kwargs)
             ^^^^^^^^^^^^^^^^^^^^^^^^^^^^^^^^^^^^^^^^^^^^^^^^^^^^^^^^^^^^^
  File "/home/airflow/.local/lib/python3.11/site-packages/airflow/models/taskinstance.py", line 733, in _execute_callable
    return ExecutionCallableRunner(
           ^^^^^^^^^^^^^^^^^^^^^^^^
  File "/home/airflow/.local/lib/python3.11/site-packages/airflow/utils/operator_helpers.py", line 252, in run
    return self.func(*args, **kwargs)
           ^^^^^^^^^^^^^^^^^^^^^^^^^^
  File "/home/airflow/.local/lib/python3.11/site-packages/airflow/models/baseoperator.py", line 406, in wrapper
    return func(self, *args, **kwargs)
           ^^^^^^^^^^^^^^^^^^^^^^^^^^^
  File "/home/airflow/.local/lib/python3.11/site-packages/airflow/providers/docker/operators/docker.py", line 513, in execute
    return self._run_image()
           ^^^^^^^^^^^^^^^^^
  File "/home/airflow/.local/lib/python3.11/site-packages/airflow/providers/docker/operators/docker.py", line 384, in _run_image
    return self._run_image_with_mounts(self.mounts, add_tmp_variable=False)
           ^^^^^^^^^^^^^^^^^^^^^^^^^^^^^^^^^^^^^^^^^^^^^^^^^^^^^^^^^^^^^^^^
  File "/home/airflow/.local/lib/python3.11/site-packages/airflow/providers/docker/operators/docker.py", line 434, in _run_image_with_mounts
    for log_chunk in logstream:
  File "/home/airflow/.local/lib/python3.11/site-packages/docker/types/daemon.py", line 29, in __next__
    return next(self._stream)
           ^^^^^^^^^^^^^^^^^^
  File "/home/airflow/.local/lib/python3.11/site-packages/docker/api/client.py", line 438, in <genexpr>
    gen = (data for (_, data) in gen)
          ^^^^^^^^^^^^^^^^^^^^^^^^^^^
  File "/home/airflow/.local/lib/python3.11/site-packages/docker/utils/socket.py", line 112, in frames_iter_no_tty
    (stream, n) = next_frame_header(socket)
                  ^^^^^^^^^^^^^^^^^^^^^^^^^
  File "/home/airflow/.local/lib/python3.11/site-packages/docker/utils/socket.py", line 84, in next_frame_header
    data = read_exactly(socket, 8)
           ^^^^^^^^^^^^^^^^^^^^^^^
  File "/home/airflow/.local/lib/python3.11/site-packages/docker/utils/socket.py", line 69, in read_exactly
    next_data = read(socket, n - len(data))
                ^^^^^^^^^^^^^^^^^^^^^^^^^^^
  File "/home/airflow/.local/lib/python3.11/site-packages/docker/utils/socket.py", line 40, in read
    poll.poll()
  File "/home/airflow/.local/lib/python3.11/site-packages/airflow/models/taskinstance.py", line 3094, in signal_handler
    raise AirflowTaskTerminated("Task received SIGTERM signal")
airflow.exceptions.AirflowTaskTerminated: Task received SIGTERM signal
[2025-10-03T07:12:54.358+0000] {taskinstance.py:1225} INFO - Marking task as FAILED. dag_id=Chaos_Node_DAG, task_id=taskC, run_id=manual__2025-10-03T07:09:56.208808+00:00, execution_date=20251003T070956, start_date=20251003T071213, end_date=20251003T071254
[2025-10-03T07:12:54.383+0000] {taskinstance.py:340} INFO - ::group::Post task execution logs
[2025-10-03T07:12:54.438+0000] {process_utils.py:80} INFO - Process psutil.Process(pid=73, status='terminated', exitcode=2, started='07:12:12') (73) terminated with exit code 2
