[2025-09-26T04:06:11.994+0000] {local_task_job_runner.py:123} INFO - ::group::Pre task execution logs
[2025-09-26T04:06:12.010+0000] {taskinstance.py:2612} INFO - Dependencies all met for dep_context=non-requeueable deps ti=<TaskInstance: Container_Restart.apply_container_restart_docker manual__2025-09-26T04:06:05.581320+00:00 [queued]>
[2025-09-26T04:06:12.019+0000] {taskinstance.py:2612} INFO - Dependencies all met for dep_context=requeueable deps ti=<TaskInstance: Container_Restart.apply_container_restart_docker manual__2025-09-26T04:06:05.581320+00:00 [queued]>
[2025-09-26T04:06:12.020+0000] {taskinstance.py:2865} INFO - Starting attempt 1 of 1
[2025-09-26T04:06:12.034+0000] {taskinstance.py:2888} INFO - Executing <Task(DockerOperator): apply_container_restart_docker> on 2025-09-26 04:06:05.581320+00:00
[2025-09-26T04:06:12.040+0000] {standard_task_runner.py:72} INFO - Started process 188 to run task
[2025-09-26T04:06:12.045+0000] {standard_task_runner.py:104} INFO - Running: ['***', 'tasks', 'run', 'Container_Restart', 'apply_container_restart_docker', 'manual__2025-09-26T04:06:05.581320+00:00', '--job-id', '322', '--raw', '--subdir', 'DAGS_FOLDER/dag_factory.py', '--cfg-path', '/tmp/tmpkf3xnyxo']
[2025-09-26T04:06:12.046+0000] {standard_task_runner.py:105} INFO - Job 322: Subtask apply_container_restart_docker
[2025-09-26T04:06:12.109+0000] {task_command.py:467} INFO - Running <TaskInstance: Container_Restart.apply_container_restart_docker manual__2025-09-26T04:06:05.581320+00:00 [running]> on host BNXL-80508-WL.India.XoriantCorp.com
[2025-09-26T04:06:12.216+0000] {taskinstance.py:3131} INFO - Exporting env vars: AIRFLOW_CTX_DAG_OWNER='***' AIRFLOW_CTX_DAG_ID='Container_Restart' AIRFLOW_CTX_TASK_ID='apply_container_restart_docker' AIRFLOW_CTX_EXECUTION_DATE='2025-09-26T04:06:05.581320+00:00' AIRFLOW_CTX_TRY_NUMBER='1' AIRFLOW_CTX_DAG_RUN_ID='manual__2025-09-26T04:06:05.581320+00:00'
[2025-09-26T04:06:12.218+0000] {taskinstance.py:731} INFO - ::endgroup::
[2025-09-26T04:06:12.362+0000] {docker.py:367} INFO - Starting docker container from image priyanshu01ce/***_chaos:latest
[2025-09-26T04:06:12.870+0000] {docker.py:438} INFO - The container is run as root user. For security, consider using a regular user account.
[2025-09-26T04:06:21.529+0000] {docker.py:438} INFO - 
[2025-09-26T04:06:21.540+0000] {docker.py:438} INFO - total 11516
[2025-09-26T04:06:21.541+0000] {docker.py:438} INFO - drwxr-xr-x 4    1000 1000     4096 Sep 25 11:14 .
[2025-09-26T04:06:21.541+0000] {docker.py:438} INFO - drwxr-xr-x 1 *** root     4096 Sep 24 12:24 ..
[2025-09-26T04:06:21.541+0000] {docker.py:438} INFO - -rw-r--r-- 1    1000 1000     1193 Sep  8 07:02 API_Latency.json
[2025-09-26T04:06:21.542+0000] {docker.py:438} INFO - -rw-r--r-- 1    1000 1000      729 Sep  9 10:30 API_Timeout.json
[2025-09-26T04:06:21.542+0000] {docker.py:438} INFO - -rw-r--r-- 1    1000 1000     1333 Sep 25 12:12 Continuous_Load_Test.yaml
[2025-09-26T04:06:21.542+0000] {docker.py:438} INFO - -rw-r--r-- 1    1000 1000     1241 Sep 25 11:21 Load_Test.yaml
[2025-09-26T04:06:21.543+0000] {docker.py:438} INFO - -rw-r--r-- 1    1000 1000     1177 Sep 25 10:49 Stress_test.yaml
[2025-09-26T04:06:21.543+0000] {docker.py:438} INFO - -rw-r--r-- 1    1000 1000     1017 Sep 24 10:45 Stress_test_kube.yaml
[2025-09-26T04:06:21.543+0000] {docker.py:438} INFO - drwxr-xr-x 2 root    root     4096 Sep 25 16:54 __pycache__
[2025-09-26T04:06:21.543+0000] {docker.py:438} INFO - -rw-r--r-- 1    1000 1000     8875 Sep 25 16:54 chaosk6_actions.py
[2025-09-26T04:06:21.544+0000] {docker.py:438} INFO - -rw-rw-r-- 1 root    root   137406 Sep 25 17:57 chaostoolkit.log
[2025-09-26T04:06:21.544+0000] {docker.py:438} INFO - -rw-r--r-- 1    1000 1000     3213 Sep  9 09:11 combined-sequential.json
[2025-09-26T04:06:21.544+0000] {docker.py:438} INFO - -rw-r--r-- 1    1000 1000      502 Sep 16 05:31 connection_test_experiment.json
[2025-09-26T04:06:21.545+0000] {docker.py:438} INFO - -rw-r--r-- 1    1000 1000     1420 Sep 24 06:53 container_restart.json
[2025-09-26T04:06:21.545+0000] {docker.py:438} INFO - -rw-r--r-- 1    1000 1000    12495 Sep 26 03:54 container_restart.py
[2025-09-26T04:06:21.545+0000] {docker.py:438} INFO - -rw-r--r-- 1    1000 1000     1315 Sep 25 11:12 container_restart.yaml
[2025-09-26T04:06:21.545+0000] {docker.py:438} INFO - -rw-r--r-- 1    1000 1000     1031 Sep 24 07:37 container_restart_kube.yaml
[2025-09-26T04:06:21.545+0000] {docker.py:438} INFO - -rw-r--r-- 1    1000 1000     1409 Sep 18 12:30 continuous_load_test.json
[2025-09-26T04:06:21.546+0000] {docker.py:438} INFO - -rw-r--r-- 1    1000 1000     1637 Sep 25 10:13 cordon-uncordon-node.json
[2025-09-26T04:06:21.546+0000] {docker.py:438} INFO - -rw-r--r-- 1    1000 1000     1637 Sep 25 04:39 cordon_test.json
[2025-09-26T04:06:21.546+0000] {docker.py:438} INFO - -rw-r--r-- 1    1000 1000     1037 Sep 25 11:18 cordon_uncordon_node.yaml
[2025-09-26T04:06:21.546+0000] {docker.py:438} INFO - -rw-r--r-- 1    1000 1000     1214 Sep 24 17:12 cordon_uncordon_node_kube.yaml
[2025-09-26T04:06:21.547+0000] {docker.py:438} INFO - -rw-r--r-- 1    1000 1000     1771 Sep 24 07:40 db_cleanup.json
[2025-09-26T04:06:21.547+0000] {docker.py:438} INFO - -rw-r--r-- 1    1000 1000     6399 Sep 24 07:40 db_cleanup.py
[2025-09-26T04:06:21.547+0000] {docker.py:438} INFO - -rw-r--r-- 1    1000 1000     1172 Sep 24 07:40 db_cleanup_docker.yaml
[2025-09-26T04:06:21.547+0000] {docker.py:438} INFO - -rw-r--r-- 1    1000 1000     1097 Sep 24 10:43 db_cleanup_kube.yaml
[2025-09-26T04:06:21.548+0000] {docker.py:438} INFO - -rw-r--r-- 1 root    root     2788 Sep 25 17:57 journal.json
[2025-09-26T04:06:21.548+0000] {docker.py:438} INFO - -rw-rw-r-- 1 root    root   501900 Sep 26 02:34 k6_continuous_load.log
[2025-09-26T04:06:21.548+0000] {docker.py:438} INFO - -rw-r--r-- 1 root    root     3970 Sep 20 09:39 k6_continuous_summary.json
[2025-09-26T04:06:21.548+0000] {docker.py:438} INFO - -rw-rw-r-- 1 root    root 10911089 Sep 25 09:28 k6_post_api.log
[2025-09-26T04:06:21.549+0000] {docker.py:438} INFO - -rw-r--r-- 1 root    root     3433 Sep 25 09:28 k6_summary.json
[2025-09-26T04:06:21.549+0000] {docker.py:438} INFO - -rw-r--r-- 1    1000 1000      945 Sep 21 16:40 load_test.json
[2025-09-26T04:06:21.549+0000] {docker.py:438} INFO - -rw-r--r-- 1    1000 1000      879 Sep 24 07:14 load_test_kube.yaml
[2025-09-26T04:06:21.549+0000] {docker.py:438} INFO - -rw-r--r-- 1    1000 1000      528 Sep 17 12:13 max_connection_experiment.json
[2025-09-26T04:06:21.549+0000] {docker.py:438} INFO - -rw-r--r-- 1    1000 1000     1227 Sep 13 15:20 memory-stress-rollback.json
[2025-09-26T04:06:21.550+0000] {docker.py:438} INFO - -rw-r--r-- 1    1000 1000     7586 Sep 18 05:54 mongodb_actions.py
[2025-09-26T04:06:21.550+0000] {docker.py:438} INFO - -rw-r--r-- 1    1000 1000     2136 Sep 18 11:23 mongodb_connection.json
[2025-09-26T04:06:21.550+0000] {docker.py:438} INFO - -rw-r--r-- 1    1000 1000      597 Sep 16 09:17 mongodb_network_latency_experiment.json
[2025-09-26T04:06:21.550+0000] {docker.py:438} INFO - -rw-r--r-- 1    1000 1000     3657 Sep 18 05:42 mongodb_probes.py
[2025-09-26T04:06:21.551+0000] {docker.py:438} INFO - -rw-r--r-- 1    1000 1000     6161 Sep 12 08:04 pod_restart.py
[2025-09-26T04:06:21.551+0000] {docker.py:438} INFO - -rw-r--r-- 1    1000 1000     1632 Sep 16 08:57 redis_config_faults.py
[2025-09-26T04:06:21.551+0000] {docker.py:438} INFO - -rw-r--r-- 1    1000 1000      902 Sep 18 08:24 redis_experiment.json
[2025-09-26T04:06:21.551+0000] {docker.py:438} INFO - -rw-r--r-- 1    1000 1000     1251 Sep 18 09:25 redis_experiment.yaml
[2025-09-26T04:06:21.552+0000] {docker.py:438} INFO - -rw-r--r-- 1    1000 1000      929 Sep 24 07:35 redis_experiment_kube.yaml
[2025-09-26T04:06:21.552+0000] {docker.py:438} INFO - -rw-r--r-- 1    1000 1000      945 Sep 18 06:53 redis_load.json
[2025-09-26T04:06:21.552+0000] {docker.py:438} INFO - -rw-r--r-- 1    1000 1000     1255 Sep 25 11:19 redis_memory_stress.yaml
[2025-09-26T04:06:21.553+0000] {docker.py:438} INFO - -rw-r--r-- 1    1000 1000     1284 Sep 25 10:53 run_load_test_with_cleanup.py
[2025-09-26T04:06:21.553+0000] {docker.py:438} INFO - drwxr-xr-x 2    1000 1000     4096 Sep 18 09:09 scripts
[2025-09-26T04:06:21.553+0000] {docker.py:438} INFO - -rw-r--r-- 1    1000 1000     2034 Sep 25 10:52 stress_test.json
[2025-09-26T04:06:21.553+0000] {docker.py:438} INFO - -rw-r--r-- 1    1000 1000      367 Sep 17 07:24 test_params.json
[2025-09-26T04:06:21.554+0000] {docker.py:438} INFO - Starting continuous container restart experiment...
[2025-09-26T04:06:22.756+0000] {docker.py:438} INFO - [32m[2025-09-26 04:06:22 INFO] Validating the experiment's syntax
[2025-09-26T04:06:23.183+0000] {docker.py:438} INFO - [32m[2025-09-26 04:06:23 INFO] Experiment looks valid
[2025-09-26T04:06:23.185+0000] {docker.py:438} INFO - [32m[2025-09-26 04:06:23 INFO] Running experiment: Continuous Container Restart Experiment
[2025-09-26T04:06:23.188+0000] {docker.py:438} INFO - [32m[2025-09-26 04:06:23 INFO] Steady-state strategy: default
[2025-09-26T04:06:23.189+0000] {docker.py:438} INFO - [32m[2025-09-26 04:06:23 INFO] Rollbacks strategy: default
[2025-09-26T04:06:23.189+0000] {docker.py:438} INFO - [32m[2025-09-26 04:06:23 INFO] No steady state hypothesis defined. That's ok, just exploring.
[2025-09-26T04:06:23.190+0000] {docker.py:438} INFO - [32m[2025-09-26 04:06:23 INFO] Playing your experiment's method now...
[2025-09-26T04:06:23.190+0000] {docker.py:438} INFO - [32m[2025-09-26 04:06:23 INFO] Action: continuous-container-restart
[2025-09-26T04:08:38.315+0000] {local_task_job_runner.py:346} WARNING - State of this instance has been externally set to restarting. Terminating instance.
[2025-09-26T04:08:38.315+0000] {local_task_job_runner.py:245} INFO - ::endgroup::
[2025-09-26T04:08:38.317+0000] {process_utils.py:132} INFO - Sending 15 to group 188. PIDs of all processes in the group: [188]
[2025-09-26T04:08:38.317+0000] {process_utils.py:87} INFO - Sending the signal 15 to group 188
[2025-09-26T04:08:38.317+0000] {taskinstance.py:3092} ERROR - Received SIGTERM. Terminating subprocesses.
[2025-09-26T04:08:38.318+0000] {docker.py:533} INFO - Stopping docker container
[2025-09-26T04:08:38.592+0000] {taskinstance.py:3310} ERROR - Task failed with exception
Traceback (most recent call last):
  File "/home/airflow/.local/lib/python3.11/site-packages/airflow/models/taskinstance.py", line 767, in _execute_task
    result = _execute_callable(context=context, **execute_callable_kwargs)
             ^^^^^^^^^^^^^^^^^^^^^^^^^^^^^^^^^^^^^^^^^^^^^^^^^^^^^^^^^^^^^
  File "/home/airflow/.local/lib/python3.11/site-packages/airflow/models/taskinstance.py", line 733, in _execute_callable
    return ExecutionCallableRunner(
           ^^^^^^^^^^^^^^^^^^^^^^^^
  File "/home/airflow/.local/lib/python3.11/site-packages/airflow/utils/operator_helpers.py", line 252, in run
    return self.func(*args, **kwargs)
           ^^^^^^^^^^^^^^^^^^^^^^^^^^
  File "/home/airflow/.local/lib/python3.11/site-packages/airflow/models/baseoperator.py", line 406, in wrapper
    return func(self, *args, **kwargs)
           ^^^^^^^^^^^^^^^^^^^^^^^^^^^
  File "/home/airflow/.local/lib/python3.11/site-packages/airflow/providers/docker/operators/docker.py", line 513, in execute
    return self._run_image()
           ^^^^^^^^^^^^^^^^^
  File "/home/airflow/.local/lib/python3.11/site-packages/airflow/providers/docker/operators/docker.py", line 384, in _run_image
    return self._run_image_with_mounts(self.mounts, add_tmp_variable=False)
           ^^^^^^^^^^^^^^^^^^^^^^^^^^^^^^^^^^^^^^^^^^^^^^^^^^^^^^^^^^^^^^^^
  File "/home/airflow/.local/lib/python3.11/site-packages/airflow/providers/docker/operators/docker.py", line 434, in _run_image_with_mounts
    for log_chunk in logstream:
  File "/home/airflow/.local/lib/python3.11/site-packages/docker/types/daemon.py", line 29, in __next__
    return next(self._stream)
           ^^^^^^^^^^^^^^^^^^
  File "/home/airflow/.local/lib/python3.11/site-packages/docker/api/client.py", line 438, in <genexpr>
    gen = (data for (_, data) in gen)
          ^^^^^^^^^^^^^^^^^^^^^^^^^^^
  File "/home/airflow/.local/lib/python3.11/site-packages/docker/utils/socket.py", line 112, in frames_iter_no_tty
    (stream, n) = next_frame_header(socket)
                  ^^^^^^^^^^^^^^^^^^^^^^^^^
  File "/home/airflow/.local/lib/python3.11/site-packages/docker/utils/socket.py", line 84, in next_frame_header
    data = read_exactly(socket, 8)
           ^^^^^^^^^^^^^^^^^^^^^^^
  File "/home/airflow/.local/lib/python3.11/site-packages/docker/utils/socket.py", line 69, in read_exactly
    next_data = read(socket, n - len(data))
                ^^^^^^^^^^^^^^^^^^^^^^^^^^^
  File "/home/airflow/.local/lib/python3.11/site-packages/docker/utils/socket.py", line 40, in read
    poll.poll()
  File "/home/airflow/.local/lib/python3.11/site-packages/airflow/models/taskinstance.py", line 3094, in signal_handler
    raise AirflowTaskTerminated("Task received SIGTERM signal")
airflow.exceptions.AirflowTaskTerminated: Task received SIGTERM signal
[2025-09-26T04:08:38.616+0000] {taskinstance.py:1225} INFO - Marking task as UP_FOR_RETRY. dag_id=Container_Restart, task_id=apply_container_restart_docker, run_id=manual__2025-09-26T04:06:05.581320+00:00, execution_date=20250926T040605, start_date=20250926T040612, end_date=20250926T040838
[2025-09-26T04:08:38.639+0000] {taskinstance.py:340} INFO - ::group::Post task execution logs
[2025-09-26T04:08:38.652+0000] {process_utils.py:80} INFO - Process psutil.Process(pid=188, status='terminated', exitcode=2, started='04:06:12') (188) terminated with exit code 2
