[2025-09-26T12:32:20.172+0000] {local_task_job_runner.py:123} INFO - ::group::Pre task execution logs
[2025-09-26T12:32:20.185+0000] {taskinstance.py:2612} INFO - Dependencies all met for dep_context=non-requeueable deps ti=<TaskInstance: Cordon_Uncordon_Node.apply_cordon_uncordon_node manual__2025-09-26T12:32:14.846763+00:00 [queued]>
[2025-09-26T12:32:20.191+0000] {taskinstance.py:2612} INFO - Dependencies all met for dep_context=requeueable deps ti=<TaskInstance: Cordon_Uncordon_Node.apply_cordon_uncordon_node manual__2025-09-26T12:32:14.846763+00:00 [queued]>
[2025-09-26T12:32:20.192+0000] {taskinstance.py:2865} INFO - Starting attempt 1 of 1
[2025-09-26T12:32:20.204+0000] {taskinstance.py:2888} INFO - Executing <Task(DockerOperator): apply_cordon_uncordon_node> on 2025-09-26 12:32:14.846763+00:00
[2025-09-26T12:32:20.210+0000] {standard_task_runner.py:72} INFO - Started process 231 to run task
[2025-09-26T12:32:20.215+0000] {standard_task_runner.py:104} INFO - Running: ['***', 'tasks', 'run', 'Cordon_Uncordon_Node', 'apply_cordon_uncordon_node', 'manual__2025-09-26T12:32:14.846763+00:00', '--job-id', '336', '--raw', '--subdir', 'DAGS_FOLDER/dag_factory.py', '--cfg-path', '/tmp/tmpiccgc6or']
[2025-09-26T12:32:20.216+0000] {standard_task_runner.py:105} INFO - Job 336: Subtask apply_cordon_uncordon_node
[2025-09-26T12:32:20.268+0000] {task_command.py:467} INFO - Running <TaskInstance: Cordon_Uncordon_Node.apply_cordon_uncordon_node manual__2025-09-26T12:32:14.846763+00:00 [running]> on host BNXL-80508-WL.India.XoriantCorp.com
[2025-09-26T12:32:20.352+0000] {taskinstance.py:3131} INFO - Exporting env vars: AIRFLOW_CTX_DAG_OWNER='***' AIRFLOW_CTX_DAG_ID='Cordon_Uncordon_Node' AIRFLOW_CTX_TASK_ID='apply_cordon_uncordon_node' AIRFLOW_CTX_EXECUTION_DATE='2025-09-26T12:32:14.846763+00:00' AIRFLOW_CTX_TRY_NUMBER='1' AIRFLOW_CTX_DAG_RUN_ID='manual__2025-09-26T12:32:14.846763+00:00'
[2025-09-26T12:32:20.353+0000] {taskinstance.py:731} INFO - ::endgroup::
[2025-09-26T12:32:20.507+0000] {docker.py:367} INFO - Starting docker container from image ***_chaos:latest
[2025-09-26T12:32:20.786+0000] {docker.py:438} INFO - The container is run as root user. For security, consider using a regular user account.
[2025-09-26T12:32:28.725+0000] {docker.py:438} INFO - 
[2025-09-26T12:32:29.544+0000] {docker.py:438} INFO - [32m[2025-09-26 12:32:29 INFO] Validating the experiment's syntax
[2025-09-26T12:32:29.739+0000] {docker.py:438} INFO - [32m[2025-09-26 12:32:29 INFO] Experiment looks valid
[2025-09-26T12:32:29.740+0000] {docker.py:438} INFO - [32m[2025-09-26 12:32:29 INFO] Running experiment: Cordon-Pod Restart Combined Experiment
[2025-09-26T12:32:29.743+0000] {docker.py:438} INFO - [32m[2025-09-26 12:32:29 INFO] Steady-state strategy: default
[2025-09-26T12:32:29.743+0000] {docker.py:438} INFO - [32m[2025-09-26 12:32:29 INFO] Rollbacks strategy: default
[2025-09-26T12:32:29.743+0000] {docker.py:438} INFO - [32m[2025-09-26 12:32:29 INFO] No steady state hypothesis defined. That's ok, just exploring.
[2025-09-26T12:32:29.744+0000] {docker.py:438} INFO - [32m[2025-09-26 12:32:29 INFO] Playing your experiment's method now...
[2025-09-26T12:32:29.744+0000] {docker.py:438} INFO - [32m[2025-09-26 12:32:29 INFO] Action: cordon-nodes
[2025-09-26T12:32:36.631+0000] {docker.py:438} INFO - [32m[2025-09-26 12:32:36 INFO] Action: continuous-pod-restart-during-cordon
[2025-09-26T12:37:12.140+0000] {job.py:229} INFO - Heartbeat recovered after 34.57 seconds
[2025-09-26T12:38:10.652+0000] {job.py:229} INFO - Heartbeat recovered after 53.31 seconds
[2025-09-26T12:38:18.570+0000] {docker.py:438} INFO - [32m[2025-09-26 12:38:18 INFO] Let's rollback...
[2025-09-26T12:38:18.571+0000] {docker.py:438} INFO - [32m[2025-09-26 12:38:18 INFO] Rollback: uncordon-all-nodes
[2025-09-26T12:38:18.571+0000] {docker.py:438} INFO - [32m[2025-09-26 12:38:18 INFO] Action: uncordon-all-nodes
[2025-09-26T12:38:29.916+0000] {docker.py:438} INFO - [32m[2025-09-26 12:38:29 INFO] Experiment ended with status: completed
[2025-09-26T12:38:29.917+0000] {docker.py:438} INFO - 🚀 Starting continuous pod restart experiment
[2025-09-26T12:38:29.918+0000] {docker.py:438} INFO - 📅 Interval: 20 seconds
[2025-09-26T12:38:29.918+0000] {docker.py:438} INFO - ⏱️  Duration: 300 seconds
[2025-09-26T12:38:29.918+0000] {docker.py:438} INFO - 🎯 Target: app=post-storage-service
[2025-09-26T12:38:29.919+0000] {docker.py:438} INFO - 📍 Namespace: default
[2025-09-26T12:38:29.919+0000] {docker.py:438} INFO - 
[2025-09-26T12:38:29.919+0000] {docker.py:438} INFO - ==================================================
[2025-09-26T12:38:29.919+0000] {docker.py:438} INFO - 🔄 Restart #1 at 2025-09-26 12:32:36
[2025-09-26T12:38:29.919+0000] {docker.py:438} INFO - ==================================================
[2025-09-26T12:38:29.920+0000] {docker.py:438} INFO - Hello world - terminate function started!
[2025-09-26T12:38:29.920+0000] {docker.py:438} INFO - Selecting pods with label_selector: app=post-storage-service
[2025-09-26T12:38:29.920+0000] {docker.py:438} INFO - Found 1 pods initially
[2025-09-26T12:38:29.920+0000] {docker.py:438} INFO - Random selection: 1 pods
[2025-09-26T12:38:29.920+0000] {docker.py:438} INFO - Deleting pod: post-storage-service-7848f6bcbf-rv75b
[2025-09-26T12:38:29.920+0000] {docker.py:438} INFO - Deleted 1 pods: ['post-storage-service-7848f6bcbf-rv75b']
[2025-09-26T12:38:29.921+0000] {docker.py:438} INFO - ✅ Successfully restarted pods: ['post-storage-service-7848f6bcbf-rv75b']
[2025-09-26T12:38:29.921+0000] {docker.py:438} INFO - ⏳ Waiting 20 seconds until next restart...
[2025-09-26T12:38:29.921+0000] {docker.py:438} INFO - 📊 Time remaining: 298 seconds
[2025-09-26T12:38:29.922+0000] {docker.py:438} INFO - 
[2025-09-26T12:38:29.922+0000] {docker.py:438} INFO - ==================================================
[2025-09-26T12:38:29.922+0000] {docker.py:438} INFO - 🔄 Restart #2 at 2025-09-26 12:32:58
[2025-09-26T12:38:29.923+0000] {docker.py:438} INFO - ==================================================
[2025-09-26T12:38:29.927+0000] {docker.py:438} INFO - Hello world - terminate function started!
[2025-09-26T12:38:29.928+0000] {docker.py:438} INFO - Selecting pods with label_selector: app=post-storage-service
[2025-09-26T12:38:29.928+0000] {docker.py:438} INFO - Found 2 pods initially
[2025-09-26T12:38:29.929+0000] {docker.py:438} INFO - Random selection: 1 pods
[2025-09-26T12:38:29.929+0000] {docker.py:438} INFO - Deleting pod: post-storage-service-7848f6bcbf-rv75b
[2025-09-26T12:38:29.929+0000] {docker.py:438} INFO - Deleted 1 pods: ['post-storage-service-7848f6bcbf-rv75b']
[2025-09-26T12:38:29.930+0000] {docker.py:438} INFO - ✅ Successfully restarted pods: ['post-storage-service-7848f6bcbf-rv75b']
[2025-09-26T12:38:29.930+0000] {docker.py:438} INFO - ⏳ Waiting 20 seconds until next restart...
[2025-09-26T12:38:29.930+0000] {docker.py:438} INFO - 📊 Time remaining: 273 seconds
[2025-09-26T12:38:29.931+0000] {docker.py:438} INFO - 
[2025-09-26T12:38:29.931+0000] {docker.py:438} INFO - ==================================================
[2025-09-26T12:38:29.931+0000] {docker.py:438} INFO - 🔄 Restart #3 at 2025-09-26 12:33:24
[2025-09-26T12:38:29.932+0000] {docker.py:438} INFO - ==================================================
[2025-09-26T12:38:29.932+0000] {docker.py:438} INFO - Hello world - terminate function started!
[2025-09-26T12:38:29.932+0000] {docker.py:438} INFO - Selecting pods with label_selector: app=post-storage-service
[2025-09-26T12:38:29.932+0000] {docker.py:438} INFO - Found 1 pods initially
[2025-09-26T12:38:29.933+0000] {docker.py:438} INFO - Random selection: 1 pods
[2025-09-26T12:38:29.933+0000] {docker.py:438} INFO - Deleting pod: post-storage-service-7848f6bcbf-lf6f2
[2025-09-26T12:38:29.933+0000] {docker.py:438} INFO - Deleted 1 pods: ['post-storage-service-7848f6bcbf-lf6f2']
[2025-09-26T12:38:29.933+0000] {docker.py:438} INFO - ✅ Successfully restarted pods: ['post-storage-service-7848f6bcbf-lf6f2']
[2025-09-26T12:38:29.934+0000] {docker.py:438} INFO - ⏳ Waiting 20 seconds until next restart...
[2025-09-26T12:38:29.934+0000] {docker.py:438} INFO - 📊 Time remaining: 244 seconds
[2025-09-26T12:38:29.934+0000] {docker.py:438} INFO - 
[2025-09-26T12:38:29.934+0000] {docker.py:438} INFO - ==================================================
[2025-09-26T12:38:29.935+0000] {docker.py:438} INFO - 🔄 Restart #4 at 2025-09-26 12:33:52
[2025-09-26T12:38:29.935+0000] {docker.py:438} INFO - ==================================================
[2025-09-26T12:38:29.935+0000] {docker.py:438} INFO - Hello world - terminate function started!
[2025-09-26T12:38:29.936+0000] {docker.py:438} INFO - Selecting pods with label_selector: app=post-storage-service
[2025-09-26T12:38:29.936+0000] {docker.py:438} INFO - Found 1 pods initially
[2025-09-26T12:38:29.936+0000] {docker.py:438} INFO - Random selection: 1 pods
[2025-09-26T12:38:29.936+0000] {docker.py:438} INFO - Deleting pod: post-storage-service-7848f6bcbf-mqws2
[2025-09-26T12:38:29.937+0000] {docker.py:438} INFO - Deleted 1 pods: ['post-storage-service-7848f6bcbf-mqws2']
[2025-09-26T12:38:29.937+0000] {docker.py:438} INFO - ✅ Successfully restarted pods: ['post-storage-service-7848f6bcbf-mqws2']
[2025-09-26T12:38:29.937+0000] {docker.py:438} INFO - ⏳ Waiting 20 seconds until next restart...
[2025-09-26T12:38:29.938+0000] {docker.py:438} INFO - 📊 Time remaining: 221 seconds
[2025-09-26T12:38:29.938+0000] {docker.py:438} INFO - 
[2025-09-26T12:38:29.939+0000] {docker.py:438} INFO - ==================================================
[2025-09-26T12:38:29.939+0000] {docker.py:438} INFO - 🔄 Restart #5 at 2025-09-26 12:34:15
[2025-09-26T12:38:29.939+0000] {docker.py:438} INFO - ==================================================
[2025-09-26T12:38:29.940+0000] {docker.py:438} INFO - Hello world - terminate function started!
[2025-09-26T12:38:29.940+0000] {docker.py:438} INFO - Selecting pods with label_selector: app=post-storage-service
[2025-09-26T12:38:29.944+0000] {docker.py:438} INFO - Found 1 pods initially
[2025-09-26T12:38:29.946+0000] {docker.py:438} INFO - Random selection: 1 pods
[2025-09-26T12:38:29.947+0000] {docker.py:438} INFO - Deleting pod: post-storage-service-7848f6bcbf-lkr89
[2025-09-26T12:38:29.947+0000] {docker.py:438} INFO - Deleted 1 pods: ['post-storage-service-7848f6bcbf-lkr89']
[2025-09-26T12:38:29.948+0000] {docker.py:438} INFO - ✅ Successfully restarted pods: ['post-storage-service-7848f6bcbf-lkr89']
[2025-09-26T12:38:29.948+0000] {docker.py:438} INFO - ⏳ Waiting 20 seconds until next restart...
[2025-09-26T12:38:29.949+0000] {docker.py:438} INFO - 📊 Time remaining: 196 seconds
[2025-09-26T12:38:29.949+0000] {docker.py:438} INFO - 
[2025-09-26T12:38:29.949+0000] {docker.py:438} INFO - ==================================================
[2025-09-26T12:38:29.949+0000] {docker.py:438} INFO - 🔄 Restart #6 at 2025-09-26 12:34:40
[2025-09-26T12:38:29.950+0000] {docker.py:438} INFO - ==================================================
[2025-09-26T12:38:29.950+0000] {docker.py:438} INFO - Hello world - terminate function started!
[2025-09-26T12:38:29.950+0000] {docker.py:438} INFO - Selecting pods with label_selector: app=post-storage-service
[2025-09-26T12:38:29.950+0000] {docker.py:438} INFO - Found 1 pods initially
[2025-09-26T12:38:29.951+0000] {docker.py:438} INFO - Random selection: 1 pods
[2025-09-26T12:38:29.951+0000] {docker.py:438} INFO - Deleting pod: post-storage-service-7848f6bcbf-msf6x
[2025-09-26T12:38:29.951+0000] {docker.py:438} INFO - Deleted 1 pods: ['post-storage-service-7848f6bcbf-msf6x']
[2025-09-26T12:38:29.952+0000] {docker.py:438} INFO - ✅ Successfully restarted pods: ['post-storage-service-7848f6bcbf-msf6x']
[2025-09-26T12:38:29.952+0000] {docker.py:438} INFO - ⏳ Waiting 20 seconds until next restart...
[2025-09-26T12:38:29.952+0000] {docker.py:438} INFO - 📊 Time remaining: 170 seconds
[2025-09-26T12:38:29.952+0000] {docker.py:438} INFO - 
[2025-09-26T12:38:29.953+0000] {docker.py:438} INFO - ==================================================
[2025-09-26T12:38:29.953+0000] {docker.py:438} INFO - 🔄 Restart #7 at 2025-09-26 12:35:06
[2025-09-26T12:38:29.953+0000] {docker.py:438} INFO - ==================================================
[2025-09-26T12:38:29.953+0000] {docker.py:438} INFO - Hello world - terminate function started!
[2025-09-26T12:38:29.954+0000] {docker.py:438} INFO - Selecting pods with label_selector: app=post-storage-service
[2025-09-26T12:38:29.954+0000] {docker.py:438} INFO - Found 1 pods initially
[2025-09-26T12:38:29.954+0000] {docker.py:438} INFO - Random selection: 1 pods
[2025-09-26T12:38:29.954+0000] {docker.py:438} INFO - Deleting pod: post-storage-service-7848f6bcbf-7clnw
[2025-09-26T12:38:29.955+0000] {docker.py:438} INFO - Deleted 1 pods: ['post-storage-service-7848f6bcbf-7clnw']
[2025-09-26T12:38:29.955+0000] {docker.py:438} INFO - ✅ Successfully restarted pods: ['post-storage-service-7848f6bcbf-7clnw']
[2025-09-26T12:38:29.955+0000] {docker.py:438} INFO - ⏳ Waiting 20 seconds until next restart...
[2025-09-26T12:38:29.956+0000] {docker.py:438} INFO - 📊 Time remaining: 146 seconds
[2025-09-26T12:38:29.956+0000] {docker.py:438} INFO - 
[2025-09-26T12:38:29.956+0000] {docker.py:438} INFO - ==================================================
[2025-09-26T12:38:29.956+0000] {docker.py:438} INFO - 🔄 Restart #8 at 2025-09-26 12:35:30
[2025-09-26T12:38:29.957+0000] {docker.py:438} INFO - ==================================================
[2025-09-26T12:38:29.957+0000] {docker.py:438} INFO - Hello world - terminate function started!
[2025-09-26T12:38:29.957+0000] {docker.py:438} INFO - Selecting pods with label_selector: app=post-storage-service
[2025-09-26T12:38:29.957+0000] {docker.py:438} INFO - Found 1 pods initially
[2025-09-26T12:38:29.958+0000] {docker.py:438} INFO - Random selection: 1 pods
[2025-09-26T12:38:29.958+0000] {docker.py:438} INFO - Deleting pod: post-storage-service-7848f6bcbf-crmlx
[2025-09-26T12:38:29.961+0000] {docker.py:438} INFO - Deleted 1 pods: ['post-storage-service-7848f6bcbf-crmlx']
[2025-09-26T12:38:29.962+0000] {docker.py:438} INFO - ✅ Successfully restarted pods: ['post-storage-service-7848f6bcbf-crmlx']
[2025-09-26T12:38:29.963+0000] {docker.py:438} INFO - ⏳ Waiting 20 seconds until next restart...
[2025-09-26T12:38:29.964+0000] {docker.py:438} INFO - 📊 Time remaining: 124 seconds
[2025-09-26T12:38:29.964+0000] {docker.py:438} INFO - 
[2025-09-26T12:38:29.965+0000] {docker.py:438} INFO - ==================================================
[2025-09-26T12:38:29.968+0000] {docker.py:438} INFO - 🔄 Restart #9 at 2025-09-26 12:35:53
[2025-09-26T12:38:29.968+0000] {docker.py:438} INFO - ==================================================
[2025-09-26T12:38:29.969+0000] {docker.py:438} INFO - Hello world - terminate function started!
[2025-09-26T12:38:29.969+0000] {docker.py:438} INFO - Selecting pods with label_selector: app=post-storage-service
[2025-09-26T12:38:29.969+0000] {docker.py:438} INFO - Found 1 pods initially
[2025-09-26T12:38:29.970+0000] {docker.py:438} INFO - Random selection: 1 pods
[2025-09-26T12:38:29.970+0000] {docker.py:438} INFO - Deleting pod: post-storage-service-7848f6bcbf-jgktk
[2025-09-26T12:38:29.970+0000] {docker.py:438} INFO - Deleted 1 pods: ['post-storage-service-7848f6bcbf-jgktk']
[2025-09-26T12:38:29.970+0000] {docker.py:438} INFO - ✅ Successfully restarted pods: ['post-storage-service-7848f6bcbf-jgktk']
[2025-09-26T12:38:29.971+0000] {docker.py:438} INFO - ⏳ Waiting 20 seconds until next restart...
[2025-09-26T12:38:29.971+0000] {docker.py:438} INFO - 📊 Time remaining: 99 seconds
[2025-09-26T12:38:29.971+0000] {docker.py:438} INFO - 
[2025-09-26T12:38:29.971+0000] {docker.py:438} INFO - ==================================================
[2025-09-26T12:38:29.972+0000] {docker.py:438} INFO - 🔄 Restart #10 at 2025-09-26 12:36:17
[2025-09-26T12:38:29.972+0000] {docker.py:438} INFO - ==================================================
[2025-09-26T12:38:29.972+0000] {docker.py:438} INFO - Hello world - terminate function started!
[2025-09-26T12:38:29.972+0000] {docker.py:438} INFO - Selecting pods with label_selector: app=post-storage-service
[2025-09-26T12:38:29.972+0000] {docker.py:438} INFO - Found 1 pods initially
[2025-09-26T12:38:29.973+0000] {docker.py:438} INFO - Random selection: 1 pods
[2025-09-26T12:38:29.973+0000] {docker.py:438} INFO - Deleting pod: post-storage-service-7848f6bcbf-lr4hf
[2025-09-26T12:38:29.973+0000] {docker.py:438} INFO - Deleted 1 pods: ['post-storage-service-7848f6bcbf-lr4hf']
[2025-09-26T12:38:29.973+0000] {docker.py:438} INFO - ✅ Successfully restarted pods: ['post-storage-service-7848f6bcbf-lr4hf']
[2025-09-26T12:38:29.973+0000] {docker.py:438} INFO - ⏳ Waiting 20 seconds until next restart...
[2025-09-26T12:38:29.973+0000] {docker.py:438} INFO - 📊 Time remaining: 77 seconds
[2025-09-26T12:38:29.974+0000] {docker.py:438} INFO - 
[2025-09-26T12:38:29.974+0000] {docker.py:438} INFO - ==================================================
[2025-09-26T12:38:29.974+0000] {docker.py:438} INFO - 🔄 Restart #11 at 2025-09-26 12:36:39
[2025-09-26T12:38:29.975+0000] {docker.py:438} INFO - ==================================================
[2025-09-26T12:38:29.975+0000] {docker.py:438} INFO - Hello world - terminate function started!
[2025-09-26T12:38:29.976+0000] {docker.py:438} INFO - Selecting pods with label_selector: app=post-storage-service
[2025-09-26T12:38:29.976+0000] {docker.py:438} INFO - Found 1 pods initially
[2025-09-26T12:38:29.976+0000] {docker.py:438} INFO - Random selection: 1 pods
[2025-09-26T12:38:29.977+0000] {docker.py:438} INFO - Deleting pod: post-storage-service-7848f6bcbf-r5n48
[2025-09-26T12:38:29.977+0000] {docker.py:438} INFO - Deleted 1 pods: ['post-storage-service-7848f6bcbf-r5n48']
[2025-09-26T12:38:29.977+0000] {docker.py:438} INFO - ✅ Successfully restarted pods: ['post-storage-service-7848f6bcbf-r5n48']
[2025-09-26T12:38:29.977+0000] {docker.py:438} INFO - ⏳ Waiting 20 seconds until next restart...
[2025-09-26T12:38:29.978+0000] {docker.py:438} INFO - 📊 Time remaining: 29 seconds
[2025-09-26T12:38:29.978+0000] {docker.py:438} INFO - 
[2025-09-26T12:38:29.978+0000] {docker.py:438} INFO - ==================================================
[2025-09-26T12:38:29.979+0000] {docker.py:438} INFO - 🔄 Restart #12 at 2025-09-26 12:37:28
[2025-09-26T12:38:29.979+0000] {docker.py:438} INFO - ==================================================
[2025-09-26T12:38:29.980+0000] {docker.py:438} INFO - Hello world - terminate function started!
[2025-09-26T12:38:29.980+0000] {docker.py:438} INFO - Selecting pods with label_selector: app=post-storage-service
[2025-09-26T12:38:29.981+0000] {docker.py:438} INFO - Found 1 pods initially
[2025-09-26T12:38:29.981+0000] {docker.py:438} INFO - Random selection: 1 pods
[2025-09-26T12:38:29.982+0000] {docker.py:438} INFO - Deleting pod: post-storage-service-7848f6bcbf-tbznd
[2025-09-26T12:38:29.983+0000] {docker.py:438} INFO - Deleted 1 pods: ['post-storage-service-7848f6bcbf-tbznd']
[2025-09-26T12:38:29.983+0000] {docker.py:438} INFO - ✅ Successfully restarted pods: ['post-storage-service-7848f6bcbf-tbznd']
[2025-09-26T12:38:29.985+0000] {docker.py:438} INFO - ⏰ Less than 20 seconds remaining, stopping experiment
[2025-09-26T12:38:29.985+0000] {docker.py:438} INFO - 
[2025-09-26T12:38:29.986+0000] {docker.py:438} INFO - ==================================================
[2025-09-26T12:38:29.986+0000] {docker.py:438} INFO - 🏁 Experiment Completed!
[2025-09-26T12:38:29.986+0000] {docker.py:438} INFO - ==================================================
[2025-09-26T12:38:29.987+0000] {docker.py:438} INFO - 📈 Total restarts performed: 12
[2025-09-26T12:38:29.987+0000] {docker.py:438} INFO - ⏱️  Total duration: 342 seconds
[2025-09-26T12:38:29.987+0000] {docker.py:438} INFO - 📊 Average interval: 28.5 seconds
[2025-09-26T12:38:30.655+0000] {taskinstance.py:340} INFO - ::group::Post task execution logs
[2025-09-26T12:38:30.655+0000] {taskinstance.py:352} INFO - Marking task as SUCCESS. dag_id=Cordon_Uncordon_Node, task_id=apply_cordon_uncordon_node, run_id=manual__2025-09-26T12:32:14.846763+00:00, execution_date=20250926T123214, start_date=20250926T123220, end_date=20250926T123830
[2025-09-26T12:38:30.723+0000] {local_task_job_runner.py:266} INFO - Task exited with return code 0
[2025-09-26T12:38:30.749+0000] {taskinstance.py:3900} INFO - 0 downstream tasks scheduled from follow-on schedule check
[2025-09-26T12:38:30.762+0000] {local_task_job_runner.py:245} INFO - ::endgroup::
