[2025-09-26T12:46:09.364+0000] {local_task_job_runner.py:123} INFO - ::group::Pre task execution logs
[2025-09-26T12:46:09.394+0000] {taskinstance.py:2612} INFO - Dependencies all met for dep_context=non-requeueable deps ti=<TaskInstance: Cordon_Uncordon_Node.apply_cordon_uncordon_node manual__2025-09-26T12:32:14.846763+00:00 [queued]>
[2025-09-26T12:46:09.408+0000] {taskinstance.py:2612} INFO - Dependencies all met for dep_context=requeueable deps ti=<TaskInstance: Cordon_Uncordon_Node.apply_cordon_uncordon_node manual__2025-09-26T12:32:14.846763+00:00 [queued]>
[2025-09-26T12:46:09.409+0000] {taskinstance.py:2865} INFO - Starting attempt 2 of 2
[2025-09-26T12:46:09.434+0000] {taskinstance.py:2888} INFO - Executing <Task(DockerOperator): apply_cordon_uncordon_node> on 2025-09-26 12:32:14.846763+00:00
[2025-09-26T12:46:09.445+0000] {standard_task_runner.py:72} INFO - Started process 234 to run task
[2025-09-26T12:46:09.451+0000] {standard_task_runner.py:104} INFO - Running: ['***', 'tasks', 'run', 'Cordon_Uncordon_Node', 'apply_cordon_uncordon_node', 'manual__2025-09-26T12:32:14.846763+00:00', '--job-id', '337', '--raw', '--subdir', 'DAGS_FOLDER/dag_factory.py', '--cfg-path', '/tmp/tmpm5nn0kgb']
[2025-09-26T12:46:09.452+0000] {standard_task_runner.py:105} INFO - Job 337: Subtask apply_cordon_uncordon_node
[2025-09-26T12:46:09.521+0000] {task_command.py:467} INFO - Running <TaskInstance: Cordon_Uncordon_Node.apply_cordon_uncordon_node manual__2025-09-26T12:32:14.846763+00:00 [running]> on host BNXL-80508-WL.India.XoriantCorp.com
[2025-09-26T12:46:09.659+0000] {taskinstance.py:3131} INFO - Exporting env vars: AIRFLOW_CTX_DAG_OWNER='***' AIRFLOW_CTX_DAG_ID='Cordon_Uncordon_Node' AIRFLOW_CTX_TASK_ID='apply_cordon_uncordon_node' AIRFLOW_CTX_EXECUTION_DATE='2025-09-26T12:32:14.846763+00:00' AIRFLOW_CTX_TRY_NUMBER='2' AIRFLOW_CTX_DAG_RUN_ID='manual__2025-09-26T12:32:14.846763+00:00'
[2025-09-26T12:46:09.661+0000] {taskinstance.py:731} INFO - ::endgroup::
[2025-09-26T12:46:09.851+0000] {docker.py:367} INFO - Starting docker container from image ***_chaos:latest
[2025-09-26T12:46:10.663+0000] {docker.py:438} INFO - The container is run as root user. For security, consider using a regular user account.
[2025-09-26T12:46:24.030+0000] {docker.py:438} INFO - 
[2025-09-26T12:46:26.007+0000] {docker.py:438} INFO - [32m[2025-09-26 12:46:26 INFO] Validating the experiment's syntax
[2025-09-26T12:46:26.209+0000] {docker.py:438} INFO - [32m[2025-09-26 12:46:26 INFO] Experiment looks valid
[2025-09-26T12:46:26.210+0000] {docker.py:438} INFO - [32m[2025-09-26 12:46:26 INFO] Running experiment: Cordon-Pod Restart Combined Experiment
[2025-09-26T12:46:26.212+0000] {docker.py:438} INFO - [32m[2025-09-26 12:46:26 INFO] Steady-state strategy: default
[2025-09-26T12:46:26.212+0000] {docker.py:438} INFO - [32m[2025-09-26 12:46:26 INFO] Rollbacks strategy: default
[2025-09-26T12:46:26.212+0000] {docker.py:438} INFO - [32m[2025-09-26 12:46:26 INFO] No steady state hypothesis defined. That's ok, just exploring.
[2025-09-26T12:46:26.212+0000] {docker.py:438} INFO - [32m[2025-09-26 12:46:26 INFO] Playing your experiment's method now...
[2025-09-26T12:46:26.213+0000] {docker.py:438} INFO - [32m[2025-09-26 12:46:26 INFO] Action: cordon-nodes
[2025-09-26T12:46:33.185+0000] {docker.py:438} INFO - [32m[2025-09-26 12:46:33 INFO] Action: continuous-pod-restart-during-cordon
[2025-09-26T12:51:23.456+0000] {docker.py:438} INFO - [32m[2025-09-26 12:51:23 INFO] Let's rollback...
[2025-09-26T12:51:23.456+0000] {docker.py:438} INFO - [32m[2025-09-26 12:51:23 INFO] Rollback: uncordon-all-nodes
[2025-09-26T12:51:23.457+0000] {docker.py:438} INFO - [32m[2025-09-26 12:51:23 INFO] Action: uncordon-all-nodes
[2025-09-26T12:51:28.466+0000] {docker.py:438} INFO - [32m[2025-09-26 12:51:28 INFO] Experiment ended with status: completed
[2025-09-26T12:51:28.467+0000] {docker.py:438} INFO - 🚀 Starting continuous pod restart experiment
[2025-09-26T12:51:28.467+0000] {docker.py:438} INFO - 📅 Interval: 20 seconds
[2025-09-26T12:51:28.468+0000] {docker.py:438} INFO - ⏱️  Duration: 300 seconds
[2025-09-26T12:51:28.468+0000] {docker.py:438} INFO - 🎯 Target: app=post-storage-service
[2025-09-26T12:51:28.468+0000] {docker.py:438} INFO - 📍 Namespace: default
[2025-09-26T12:51:28.468+0000] {docker.py:438} INFO - 
[2025-09-26T12:51:28.469+0000] {docker.py:438} INFO - ==================================================
[2025-09-26T12:51:28.469+0000] {docker.py:438} INFO - 🔄 Restart #1 at 2025-09-26 12:46:33
[2025-09-26T12:51:28.469+0000] {docker.py:438} INFO - ==================================================
[2025-09-26T12:51:28.469+0000] {docker.py:438} INFO - Hello world - terminate function started!
[2025-09-26T12:51:28.469+0000] {docker.py:438} INFO - Selecting pods with label_selector: app=post-storage-service
[2025-09-26T12:51:28.469+0000] {docker.py:438} INFO - Found 1 pods initially
[2025-09-26T12:51:28.470+0000] {docker.py:438} INFO - Random selection: 1 pods
[2025-09-26T12:51:28.470+0000] {docker.py:438} INFO - Deleting pod: post-storage-service-7848f6bcbf-dp48j
[2025-09-26T12:51:28.470+0000] {docker.py:438} INFO - Deleted 1 pods: ['post-storage-service-7848f6bcbf-dp48j']
[2025-09-26T12:51:28.470+0000] {docker.py:438} INFO - ✅ Successfully restarted pods: ['post-storage-service-7848f6bcbf-dp48j']
[2025-09-26T12:51:28.470+0000] {docker.py:438} INFO - ⏳ Waiting 20 seconds until next restart...
[2025-09-26T12:51:28.470+0000] {docker.py:438} INFO - 📊 Time remaining: 298 seconds
[2025-09-26T12:51:28.470+0000] {docker.py:438} INFO - 
[2025-09-26T12:51:28.471+0000] {docker.py:438} INFO - ==================================================
[2025-09-26T12:51:28.471+0000] {docker.py:438} INFO - 🔄 Restart #2 at 2025-09-26 12:46:55
[2025-09-26T12:51:28.471+0000] {docker.py:438} INFO - ==================================================
[2025-09-26T12:51:28.471+0000] {docker.py:438} INFO - Hello world - terminate function started!
[2025-09-26T12:51:28.471+0000] {docker.py:438} INFO - Selecting pods with label_selector: app=post-storage-service
[2025-09-26T12:51:28.472+0000] {docker.py:438} INFO - Found 2 pods initially
[2025-09-26T12:51:28.472+0000] {docker.py:438} INFO - Random selection: 1 pods
[2025-09-26T12:51:28.472+0000] {docker.py:438} INFO - Deleting pod: post-storage-service-7848f6bcbf-dp48j
[2025-09-26T12:51:28.472+0000] {docker.py:438} INFO - Deleted 1 pods: ['post-storage-service-7848f6bcbf-dp48j']
[2025-09-26T12:51:28.472+0000] {docker.py:438} INFO - ✅ Successfully restarted pods: ['post-storage-service-7848f6bcbf-dp48j']
[2025-09-26T12:51:28.472+0000] {docker.py:438} INFO - ⏳ Waiting 20 seconds until next restart...
[2025-09-26T12:51:28.473+0000] {docker.py:438} INFO - 📊 Time remaining: 276 seconds
[2025-09-26T12:51:28.473+0000] {docker.py:438} INFO - 
[2025-09-26T12:51:28.473+0000] {docker.py:438} INFO - ==================================================
[2025-09-26T12:51:28.473+0000] {docker.py:438} INFO - 🔄 Restart #3 at 2025-09-26 12:47:17
[2025-09-26T12:51:28.473+0000] {docker.py:438} INFO - ==================================================
[2025-09-26T12:51:28.473+0000] {docker.py:438} INFO - Hello world - terminate function started!
[2025-09-26T12:51:28.473+0000] {docker.py:438} INFO - Selecting pods with label_selector: app=post-storage-service
[2025-09-26T12:51:28.473+0000] {docker.py:438} INFO - Found 1 pods initially
[2025-09-26T12:51:28.474+0000] {docker.py:438} INFO - Random selection: 1 pods
[2025-09-26T12:51:28.474+0000] {docker.py:438} INFO - Deleting pod: post-storage-service-7848f6bcbf-hx87b
[2025-09-26T12:51:28.474+0000] {docker.py:438} INFO - Deleted 1 pods: ['post-storage-service-7848f6bcbf-hx87b']
[2025-09-26T12:51:28.474+0000] {docker.py:438} INFO - ✅ Successfully restarted pods: ['post-storage-service-7848f6bcbf-hx87b']
[2025-09-26T12:51:28.474+0000] {docker.py:438} INFO - ⏳ Waiting 20 seconds until next restart...
[2025-09-26T12:51:28.474+0000] {docker.py:438} INFO - 📊 Time remaining: 253 seconds
[2025-09-26T12:51:28.474+0000] {docker.py:438} INFO - 
[2025-09-26T12:51:28.475+0000] {docker.py:438} INFO - ==================================================
[2025-09-26T12:51:28.475+0000] {docker.py:438} INFO - 🔄 Restart #4 at 2025-09-26 12:47:39
[2025-09-26T12:51:28.475+0000] {docker.py:438} INFO - ==================================================
[2025-09-26T12:51:28.475+0000] {docker.py:438} INFO - Hello world - terminate function started!
[2025-09-26T12:51:28.475+0000] {docker.py:438} INFO - Selecting pods with label_selector: app=post-storage-service
[2025-09-26T12:51:28.475+0000] {docker.py:438} INFO - Found 1 pods initially
[2025-09-26T12:51:28.475+0000] {docker.py:438} INFO - Random selection: 1 pods
[2025-09-26T12:51:28.475+0000] {docker.py:438} INFO - Deleting pod: post-storage-service-7848f6bcbf-6kmlz
[2025-09-26T12:51:28.475+0000] {docker.py:438} INFO - Deleted 1 pods: ['post-storage-service-7848f6bcbf-6kmlz']
[2025-09-26T12:51:28.476+0000] {docker.py:438} INFO - ✅ Successfully restarted pods: ['post-storage-service-7848f6bcbf-6kmlz']
[2025-09-26T12:51:28.476+0000] {docker.py:438} INFO - ⏳ Waiting 20 seconds until next restart...
[2025-09-26T12:51:28.476+0000] {docker.py:438} INFO - 📊 Time remaining: 230 seconds
[2025-09-26T12:51:28.476+0000] {docker.py:438} INFO - 
[2025-09-26T12:51:28.476+0000] {docker.py:438} INFO - ==================================================
[2025-09-26T12:51:28.476+0000] {docker.py:438} INFO - 🔄 Restart #5 at 2025-09-26 12:48:02
[2025-09-26T12:51:28.477+0000] {docker.py:438} INFO - ==================================================
[2025-09-26T12:51:28.477+0000] {docker.py:438} INFO - Hello world - terminate function started!
[2025-09-26T12:51:28.477+0000] {docker.py:438} INFO - Selecting pods with label_selector: app=post-storage-service
[2025-09-26T12:51:28.477+0000] {docker.py:438} INFO - Found 1 pods initially
[2025-09-26T12:51:28.477+0000] {docker.py:438} INFO - Random selection: 1 pods
[2025-09-26T12:51:28.477+0000] {docker.py:438} INFO - Deleting pod: post-storage-service-7848f6bcbf-p7h69
[2025-09-26T12:51:28.477+0000] {docker.py:438} INFO - Deleted 1 pods: ['post-storage-service-7848f6bcbf-p7h69']
[2025-09-26T12:51:28.478+0000] {docker.py:438} INFO - ✅ Successfully restarted pods: ['post-storage-service-7848f6bcbf-p7h69']
[2025-09-26T12:51:28.478+0000] {docker.py:438} INFO - ⏳ Waiting 20 seconds until next restart...
[2025-09-26T12:51:28.478+0000] {docker.py:438} INFO - 📊 Time remaining: 208 seconds
[2025-09-26T12:51:28.478+0000] {docker.py:438} INFO - 
[2025-09-26T12:51:28.478+0000] {docker.py:438} INFO - ==================================================
[2025-09-26T12:51:28.478+0000] {docker.py:438} INFO - 🔄 Restart #6 at 2025-09-26 12:48:24
[2025-09-26T12:51:28.479+0000] {docker.py:438} INFO - ==================================================
[2025-09-26T12:51:28.479+0000] {docker.py:438} INFO - Hello world - terminate function started!
[2025-09-26T12:51:28.479+0000] {docker.py:438} INFO - Selecting pods with label_selector: app=post-storage-service
[2025-09-26T12:51:28.479+0000] {docker.py:438} INFO - Found 1 pods initially
[2025-09-26T12:51:28.479+0000] {docker.py:438} INFO - Random selection: 1 pods
[2025-09-26T12:51:28.479+0000] {docker.py:438} INFO - Deleting pod: post-storage-service-7848f6bcbf-hfnv7
[2025-09-26T12:51:28.479+0000] {docker.py:438} INFO - Deleted 1 pods: ['post-storage-service-7848f6bcbf-hfnv7']
[2025-09-26T12:51:28.480+0000] {docker.py:438} INFO - ✅ Successfully restarted pods: ['post-storage-service-7848f6bcbf-hfnv7']
[2025-09-26T12:51:28.480+0000] {docker.py:438} INFO - ⏳ Waiting 20 seconds until next restart...
[2025-09-26T12:51:28.480+0000] {docker.py:438} INFO - 📊 Time remaining: 185 seconds
[2025-09-26T12:51:28.480+0000] {docker.py:438} INFO - 
[2025-09-26T12:51:28.480+0000] {docker.py:438} INFO - ==================================================
[2025-09-26T12:51:28.480+0000] {docker.py:438} INFO - 🔄 Restart #7 at 2025-09-26 12:48:48
[2025-09-26T12:51:28.480+0000] {docker.py:438} INFO - ==================================================
[2025-09-26T12:51:28.480+0000] {docker.py:438} INFO - Hello world - terminate function started!
[2025-09-26T12:51:28.481+0000] {docker.py:438} INFO - Selecting pods with label_selector: app=post-storage-service
[2025-09-26T12:51:28.481+0000] {docker.py:438} INFO - Found 1 pods initially
[2025-09-26T12:51:28.481+0000] {docker.py:438} INFO - Random selection: 1 pods
[2025-09-26T12:51:28.481+0000] {docker.py:438} INFO - Deleting pod: post-storage-service-7848f6bcbf-s72rs
[2025-09-26T12:51:28.481+0000] {docker.py:438} INFO - Deleted 1 pods: ['post-storage-service-7848f6bcbf-s72rs']
[2025-09-26T12:51:28.481+0000] {docker.py:438} INFO - ✅ Successfully restarted pods: ['post-storage-service-7848f6bcbf-s72rs']
[2025-09-26T12:51:28.482+0000] {docker.py:438} INFO - ⏳ Waiting 20 seconds until next restart...
[2025-09-26T12:51:28.482+0000] {docker.py:438} INFO - 📊 Time remaining: 163 seconds
[2025-09-26T12:51:28.482+0000] {docker.py:438} INFO - 
[2025-09-26T12:51:28.482+0000] {docker.py:438} INFO - ==================================================
[2025-09-26T12:51:28.482+0000] {docker.py:438} INFO - 🔄 Restart #8 at 2025-09-26 12:49:10
[2025-09-26T12:51:28.482+0000] {docker.py:438} INFO - ==================================================
[2025-09-26T12:51:28.482+0000] {docker.py:438} INFO - Hello world - terminate function started!
[2025-09-26T12:51:28.482+0000] {docker.py:438} INFO - Selecting pods with label_selector: app=post-storage-service
[2025-09-26T12:51:28.482+0000] {docker.py:438} INFO - Found 1 pods initially
[2025-09-26T12:51:28.483+0000] {docker.py:438} INFO - Random selection: 1 pods
[2025-09-26T12:51:28.483+0000] {docker.py:438} INFO - Deleting pod: post-storage-service-7848f6bcbf-gvqlw
[2025-09-26T12:51:28.483+0000] {docker.py:438} INFO - Deleted 1 pods: ['post-storage-service-7848f6bcbf-gvqlw']
[2025-09-26T12:51:28.483+0000] {docker.py:438} INFO - ✅ Successfully restarted pods: ['post-storage-service-7848f6bcbf-gvqlw']
[2025-09-26T12:51:28.483+0000] {docker.py:438} INFO - ⏳ Waiting 20 seconds until next restart...
[2025-09-26T12:51:28.483+0000] {docker.py:438} INFO - 📊 Time remaining: 141 seconds
[2025-09-26T12:51:28.483+0000] {docker.py:438} INFO - 
[2025-09-26T12:51:28.483+0000] {docker.py:438} INFO - ==================================================
[2025-09-26T12:51:28.484+0000] {docker.py:438} INFO - 🔄 Restart #9 at 2025-09-26 12:49:32
[2025-09-26T12:51:28.484+0000] {docker.py:438} INFO - ==================================================
[2025-09-26T12:51:28.484+0000] {docker.py:438} INFO - Hello world - terminate function started!
[2025-09-26T12:51:28.484+0000] {docker.py:438} INFO - Selecting pods with label_selector: app=post-storage-service
[2025-09-26T12:51:28.484+0000] {docker.py:438} INFO - Found 1 pods initially
[2025-09-26T12:51:28.484+0000] {docker.py:438} INFO - Random selection: 1 pods
[2025-09-26T12:51:28.484+0000] {docker.py:438} INFO - Deleting pod: post-storage-service-7848f6bcbf-7bljt
[2025-09-26T12:51:28.484+0000] {docker.py:438} INFO - Deleted 1 pods: ['post-storage-service-7848f6bcbf-7bljt']
[2025-09-26T12:51:28.484+0000] {docker.py:438} INFO - ✅ Successfully restarted pods: ['post-storage-service-7848f6bcbf-7bljt']
[2025-09-26T12:51:28.485+0000] {docker.py:438} INFO - ⏳ Waiting 20 seconds until next restart...
[2025-09-26T12:51:28.485+0000] {docker.py:438} INFO - 📊 Time remaining: 119 seconds
[2025-09-26T12:51:28.485+0000] {docker.py:438} INFO - 
[2025-09-26T12:51:28.485+0000] {docker.py:438} INFO - ==================================================
[2025-09-26T12:51:28.485+0000] {docker.py:438} INFO - 🔄 Restart #10 at 2025-09-26 12:49:54
[2025-09-26T12:51:28.485+0000] {docker.py:438} INFO - ==================================================
[2025-09-26T12:51:28.485+0000] {docker.py:438} INFO - Hello world - terminate function started!
[2025-09-26T12:51:28.486+0000] {docker.py:438} INFO - Selecting pods with label_selector: app=post-storage-service
[2025-09-26T12:51:28.486+0000] {docker.py:438} INFO - Found 1 pods initially
[2025-09-26T12:51:28.486+0000] {docker.py:438} INFO - Random selection: 1 pods
[2025-09-26T12:51:28.486+0000] {docker.py:438} INFO - Deleting pod: post-storage-service-7848f6bcbf-wk92g
[2025-09-26T12:51:28.486+0000] {docker.py:438} INFO - Deleted 1 pods: ['post-storage-service-7848f6bcbf-wk92g']
[2025-09-26T12:51:28.486+0000] {docker.py:438} INFO - ✅ Successfully restarted pods: ['post-storage-service-7848f6bcbf-wk92g']
[2025-09-26T12:51:28.486+0000] {docker.py:438} INFO - ⏳ Waiting 20 seconds until next restart...
[2025-09-26T12:51:28.486+0000] {docker.py:438} INFO - 📊 Time remaining: 97 seconds
[2025-09-26T12:51:28.486+0000] {docker.py:438} INFO - 
[2025-09-26T12:51:28.487+0000] {docker.py:438} INFO - ==================================================
[2025-09-26T12:51:28.487+0000] {docker.py:438} INFO - 🔄 Restart #11 at 2025-09-26 12:50:15
[2025-09-26T12:51:28.487+0000] {docker.py:438} INFO - ==================================================
[2025-09-26T12:51:28.487+0000] {docker.py:438} INFO - Hello world - terminate function started!
[2025-09-26T12:51:28.487+0000] {docker.py:438} INFO - Selecting pods with label_selector: app=post-storage-service
[2025-09-26T12:51:28.487+0000] {docker.py:438} INFO - Found 1 pods initially
[2025-09-26T12:51:28.487+0000] {docker.py:438} INFO - Random selection: 1 pods
[2025-09-26T12:51:28.488+0000] {docker.py:438} INFO - Deleting pod: post-storage-service-7848f6bcbf-vs4qq
[2025-09-26T12:51:28.488+0000] {docker.py:438} INFO - Deleted 1 pods: ['post-storage-service-7848f6bcbf-vs4qq']
[2025-09-26T12:51:28.488+0000] {docker.py:438} INFO - ✅ Successfully restarted pods: ['post-storage-service-7848f6bcbf-vs4qq']
[2025-09-26T12:51:28.488+0000] {docker.py:438} INFO - ⏳ Waiting 20 seconds until next restart...
[2025-09-26T12:51:28.489+0000] {docker.py:438} INFO - 📊 Time remaining: 75 seconds
[2025-09-26T12:51:28.489+0000] {docker.py:438} INFO - 
[2025-09-26T12:51:28.489+0000] {docker.py:438} INFO - ==================================================
[2025-09-26T12:51:28.489+0000] {docker.py:438} INFO - 🔄 Restart #12 at 2025-09-26 12:50:37
[2025-09-26T12:51:28.489+0000] {docker.py:438} INFO - ==================================================
[2025-09-26T12:51:28.489+0000] {docker.py:438} INFO - Hello world - terminate function started!
[2025-09-26T12:51:28.490+0000] {docker.py:438} INFO - Selecting pods with label_selector: app=post-storage-service
[2025-09-26T12:51:28.490+0000] {docker.py:438} INFO - Found 1 pods initially
[2025-09-26T12:51:28.490+0000] {docker.py:438} INFO - Random selection: 1 pods
[2025-09-26T12:51:28.490+0000] {docker.py:438} INFO - Deleting pod: post-storage-service-7848f6bcbf-grr9f
[2025-09-26T12:51:28.490+0000] {docker.py:438} INFO - Deleted 1 pods: ['post-storage-service-7848f6bcbf-grr9f']
[2025-09-26T12:51:28.490+0000] {docker.py:438} INFO - ✅ Successfully restarted pods: ['post-storage-service-7848f6bcbf-grr9f']
[2025-09-26T12:51:28.490+0000] {docker.py:438} INFO - ⏳ Waiting 20 seconds until next restart...
[2025-09-26T12:51:28.491+0000] {docker.py:438} INFO - 📊 Time remaining: 53 seconds
[2025-09-26T12:51:28.491+0000] {docker.py:438} INFO - 
[2025-09-26T12:51:28.491+0000] {docker.py:438} INFO - ==================================================
[2025-09-26T12:51:28.491+0000] {docker.py:438} INFO - 🔄 Restart #13 at 2025-09-26 12:50:59
[2025-09-26T12:51:28.491+0000] {docker.py:438} INFO - ==================================================
[2025-09-26T12:51:28.491+0000] {docker.py:438} INFO - Hello world - terminate function started!
[2025-09-26T12:51:28.492+0000] {docker.py:438} INFO - Selecting pods with label_selector: app=post-storage-service
[2025-09-26T12:51:28.492+0000] {docker.py:438} INFO - Found 1 pods initially
[2025-09-26T12:51:28.492+0000] {docker.py:438} INFO - Random selection: 1 pods
[2025-09-26T12:51:28.492+0000] {docker.py:438} INFO - Deleting pod: post-storage-service-7848f6bcbf-rbz24
[2025-09-26T12:51:28.492+0000] {docker.py:438} INFO - Deleted 1 pods: ['post-storage-service-7848f6bcbf-rbz24']
[2025-09-26T12:51:28.492+0000] {docker.py:438} INFO - ✅ Successfully restarted pods: ['post-storage-service-7848f6bcbf-rbz24']
[2025-09-26T12:51:28.493+0000] {docker.py:438} INFO - ⏳ Waiting 20 seconds until next restart...
[2025-09-26T12:51:28.493+0000] {docker.py:438} INFO - 📊 Time remaining: 31 seconds
[2025-09-26T12:51:28.493+0000] {docker.py:438} INFO - 
[2025-09-26T12:51:28.493+0000] {docker.py:438} INFO - ==================================================
[2025-09-26T12:51:28.493+0000] {docker.py:438} INFO - 🔄 Restart #14 at 2025-09-26 12:51:21
[2025-09-26T12:51:28.493+0000] {docker.py:438} INFO - ==================================================
[2025-09-26T12:51:28.494+0000] {docker.py:438} INFO - Hello world - terminate function started!
[2025-09-26T12:51:28.494+0000] {docker.py:438} INFO - Selecting pods with label_selector: app=post-storage-service
[2025-09-26T12:51:28.494+0000] {docker.py:438} INFO - Found 1 pods initially
[2025-09-26T12:51:28.494+0000] {docker.py:438} INFO - Random selection: 1 pods
[2025-09-26T12:51:28.494+0000] {docker.py:438} INFO - Deleting pod: post-storage-service-7848f6bcbf-x5mnj
[2025-09-26T12:51:28.494+0000] {docker.py:438} INFO - Deleted 1 pods: ['post-storage-service-7848f6bcbf-x5mnj']
[2025-09-26T12:51:28.494+0000] {docker.py:438} INFO - ✅ Successfully restarted pods: ['post-storage-service-7848f6bcbf-x5mnj']
[2025-09-26T12:51:28.494+0000] {docker.py:438} INFO - ⏰ Less than 20 seconds remaining, stopping experiment
[2025-09-26T12:51:28.494+0000] {docker.py:438} INFO - 
[2025-09-26T12:51:28.495+0000] {docker.py:438} INFO - ==================================================
[2025-09-26T12:51:28.495+0000] {docker.py:438} INFO - 🏁 Experiment Completed!
[2025-09-26T12:51:28.495+0000] {docker.py:438} INFO - ==================================================
[2025-09-26T12:51:28.495+0000] {docker.py:438} INFO - 📈 Total restarts performed: 14
[2025-09-26T12:51:28.495+0000] {docker.py:438} INFO - ⏱️  Total duration: 290 seconds
[2025-09-26T12:51:28.495+0000] {docker.py:438} INFO - 📊 Average interval: 20.7 seconds
[2025-09-26T12:51:28.785+0000] {taskinstance.py:340} INFO - ::group::Post task execution logs
[2025-09-26T12:51:28.786+0000] {taskinstance.py:352} INFO - Marking task as SUCCESS. dag_id=Cordon_Uncordon_Node, task_id=apply_cordon_uncordon_node, run_id=manual__2025-09-26T12:32:14.846763+00:00, execution_date=20250926T123214, start_date=20250926T124609, end_date=20250926T125128
[2025-09-26T12:51:28.841+0000] {local_task_job_runner.py:266} INFO - Task exited with return code 0
[2025-09-26T12:51:28.857+0000] {taskinstance.py:3900} INFO - 0 downstream tasks scheduled from follow-on schedule check
[2025-09-26T12:51:28.859+0000] {local_task_job_runner.py:245} INFO - ::endgroup::
